<!doctype html public "-//w3c//dtd html 4.0 transitional//en">
<html><head>
<title>Static Call Graph - [.\Objects\My_AT32_Demo.axf]</title></head>
<body><HR>
<H1>Static Call Graph for image .\Objects\My_AT32_Demo.axf</H1><HR>
<BR><P>#&#060CALLGRAPH&#062# ARM Linker, 5060960: Last Updated: Wed Jul 27 13:11:40 2022
<BR><P>
<H3>Maximum Stack Usage =        112 bytes + Unknown(Functions without stacksize, Cycles, Untraceable Function Pointers)</H3><H3>
Call chain for Maximum Stack Depth:</H3>
__rt_entry_main &rArr; main &rArr; system_clock_config &rArr; system_core_clock_update &rArr; __aeabi_uldivmod
<P>
<H3>
Functions with no stack information
</H3><UL>
 <LI><a href="#[53]">__user_initial_stackheap</a>
</UL>
</UL>
<P>
<H3>
Mutually Recursive functions
</H3> <LI><a href="#[20]">ADC1_IRQHandler</a>&nbsp;&nbsp;&nbsp;&rArr;&nbsp;&nbsp;&nbsp;<a href="#[20]">ADC1_IRQHandler</a><BR>
</UL>
<P>
<H3>
Function Pointers
</H3><UL>
 <LI><a href="#[20]">ADC1_IRQHandler</a> from startup_at32wb415.o(.text) referenced from startup_at32wb415.o(RESET)
 <LI><a href="#[8]">BusFault_Handler</a> from at32wb415_int.o(i.BusFault_Handler) referenced from startup_at32wb415.o(RESET)
 <LI><a href="#[22]">CAN1_RX0_IRQHandler</a> from startup_at32wb415.o(.text) referenced from startup_at32wb415.o(RESET)
 <LI><a href="#[23]">CAN1_RX1_IRQHandler</a> from startup_at32wb415.o(.text) referenced from startup_at32wb415.o(RESET)
 <LI><a href="#[24]">CAN1_SE_IRQHandler</a> from startup_at32wb415.o(.text) referenced from startup_at32wb415.o(RESET)
 <LI><a href="#[21]">CAN1_TX_IRQHandler</a> from startup_at32wb415.o(.text) referenced from startup_at32wb415.o(RESET)
 <LI><a href="#[3d]">CMP1_IRQHandler</a> from startup_at32wb415.o(.text) referenced from startup_at32wb415.o(RESET)
 <LI><a href="#[3e]">CMP2_IRQHandler</a> from startup_at32wb415.o(.text) referenced from startup_at32wb415.o(RESET)
 <LI><a href="#[13]">CRM_IRQHandler</a> from startup_at32wb415.o(.text) referenced from startup_at32wb415.o(RESET)
 <LI><a href="#[19]">DMA1_Channel1_IRQHandler</a> from startup_at32wb415.o(.text) referenced from startup_at32wb415.o(RESET)
 <LI><a href="#[1a]">DMA1_Channel2_IRQHandler</a> from startup_at32wb415.o(.text) referenced from startup_at32wb415.o(RESET)
 <LI><a href="#[1b]">DMA1_Channel3_IRQHandler</a> from startup_at32wb415.o(.text) referenced from startup_at32wb415.o(RESET)
 <LI><a href="#[1c]">DMA1_Channel4_IRQHandler</a> from startup_at32wb415.o(.text) referenced from startup_at32wb415.o(RESET)
 <LI><a href="#[1d]">DMA1_Channel5_IRQHandler</a> from startup_at32wb415.o(.text) referenced from startup_at32wb415.o(RESET)
 <LI><a href="#[1e]">DMA1_Channel6_IRQHandler</a> from startup_at32wb415.o(.text) referenced from startup_at32wb415.o(RESET)
 <LI><a href="#[1f]">DMA1_Channel7_IRQHandler</a> from startup_at32wb415.o(.text) referenced from startup_at32wb415.o(RESET)
 <LI><a href="#[38]">DMA2_Channel1_IRQHandler</a> from startup_at32wb415.o(.text) referenced from startup_at32wb415.o(RESET)
 <LI><a href="#[39]">DMA2_Channel2_IRQHandler</a> from startup_at32wb415.o(.text) referenced from startup_at32wb415.o(RESET)
 <LI><a href="#[3a]">DMA2_Channel3_IRQHandler</a> from startup_at32wb415.o(.text) referenced from startup_at32wb415.o(RESET)
 <LI><a href="#[3b]">DMA2_Channel4_5_IRQHandler</a> from startup_at32wb415.o(.text) referenced from startup_at32wb415.o(RESET)
 <LI><a href="#[3f]">DMA2_Channel6_7_IRQHandler</a> from startup_at32wb415.o(.text) referenced from startup_at32wb415.o(RESET)
 <LI><a href="#[b]">DebugMon_Handler</a> from at32wb415_int.o(i.DebugMon_Handler) referenced from startup_at32wb415.o(RESET)
 <LI><a href="#[34]">ERTCAlarm_IRQHandler</a> from startup_at32wb415.o(.text) referenced from startup_at32wb415.o(RESET)
 <LI><a href="#[11]">ERTC_WKUP_IRQHandler</a> from startup_at32wb415.o(.text) referenced from startup_at32wb415.o(RESET)
 <LI><a href="#[14]">EXINT0_IRQHandler</a> from main.o(i.EXINT0_IRQHandler) referenced from startup_at32wb415.o(RESET)
 <LI><a href="#[33]">EXINT15_10_IRQHandler</a> from startup_at32wb415.o(.text) referenced from startup_at32wb415.o(RESET)
 <LI><a href="#[15]">EXINT1_IRQHandler</a> from startup_at32wb415.o(.text) referenced from startup_at32wb415.o(RESET)
 <LI><a href="#[16]">EXINT2_IRQHandler</a> from startup_at32wb415.o(.text) referenced from startup_at32wb415.o(RESET)
 <LI><a href="#[17]">EXINT3_IRQHandler</a> from startup_at32wb415.o(.text) referenced from startup_at32wb415.o(RESET)
 <LI><a href="#[18]">EXINT4_IRQHandler</a> from startup_at32wb415.o(.text) referenced from startup_at32wb415.o(RESET)
 <LI><a href="#[25]">EXINT9_5_IRQHandler</a> from startup_at32wb415.o(.text) referenced from startup_at32wb415.o(RESET)
 <LI><a href="#[12]">FLASH_IRQHandler</a> from startup_at32wb415.o(.text) referenced from startup_at32wb415.o(RESET)
 <LI><a href="#[6]">HardFault_Handler</a> from at32wb415_int.o(i.HardFault_Handler) referenced from startup_at32wb415.o(RESET)
 <LI><a href="#[2e]">I2C1_ERR_IRQHandler</a> from startup_at32wb415.o(.text) referenced from startup_at32wb415.o(RESET)
 <LI><a href="#[2d]">I2C1_EVT_IRQHandler</a> from startup_at32wb415.o(.text) referenced from startup_at32wb415.o(RESET)
 <LI><a href="#[7]">MemManage_Handler</a> from at32wb415_int.o(i.MemManage_Handler) referenced from startup_at32wb415.o(RESET)
 <LI><a href="#[5]">NMI_Handler</a> from at32wb415_int.o(i.NMI_Handler) referenced from startup_at32wb415.o(RESET)
 <LI><a href="#[3c]">OTGFS1_IRQHandler</a> from startup_at32wb415.o(.text) referenced from startup_at32wb415.o(RESET)
 <LI><a href="#[35]">OTGFS1_WKUP_IRQHandler</a> from startup_at32wb415.o(.text) referenced from startup_at32wb415.o(RESET)
 <LI><a href="#[f]">PVM_IRQHandler</a> from startup_at32wb415.o(.text) referenced from startup_at32wb415.o(RESET)
 <LI><a href="#[c]">PendSV_Handler</a> from at32wb415_int.o(i.PendSV_Handler) referenced from startup_at32wb415.o(RESET)
 <LI><a href="#[4]">Reset_Handler</a> from startup_at32wb415.o(.text) referenced from startup_at32wb415.o(RESET)
 <LI><a href="#[2f]">SPI2_IRQHandler</a> from startup_at32wb415.o(.text) referenced from startup_at32wb415.o(RESET)
 <LI><a href="#[a]">SVC_Handler</a> from at32wb415_int.o(i.SVC_Handler) referenced from startup_at32wb415.o(RESET)
 <LI><a href="#[d]">SysTick_Handler</a> from at32wb415_int.o(i.SysTick_Handler) referenced from startup_at32wb415.o(RESET)
 <LI><a href="#[40]">SystemInit</a> from system_at32wb415.o(i.SystemInit) referenced from startup_at32wb415.o(.text)
 <LI><a href="#[10]">TAMP_STAMP_IRQHandler</a> from startup_at32wb415.o(.text) referenced from startup_at32wb415.o(RESET)
 <LI><a href="#[26]">TMR1_BRK_TMR9_IRQHandler</a> from startup_at32wb415.o(.text) referenced from startup_at32wb415.o(RESET)
 <LI><a href="#[29]">TMR1_CH_IRQHandler</a> from startup_at32wb415.o(.text) referenced from startup_at32wb415.o(RESET)
 <LI><a href="#[27]">TMR1_OVF_TMR10_IRQHandler</a> from startup_at32wb415.o(.text) referenced from startup_at32wb415.o(RESET)
 <LI><a href="#[28]">TMR1_TRG_HALL_TMR11_IRQHandler</a> from startup_at32wb415.o(.text) referenced from startup_at32wb415.o(RESET)
 <LI><a href="#[2a]">TMR2_GLOBAL_IRQHandler</a> from startup_at32wb415.o(.text) referenced from startup_at32wb415.o(RESET)
 <LI><a href="#[2b]">TMR3_GLOBAL_IRQHandler</a> from startup_at32wb415.o(.text) referenced from startup_at32wb415.o(RESET)
 <LI><a href="#[2c]">TMR4_GLOBAL_IRQHandler</a> from startup_at32wb415.o(.text) referenced from startup_at32wb415.o(RESET)
 <LI><a href="#[36]">TMR5_GLOBAL_IRQHandler</a> from startup_at32wb415.o(.text) referenced from startup_at32wb415.o(RESET)
 <LI><a href="#[37]">UART5_IRQHandler</a> from startup_at32wb415.o(.text) referenced from startup_at32wb415.o(RESET)
 <LI><a href="#[30]">USART1_IRQHandler</a> from startup_at32wb415.o(.text) referenced from startup_at32wb415.o(RESET)
 <LI><a href="#[31]">USART2_IRQHandler</a> from startup_at32wb415.o(.text) referenced from startup_at32wb415.o(RESET)
 <LI><a href="#[32]">USART3_IRQHandler</a> from startup_at32wb415.o(.text) referenced from startup_at32wb415.o(RESET)
 <LI><a href="#[9]">UsageFault_Handler</a> from at32wb415_int.o(i.UsageFault_Handler) referenced from startup_at32wb415.o(RESET)
 <LI><a href="#[e]">WWDT_IRQHandler</a> from startup_at32wb415.o(.text) referenced from startup_at32wb415.o(RESET)
 <LI><a href="#[42]">__main</a> from __main.o(!!!main) referenced from startup_at32wb415.o(.text)
</UL>
<P>
<H3>
Global Symbols
</H3>
<P><STRONG><a name="[42]"></a>__main</STRONG> (Thumb, 8 bytes, Stack size 0 bytes, __main.o(!!!main))
<BR><BR>[Calls]<UL><LI><a href="#[43]">&gt;&gt;</a>&nbsp;&nbsp;&nbsp;__scatterload
<LI><a href="#[44]">&gt;&gt;</a>&nbsp;&nbsp;&nbsp;__rt_entry
</UL>

<P><STRONG><a name="[43]"></a>__scatterload</STRONG> (Thumb, 0 bytes, Stack size unknown bytes, __scatter.o(!!!scatter))
<BR><BR>[Called By]<UL><LI><a href="#[42]">&gt;&gt;</a>&nbsp;&nbsp;&nbsp;__main
</UL>

<P><STRONG><a name="[45]"></a>__scatterload_rt2</STRONG> (Thumb, 44 bytes, Stack size unknown bytes, __scatter.o(!!!scatter), UNUSED)
<BR><BR>[Calls]<UL><LI><a href="#[44]">&gt;&gt;</a>&nbsp;&nbsp;&nbsp;__rt_entry
</UL>

<P><STRONG><a name="[76]"></a>__scatterload_rt2_thumb_only</STRONG> (Thumb, 0 bytes, Stack size unknown bytes, __scatter.o(!!!scatter), UNUSED)

<P><STRONG><a name="[77]"></a>__scatterload_null</STRONG> (Thumb, 0 bytes, Stack size unknown bytes, __scatter.o(!!!scatter), UNUSED)

<P><STRONG><a name="[46]"></a>__scatterload_copy</STRONG> (Thumb, 26 bytes, Stack size unknown bytes, __scatter_copy.o(!!handler_copy), UNUSED)
<BR><BR>[Calls]<UL><LI><a href="#[46]">&gt;&gt;</a>&nbsp;&nbsp;&nbsp;__scatterload_copy
</UL>
<BR>[Called By]<UL><LI><a href="#[46]">&gt;&gt;</a>&nbsp;&nbsp;&nbsp;__scatterload_copy
</UL>

<P><STRONG><a name="[78]"></a>__scatterload_zeroinit</STRONG> (Thumb, 28 bytes, Stack size unknown bytes, __scatter_zi.o(!!handler_zi), UNUSED)

<P><STRONG><a name="[4a]"></a>__rt_lib_init</STRONG> (Thumb, 0 bytes, Stack size unknown bytes, libinit.o(.ARM.Collect$$libinit$$00000000))
<BR><BR>[Called By]<UL><LI><a href="#[49]">&gt;&gt;</a>&nbsp;&nbsp;&nbsp;__rt_entry_li
</UL>

<P><STRONG><a name="[79]"></a>__rt_lib_init_alloca_1</STRONG> (Thumb, 0 bytes, Stack size unknown bytes, libinit2.o(.ARM.Collect$$libinit$$0000002E))

<P><STRONG><a name="[7a]"></a>__rt_lib_init_argv_1</STRONG> (Thumb, 0 bytes, Stack size unknown bytes, libinit2.o(.ARM.Collect$$libinit$$0000002C))

<P><STRONG><a name="[7b]"></a>__rt_lib_init_atexit_1</STRONG> (Thumb, 0 bytes, Stack size unknown bytes, libinit2.o(.ARM.Collect$$libinit$$0000001B))

<P><STRONG><a name="[7c]"></a>__rt_lib_init_clock_1</STRONG> (Thumb, 0 bytes, Stack size unknown bytes, libinit2.o(.ARM.Collect$$libinit$$00000021))

<P><STRONG><a name="[7d]"></a>__rt_lib_init_cpp_1</STRONG> (Thumb, 0 bytes, Stack size unknown bytes, libinit2.o(.ARM.Collect$$libinit$$00000032))

<P><STRONG><a name="[7e]"></a>__rt_lib_init_exceptions_1</STRONG> (Thumb, 0 bytes, Stack size unknown bytes, libinit2.o(.ARM.Collect$$libinit$$00000030))

<P><STRONG><a name="[7f]"></a>__rt_lib_init_fp_1</STRONG> (Thumb, 0 bytes, Stack size unknown bytes, libinit2.o(.ARM.Collect$$libinit$$00000002))

<P><STRONG><a name="[80]"></a>__rt_lib_init_fp_trap_1</STRONG> (Thumb, 0 bytes, Stack size unknown bytes, libinit2.o(.ARM.Collect$$libinit$$0000001F))

<P><STRONG><a name="[81]"></a>__rt_lib_init_getenv_1</STRONG> (Thumb, 0 bytes, Stack size unknown bytes, libinit2.o(.ARM.Collect$$libinit$$00000023))

<P><STRONG><a name="[82]"></a>__rt_lib_init_heap_1</STRONG> (Thumb, 0 bytes, Stack size unknown bytes, libinit2.o(.ARM.Collect$$libinit$$0000000A))

<P><STRONG><a name="[83]"></a>__rt_lib_init_lc_collate_1</STRONG> (Thumb, 0 bytes, Stack size unknown bytes, libinit2.o(.ARM.Collect$$libinit$$00000011))

<P><STRONG><a name="[84]"></a>__rt_lib_init_lc_ctype_1</STRONG> (Thumb, 0 bytes, Stack size unknown bytes, libinit2.o(.ARM.Collect$$libinit$$00000013))

<P><STRONG><a name="[85]"></a>__rt_lib_init_lc_monetary_1</STRONG> (Thumb, 0 bytes, Stack size unknown bytes, libinit2.o(.ARM.Collect$$libinit$$00000015))

<P><STRONG><a name="[86]"></a>__rt_lib_init_lc_numeric_1</STRONG> (Thumb, 0 bytes, Stack size unknown bytes, libinit2.o(.ARM.Collect$$libinit$$00000017))

<P><STRONG><a name="[87]"></a>__rt_lib_init_lc_time_1</STRONG> (Thumb, 0 bytes, Stack size unknown bytes, libinit2.o(.ARM.Collect$$libinit$$00000019))

<P><STRONG><a name="[88]"></a>__rt_lib_init_preinit_1</STRONG> (Thumb, 0 bytes, Stack size unknown bytes, libinit2.o(.ARM.Collect$$libinit$$00000004))

<P><STRONG><a name="[89]"></a>__rt_lib_init_rand_1</STRONG> (Thumb, 0 bytes, Stack size unknown bytes, libinit2.o(.ARM.Collect$$libinit$$0000000E))

<P><STRONG><a name="[8a]"></a>__rt_lib_init_return</STRONG> (Thumb, 0 bytes, Stack size unknown bytes, libinit2.o(.ARM.Collect$$libinit$$00000033))

<P><STRONG><a name="[8b]"></a>__rt_lib_init_signal_1</STRONG> (Thumb, 0 bytes, Stack size unknown bytes, libinit2.o(.ARM.Collect$$libinit$$0000001D))

<P><STRONG><a name="[8c]"></a>__rt_lib_init_stdio_1</STRONG> (Thumb, 0 bytes, Stack size unknown bytes, libinit2.o(.ARM.Collect$$libinit$$00000025))

<P><STRONG><a name="[8d]"></a>__rt_lib_init_user_alloc_1</STRONG> (Thumb, 0 bytes, Stack size unknown bytes, libinit2.o(.ARM.Collect$$libinit$$0000000C))

<P><STRONG><a name="[4f]"></a>__rt_lib_shutdown</STRONG> (Thumb, 0 bytes, Stack size unknown bytes, libshutdown.o(.ARM.Collect$$libshutdown$$00000000))
<BR><BR>[Called By]<UL><LI><a href="#[4e]">&gt;&gt;</a>&nbsp;&nbsp;&nbsp;__rt_exit_ls
</UL>

<P><STRONG><a name="[8e]"></a>__rt_lib_shutdown_cpp_1</STRONG> (Thumb, 0 bytes, Stack size unknown bytes, libshutdown2.o(.ARM.Collect$$libshutdown$$00000004))

<P><STRONG><a name="[8f]"></a>__rt_lib_shutdown_fini_1</STRONG> (Thumb, 0 bytes, Stack size unknown bytes, libshutdown2.o(.ARM.Collect$$libshutdown$$00000002))

<P><STRONG><a name="[90]"></a>__rt_lib_shutdown_fp_trap_1</STRONG> (Thumb, 0 bytes, Stack size unknown bytes, libshutdown2.o(.ARM.Collect$$libshutdown$$00000009))

<P><STRONG><a name="[91]"></a>__rt_lib_shutdown_heap_1</STRONG> (Thumb, 0 bytes, Stack size unknown bytes, libshutdown2.o(.ARM.Collect$$libshutdown$$00000011))

<P><STRONG><a name="[92]"></a>__rt_lib_shutdown_return</STRONG> (Thumb, 0 bytes, Stack size unknown bytes, libshutdown2.o(.ARM.Collect$$libshutdown$$00000012))

<P><STRONG><a name="[93]"></a>__rt_lib_shutdown_signal_1</STRONG> (Thumb, 0 bytes, Stack size unknown bytes, libshutdown2.o(.ARM.Collect$$libshutdown$$0000000C))

<P><STRONG><a name="[94]"></a>__rt_lib_shutdown_stdio_1</STRONG> (Thumb, 0 bytes, Stack size unknown bytes, libshutdown2.o(.ARM.Collect$$libshutdown$$00000006))

<P><STRONG><a name="[95]"></a>__rt_lib_shutdown_user_alloc_1</STRONG> (Thumb, 0 bytes, Stack size unknown bytes, libshutdown2.o(.ARM.Collect$$libshutdown$$0000000E))

<P><STRONG><a name="[44]"></a>__rt_entry</STRONG> (Thumb, 0 bytes, Stack size unknown bytes, __rtentry.o(.ARM.Collect$$rtentry$$00000000))
<BR><BR>[Called By]<UL><LI><a href="#[45]">&gt;&gt;</a>&nbsp;&nbsp;&nbsp;__scatterload_rt2
<LI><a href="#[42]">&gt;&gt;</a>&nbsp;&nbsp;&nbsp;__main
</UL>

<P><STRONG><a name="[96]"></a>__rt_entry_presh_1</STRONG> (Thumb, 0 bytes, Stack size unknown bytes, __rtentry2.o(.ARM.Collect$$rtentry$$00000002))

<P><STRONG><a name="[47]"></a>__rt_entry_sh</STRONG> (Thumb, 0 bytes, Stack size unknown bytes, __rtentry4.o(.ARM.Collect$$rtentry$$00000004))
<BR><BR>[Stack]<UL><LI>Max Depth = 8 + Unknown Stack Size
<LI>Call Chain = __rt_entry_sh &rArr; __user_setup_stackheap
</UL>
<BR>[Calls]<UL><LI><a href="#[48]">&gt;&gt;</a>&nbsp;&nbsp;&nbsp;__user_setup_stackheap
</UL>

<P><STRONG><a name="[49]"></a>__rt_entry_li</STRONG> (Thumb, 0 bytes, Stack size unknown bytes, __rtentry2.o(.ARM.Collect$$rtentry$$0000000A))
<BR><BR>[Calls]<UL><LI><a href="#[4a]">&gt;&gt;</a>&nbsp;&nbsp;&nbsp;__rt_lib_init
</UL>

<P><STRONG><a name="[97]"></a>__rt_entry_postsh_1</STRONG> (Thumb, 0 bytes, Stack size unknown bytes, __rtentry2.o(.ARM.Collect$$rtentry$$00000009))

<P><STRONG><a name="[4b]"></a>__rt_entry_main</STRONG> (Thumb, 0 bytes, Stack size unknown bytes, __rtentry2.o(.ARM.Collect$$rtentry$$0000000D))
<BR><BR>[Stack]<UL><LI>Max Depth = 112 + Unknown Stack Size
<LI>Call Chain = __rt_entry_main &rArr; main &rArr; system_clock_config &rArr; system_core_clock_update &rArr; __aeabi_uldivmod
</UL>
<BR>[Calls]<UL><LI><a href="#[4c]">&gt;&gt;</a>&nbsp;&nbsp;&nbsp;main
<LI><a href="#[4d]">&gt;&gt;</a>&nbsp;&nbsp;&nbsp;exit
</UL>

<P><STRONG><a name="[98]"></a>__rt_entry_postli_1</STRONG> (Thumb, 0 bytes, Stack size unknown bytes, __rtentry2.o(.ARM.Collect$$rtentry$$0000000C))

<P><STRONG><a name="[54]"></a>__rt_exit</STRONG> (Thumb, 0 bytes, Stack size unknown bytes, rtexit.o(.ARM.Collect$$rtexit$$00000000))
<BR><BR>[Called By]<UL><LI><a href="#[4d]">&gt;&gt;</a>&nbsp;&nbsp;&nbsp;exit
</UL>

<P><STRONG><a name="[4e]"></a>__rt_exit_ls</STRONG> (Thumb, 0 bytes, Stack size unknown bytes, rtexit2.o(.ARM.Collect$$rtexit$$00000003))
<BR><BR>[Calls]<UL><LI><a href="#[4f]">&gt;&gt;</a>&nbsp;&nbsp;&nbsp;__rt_lib_shutdown
</UL>

<P><STRONG><a name="[99]"></a>__rt_exit_prels_1</STRONG> (Thumb, 0 bytes, Stack size unknown bytes, rtexit2.o(.ARM.Collect$$rtexit$$00000002))

<P><STRONG><a name="[50]"></a>__rt_exit_exit</STRONG> (Thumb, 0 bytes, Stack size unknown bytes, rtexit2.o(.ARM.Collect$$rtexit$$00000004))
<BR><BR>[Calls]<UL><LI><a href="#[51]">&gt;&gt;</a>&nbsp;&nbsp;&nbsp;_sys_exit
</UL>

<P><STRONG><a name="[4]"></a>Reset_Handler</STRONG> (Thumb, 8 bytes, Stack size 0 bytes, startup_at32wb415.o(.text))
<BR>[Address Reference Count : 1]<UL><LI> startup_at32wb415.o(RESET)
</UL>
<P><STRONG><a name="[20]"></a>ADC1_IRQHandler</STRONG> (Thumb, 0 bytes, Stack size 0 bytes, startup_at32wb415.o(.text))
<BR><BR>[Calls]<UL><LI><a href="#[20]">&gt;&gt;</a>&nbsp;&nbsp;&nbsp;ADC1_IRQHandler
</UL>
<BR>[Called By]<UL><LI><a href="#[20]">&gt;&gt;</a>&nbsp;&nbsp;&nbsp;ADC1_IRQHandler
</UL>
<BR>[Address Reference Count : 1]<UL><LI> startup_at32wb415.o(RESET)
</UL>
<P><STRONG><a name="[22]"></a>CAN1_RX0_IRQHandler</STRONG> (Thumb, 0 bytes, Stack size 0 bytes, startup_at32wb415.o(.text))
<BR>[Address Reference Count : 1]<UL><LI> startup_at32wb415.o(RESET)
</UL>
<P><STRONG><a name="[23]"></a>CAN1_RX1_IRQHandler</STRONG> (Thumb, 0 bytes, Stack size 0 bytes, startup_at32wb415.o(.text))
<BR>[Address Reference Count : 1]<UL><LI> startup_at32wb415.o(RESET)
</UL>
<P><STRONG><a name="[24]"></a>CAN1_SE_IRQHandler</STRONG> (Thumb, 0 bytes, Stack size 0 bytes, startup_at32wb415.o(.text))
<BR>[Address Reference Count : 1]<UL><LI> startup_at32wb415.o(RESET)
</UL>
<P><STRONG><a name="[21]"></a>CAN1_TX_IRQHandler</STRONG> (Thumb, 0 bytes, Stack size 0 bytes, startup_at32wb415.o(.text))
<BR>[Address Reference Count : 1]<UL><LI> startup_at32wb415.o(RESET)
</UL>
<P><STRONG><a name="[3d]"></a>CMP1_IRQHandler</STRONG> (Thumb, 0 bytes, Stack size 0 bytes, startup_at32wb415.o(.text))
<BR>[Address Reference Count : 1]<UL><LI> startup_at32wb415.o(RESET)
</UL>
<P><STRONG><a name="[3e]"></a>CMP2_IRQHandler</STRONG> (Thumb, 0 bytes, Stack size 0 bytes, startup_at32wb415.o(.text))
<BR>[Address Reference Count : 1]<UL><LI> startup_at32wb415.o(RESET)
</UL>
<P><STRONG><a name="[13]"></a>CRM_IRQHandler</STRONG> (Thumb, 0 bytes, Stack size 0 bytes, startup_at32wb415.o(.text))
<BR>[Address Reference Count : 1]<UL><LI> startup_at32wb415.o(RESET)
</UL>
<P><STRONG><a name="[19]"></a>DMA1_Channel1_IRQHandler</STRONG> (Thumb, 0 bytes, Stack size 0 bytes, startup_at32wb415.o(.text))
<BR>[Address Reference Count : 1]<UL><LI> startup_at32wb415.o(RESET)
</UL>
<P><STRONG><a name="[1a]"></a>DMA1_Channel2_IRQHandler</STRONG> (Thumb, 0 bytes, Stack size 0 bytes, startup_at32wb415.o(.text))
<BR>[Address Reference Count : 1]<UL><LI> startup_at32wb415.o(RESET)
</UL>
<P><STRONG><a name="[1b]"></a>DMA1_Channel3_IRQHandler</STRONG> (Thumb, 0 bytes, Stack size 0 bytes, startup_at32wb415.o(.text))
<BR>[Address Reference Count : 1]<UL><LI> startup_at32wb415.o(RESET)
</UL>
<P><STRONG><a name="[1c]"></a>DMA1_Channel4_IRQHandler</STRONG> (Thumb, 0 bytes, Stack size 0 bytes, startup_at32wb415.o(.text))
<BR>[Address Reference Count : 1]<UL><LI> startup_at32wb415.o(RESET)
</UL>
<P><STRONG><a name="[1d]"></a>DMA1_Channel5_IRQHandler</STRONG> (Thumb, 0 bytes, Stack size 0 bytes, startup_at32wb415.o(.text))
<BR>[Address Reference Count : 1]<UL><LI> startup_at32wb415.o(RESET)
</UL>
<P><STRONG><a name="[1e]"></a>DMA1_Channel6_IRQHandler</STRONG> (Thumb, 0 bytes, Stack size 0 bytes, startup_at32wb415.o(.text))
<BR>[Address Reference Count : 1]<UL><LI> startup_at32wb415.o(RESET)
</UL>
<P><STRONG><a name="[1f]"></a>DMA1_Channel7_IRQHandler</STRONG> (Thumb, 0 bytes, Stack size 0 bytes, startup_at32wb415.o(.text))
<BR>[Address Reference Count : 1]<UL><LI> startup_at32wb415.o(RESET)
</UL>
<P><STRONG><a name="[38]"></a>DMA2_Channel1_IRQHandler</STRONG> (Thumb, 0 bytes, Stack size 0 bytes, startup_at32wb415.o(.text))
<BR>[Address Reference Count : 1]<UL><LI> startup_at32wb415.o(RESET)
</UL>
<P><STRONG><a name="[39]"></a>DMA2_Channel2_IRQHandler</STRONG> (Thumb, 0 bytes, Stack size 0 bytes, startup_at32wb415.o(.text))
<BR>[Address Reference Count : 1]<UL><LI> startup_at32wb415.o(RESET)
</UL>
<P><STRONG><a name="[3a]"></a>DMA2_Channel3_IRQHandler</STRONG> (Thumb, 0 bytes, Stack size 0 bytes, startup_at32wb415.o(.text))
<BR>[Address Reference Count : 1]<UL><LI> startup_at32wb415.o(RESET)
</UL>
<P><STRONG><a name="[3b]"></a>DMA2_Channel4_5_IRQHandler</STRONG> (Thumb, 0 bytes, Stack size 0 bytes, startup_at32wb415.o(.text))
<BR>[Address Reference Count : 1]<UL><LI> startup_at32wb415.o(RESET)
</UL>
<P><STRONG><a name="[3f]"></a>DMA2_Channel6_7_IRQHandler</STRONG> (Thumb, 0 bytes, Stack size 0 bytes, startup_at32wb415.o(.text))
<BR>[Address Reference Count : 1]<UL><LI> startup_at32wb415.o(RESET)
</UL>
<P><STRONG><a name="[34]"></a>ERTCAlarm_IRQHandler</STRONG> (Thumb, 0 bytes, Stack size 0 bytes, startup_at32wb415.o(.text))
<BR>[Address Reference Count : 1]<UL><LI> startup_at32wb415.o(RESET)
</UL>
<P><STRONG><a name="[11]"></a>ERTC_WKUP_IRQHandler</STRONG> (Thumb, 0 bytes, Stack size 0 bytes, startup_at32wb415.o(.text))
<BR>[Address Reference Count : 1]<UL><LI> startup_at32wb415.o(RESET)
</UL>
<P><STRONG><a name="[33]"></a>EXINT15_10_IRQHandler</STRONG> (Thumb, 0 bytes, Stack size 0 bytes, startup_at32wb415.o(.text))
<BR>[Address Reference Count : 1]<UL><LI> startup_at32wb415.o(RESET)
</UL>
<P><STRONG><a name="[15]"></a>EXINT1_IRQHandler</STRONG> (Thumb, 0 bytes, Stack size 0 bytes, startup_at32wb415.o(.text))
<BR>[Address Reference Count : 1]<UL><LI> startup_at32wb415.o(RESET)
</UL>
<P><STRONG><a name="[16]"></a>EXINT2_IRQHandler</STRONG> (Thumb, 0 bytes, Stack size 0 bytes, startup_at32wb415.o(.text))
<BR>[Address Reference Count : 1]<UL><LI> startup_at32wb415.o(RESET)
</UL>
<P><STRONG><a name="[17]"></a>EXINT3_IRQHandler</STRONG> (Thumb, 0 bytes, Stack size 0 bytes, startup_at32wb415.o(.text))
<BR>[Address Reference Count : 1]<UL><LI> startup_at32wb415.o(RESET)
</UL>
<P><STRONG><a name="[18]"></a>EXINT4_IRQHandler</STRONG> (Thumb, 0 bytes, Stack size 0 bytes, startup_at32wb415.o(.text))
<BR>[Address Reference Count : 1]<UL><LI> startup_at32wb415.o(RESET)
</UL>
<P><STRONG><a name="[25]"></a>EXINT9_5_IRQHandler</STRONG> (Thumb, 0 bytes, Stack size 0 bytes, startup_at32wb415.o(.text))
<BR>[Address Reference Count : 1]<UL><LI> startup_at32wb415.o(RESET)
</UL>
<P><STRONG><a name="[12]"></a>FLASH_IRQHandler</STRONG> (Thumb, 0 bytes, Stack size 0 bytes, startup_at32wb415.o(.text))
<BR>[Address Reference Count : 1]<UL><LI> startup_at32wb415.o(RESET)
</UL>
<P><STRONG><a name="[2e]"></a>I2C1_ERR_IRQHandler</STRONG> (Thumb, 0 bytes, Stack size 0 bytes, startup_at32wb415.o(.text))
<BR>[Address Reference Count : 1]<UL><LI> startup_at32wb415.o(RESET)
</UL>
<P><STRONG><a name="[2d]"></a>I2C1_EVT_IRQHandler</STRONG> (Thumb, 0 bytes, Stack size 0 bytes, startup_at32wb415.o(.text))
<BR>[Address Reference Count : 1]<UL><LI> startup_at32wb415.o(RESET)
</UL>
<P><STRONG><a name="[3c]"></a>OTGFS1_IRQHandler</STRONG> (Thumb, 0 bytes, Stack size 0 bytes, startup_at32wb415.o(.text))
<BR>[Address Reference Count : 1]<UL><LI> startup_at32wb415.o(RESET)
</UL>
<P><STRONG><a name="[35]"></a>OTGFS1_WKUP_IRQHandler</STRONG> (Thumb, 0 bytes, Stack size 0 bytes, startup_at32wb415.o(.text))
<BR>[Address Reference Count : 1]<UL><LI> startup_at32wb415.o(RESET)
</UL>
<P><STRONG><a name="[f]"></a>PVM_IRQHandler</STRONG> (Thumb, 0 bytes, Stack size 0 bytes, startup_at32wb415.o(.text))
<BR>[Address Reference Count : 1]<UL><LI> startup_at32wb415.o(RESET)
</UL>
<P><STRONG><a name="[2f]"></a>SPI2_IRQHandler</STRONG> (Thumb, 0 bytes, Stack size 0 bytes, startup_at32wb415.o(.text))
<BR>[Address Reference Count : 1]<UL><LI> startup_at32wb415.o(RESET)
</UL>
<P><STRONG><a name="[10]"></a>TAMP_STAMP_IRQHandler</STRONG> (Thumb, 0 bytes, Stack size 0 bytes, startup_at32wb415.o(.text))
<BR>[Address Reference Count : 1]<UL><LI> startup_at32wb415.o(RESET)
</UL>
<P><STRONG><a name="[26]"></a>TMR1_BRK_TMR9_IRQHandler</STRONG> (Thumb, 0 bytes, Stack size 0 bytes, startup_at32wb415.o(.text))
<BR>[Address Reference Count : 1]<UL><LI> startup_at32wb415.o(RESET)
</UL>
<P><STRONG><a name="[29]"></a>TMR1_CH_IRQHandler</STRONG> (Thumb, 0 bytes, Stack size 0 bytes, startup_at32wb415.o(.text))
<BR>[Address Reference Count : 1]<UL><LI> startup_at32wb415.o(RESET)
</UL>
<P><STRONG><a name="[27]"></a>TMR1_OVF_TMR10_IRQHandler</STRONG> (Thumb, 0 bytes, Stack size 0 bytes, startup_at32wb415.o(.text))
<BR>[Address Reference Count : 1]<UL><LI> startup_at32wb415.o(RESET)
</UL>
<P><STRONG><a name="[28]"></a>TMR1_TRG_HALL_TMR11_IRQHandler</STRONG> (Thumb, 0 bytes, Stack size 0 bytes, startup_at32wb415.o(.text))
<BR>[Address Reference Count : 1]<UL><LI> startup_at32wb415.o(RESET)
</UL>
<P><STRONG><a name="[2a]"></a>TMR2_GLOBAL_IRQHandler</STRONG> (Thumb, 0 bytes, Stack size 0 bytes, startup_at32wb415.o(.text))
<BR>[Address Reference Count : 1]<UL><LI> startup_at32wb415.o(RESET)
</UL>
<P><STRONG><a name="[2b]"></a>TMR3_GLOBAL_IRQHandler</STRONG> (Thumb, 0 bytes, Stack size 0 bytes, startup_at32wb415.o(.text))
<BR>[Address Reference Count : 1]<UL><LI> startup_at32wb415.o(RESET)
</UL>
<P><STRONG><a name="[2c]"></a>TMR4_GLOBAL_IRQHandler</STRONG> (Thumb, 0 bytes, Stack size 0 bytes, startup_at32wb415.o(.text))
<BR>[Address Reference Count : 1]<UL><LI> startup_at32wb415.o(RESET)
</UL>
<P><STRONG><a name="[36]"></a>TMR5_GLOBAL_IRQHandler</STRONG> (Thumb, 0 bytes, Stack size 0 bytes, startup_at32wb415.o(.text))
<BR>[Address Reference Count : 1]<UL><LI> startup_at32wb415.o(RESET)
</UL>
<P><STRONG><a name="[37]"></a>UART5_IRQHandler</STRONG> (Thumb, 0 bytes, Stack size 0 bytes, startup_at32wb415.o(.text))
<BR>[Address Reference Count : 1]<UL><LI> startup_at32wb415.o(RESET)
</UL>
<P><STRONG><a name="[30]"></a>USART1_IRQHandler</STRONG> (Thumb, 0 bytes, Stack size 0 bytes, startup_at32wb415.o(.text))
<BR>[Address Reference Count : 1]<UL><LI> startup_at32wb415.o(RESET)
</UL>
<P><STRONG><a name="[31]"></a>USART2_IRQHandler</STRONG> (Thumb, 0 bytes, Stack size 0 bytes, startup_at32wb415.o(.text))
<BR>[Address Reference Count : 1]<UL><LI> startup_at32wb415.o(RESET)
</UL>
<P><STRONG><a name="[32]"></a>USART3_IRQHandler</STRONG> (Thumb, 0 bytes, Stack size 0 bytes, startup_at32wb415.o(.text))
<BR>[Address Reference Count : 1]<UL><LI> startup_at32wb415.o(RESET)
</UL>
<P><STRONG><a name="[e]"></a>WWDT_IRQHandler</STRONG> (Thumb, 0 bytes, Stack size 0 bytes, startup_at32wb415.o(.text))
<BR>[Address Reference Count : 1]<UL><LI> startup_at32wb415.o(RESET)
</UL>
<P><STRONG><a name="[53]"></a>__user_initial_stackheap</STRONG> (Thumb, 0 bytes, Stack size unknown bytes, startup_at32wb415.o(.text))
<BR><BR>[Called By]<UL><LI><a href="#[48]">&gt;&gt;</a>&nbsp;&nbsp;&nbsp;__user_setup_stackheap
</UL>

<P><STRONG><a name="[9a]"></a>__use_no_semihosting</STRONG> (Thumb, 2 bytes, Stack size 0 bytes, use_no_semi_2.o(.text), UNUSED)

<P><STRONG><a name="[75]"></a>__aeabi_uldivmod</STRONG> (Thumb, 0 bytes, Stack size 48 bytes, lludivv7m.o(.text))
<BR><BR>[Stack]<UL><LI>Max Depth = 48<LI>Call Chain = __aeabi_uldivmod
</UL>
<BR>[Called By]<UL><LI><a href="#[74]">&gt;&gt;</a>&nbsp;&nbsp;&nbsp;system_core_clock_update
</UL>

<P><STRONG><a name="[9b]"></a>_ll_udiv</STRONG> (Thumb, 238 bytes, Stack size 48 bytes, lludivv7m.o(.text), UNUSED)

<P><STRONG><a name="[9c]"></a>__use_two_region_memory</STRONG> (Thumb, 2 bytes, Stack size 0 bytes, heapauxi.o(.text), UNUSED)

<P><STRONG><a name="[9d]"></a>__rt_heap_escrow$2region</STRONG> (Thumb, 2 bytes, Stack size 0 bytes, heapauxi.o(.text), UNUSED)

<P><STRONG><a name="[9e]"></a>__rt_heap_expand$2region</STRONG> (Thumb, 2 bytes, Stack size 0 bytes, heapauxi.o(.text), UNUSED)

<P><STRONG><a name="[9f]"></a>__I$use$semihosting</STRONG> (Thumb, 0 bytes, Stack size 0 bytes, use_no_semi.o(.text), UNUSED)

<P><STRONG><a name="[a0]"></a>__use_no_semihosting_swi</STRONG> (Thumb, 2 bytes, Stack size 0 bytes, use_no_semi.o(.text), UNUSED)

<P><STRONG><a name="[48]"></a>__user_setup_stackheap</STRONG> (Thumb, 74 bytes, Stack size 8 bytes, sys_stackheap_outer.o(.text))
<BR><BR>[Stack]<UL><LI>Max Depth = 8 + Unknown Stack Size
<LI>Call Chain = __user_setup_stackheap
</UL>
<BR>[Calls]<UL><LI><a href="#[52]">&gt;&gt;</a>&nbsp;&nbsp;&nbsp;__user_perproc_libspace
<LI><a href="#[53]">&gt;&gt;</a>&nbsp;&nbsp;&nbsp;__user_initial_stackheap
</UL>
<BR>[Called By]<UL><LI><a href="#[47]">&gt;&gt;</a>&nbsp;&nbsp;&nbsp;__rt_entry_sh
</UL>

<P><STRONG><a name="[4d]"></a>exit</STRONG> (Thumb, 18 bytes, Stack size 8 bytes, exit.o(.text))
<BR><BR>[Stack]<UL><LI>Max Depth = 8 + Unknown Stack Size
<LI>Call Chain = exit
</UL>
<BR>[Calls]<UL><LI><a href="#[54]">&gt;&gt;</a>&nbsp;&nbsp;&nbsp;__rt_exit
</UL>
<BR>[Called By]<UL><LI><a href="#[4b]">&gt;&gt;</a>&nbsp;&nbsp;&nbsp;__rt_entry_main
</UL>

<P><STRONG><a name="[a1]"></a>__user_libspace</STRONG> (Thumb, 8 bytes, Stack size 0 bytes, libspace.o(.text), UNUSED)

<P><STRONG><a name="[52]"></a>__user_perproc_libspace</STRONG> (Thumb, 0 bytes, Stack size 0 bytes, libspace.o(.text))
<BR><BR>[Called By]<UL><LI><a href="#[48]">&gt;&gt;</a>&nbsp;&nbsp;&nbsp;__user_setup_stackheap
</UL>

<P><STRONG><a name="[a2]"></a>__user_perthread_libspace</STRONG> (Thumb, 0 bytes, Stack size 0 bytes, libspace.o(.text), UNUSED)

<P><STRONG><a name="[8]"></a>BusFault_Handler</STRONG> (Thumb, 4 bytes, Stack size 0 bytes, at32wb415_int.o(i.BusFault_Handler))
<BR>[Address Reference Count : 1]<UL><LI> startup_at32wb415.o(RESET)
</UL>
<P><STRONG><a name="[b]"></a>DebugMon_Handler</STRONG> (Thumb, 2 bytes, Stack size 0 bytes, at32wb415_int.o(i.DebugMon_Handler))
<BR>[Address Reference Count : 1]<UL><LI> startup_at32wb415.o(RESET)
</UL>
<P><STRONG><a name="[14]"></a>EXINT0_IRQHandler</STRONG> (Thumb, 8 bytes, Stack size 8 bytes, main.o(i.EXINT0_IRQHandler))
<BR><BR>[Stack]<UL><LI>Max Depth = 16<LI>Call Chain = EXINT0_IRQHandler &rArr; button_isr
</UL>
<BR>[Calls]<UL><LI><a href="#[55]">&gt;&gt;</a>&nbsp;&nbsp;&nbsp;button_isr
</UL>
<BR>[Address Reference Count : 1]<UL><LI> startup_at32wb415.o(RESET)
</UL>
<P><STRONG><a name="[6]"></a>HardFault_Handler</STRONG> (Thumb, 4 bytes, Stack size 0 bytes, at32wb415_int.o(i.HardFault_Handler))
<BR>[Address Reference Count : 1]<UL><LI> startup_at32wb415.o(RESET)
</UL>
<P><STRONG><a name="[7]"></a>MemManage_Handler</STRONG> (Thumb, 4 bytes, Stack size 0 bytes, at32wb415_int.o(i.MemManage_Handler))
<BR>[Address Reference Count : 1]<UL><LI> startup_at32wb415.o(RESET)
</UL>
<P><STRONG><a name="[5]"></a>NMI_Handler</STRONG> (Thumb, 2 bytes, Stack size 0 bytes, at32wb415_int.o(i.NMI_Handler))
<BR>[Address Reference Count : 1]<UL><LI> startup_at32wb415.o(RESET)
</UL>
<P><STRONG><a name="[c]"></a>PendSV_Handler</STRONG> (Thumb, 2 bytes, Stack size 0 bytes, at32wb415_int.o(i.PendSV_Handler))
<BR>[Address Reference Count : 1]<UL><LI> startup_at32wb415.o(RESET)
</UL>
<P><STRONG><a name="[a]"></a>SVC_Handler</STRONG> (Thumb, 2 bytes, Stack size 0 bytes, at32wb415_int.o(i.SVC_Handler))
<BR>[Address Reference Count : 1]<UL><LI> startup_at32wb415.o(RESET)
</UL>
<P><STRONG><a name="[d]"></a>SysTick_Handler</STRONG> (Thumb, 2 bytes, Stack size 0 bytes, at32wb415_int.o(i.SysTick_Handler))
<BR>[Address Reference Count : 1]<UL><LI> startup_at32wb415.o(RESET)
</UL>
<P><STRONG><a name="[40]"></a>SystemInit</STRONG> (Thumb, 96 bytes, Stack size 0 bytes, system_at32wb415.o(i.SystemInit))
<BR>[Address Reference Count : 1]<UL><LI> startup_at32wb415.o(.text)
</UL>
<P><STRONG><a name="[9]"></a>UsageFault_Handler</STRONG> (Thumb, 4 bytes, Stack size 0 bytes, at32wb415_int.o(i.UsageFault_Handler))
<BR>[Address Reference Count : 1]<UL><LI> startup_at32wb415.o(RESET)
</UL>
<P><STRONG><a name="[51]"></a>_sys_exit</STRONG> (Thumb, 4 bytes, Stack size 0 bytes, at32wb415_board.o(i._sys_exit))
<BR><BR>[Called By]<UL><LI><a href="#[50]">&gt;&gt;</a>&nbsp;&nbsp;&nbsp;__rt_exit_exit
</UL>

<P><STRONG><a name="[56]"></a>at32_board_init</STRONG> (Thumb, 48 bytes, Stack size 8 bytes, at32wb415_board.o(i.at32_board_init))
<BR><BR>[Stack]<UL><LI>Max Depth = 44<LI>Call Chain = at32_board_init &rArr; at32_led_init &rArr; gpio_init
</UL>
<BR>[Calls]<UL><LI><a href="#[57]">&gt;&gt;</a>&nbsp;&nbsp;&nbsp;delay_init
<LI><a href="#[59]">&gt;&gt;</a>&nbsp;&nbsp;&nbsp;at32_led_off
<LI><a href="#[58]">&gt;&gt;</a>&nbsp;&nbsp;&nbsp;at32_led_init
<LI><a href="#[5a]">&gt;&gt;</a>&nbsp;&nbsp;&nbsp;at32_button_init
</UL>
<BR>[Called By]<UL><LI><a href="#[4c]">&gt;&gt;</a>&nbsp;&nbsp;&nbsp;main
</UL>

<P><STRONG><a name="[5a]"></a>at32_button_init</STRONG> (Thumb, 52 bytes, Stack size 16 bytes, at32wb415_board.o(i.at32_button_init))
<BR><BR>[Stack]<UL><LI>Max Depth = 36<LI>Call Chain = at32_button_init &rArr; gpio_init
</UL>
<BR>[Calls]<UL><LI><a href="#[5d]">&gt;&gt;</a>&nbsp;&nbsp;&nbsp;gpio_init
<LI><a href="#[5c]">&gt;&gt;</a>&nbsp;&nbsp;&nbsp;gpio_default_para_init
<LI><a href="#[5b]">&gt;&gt;</a>&nbsp;&nbsp;&nbsp;crm_periph_clock_enable
</UL>
<BR>[Called By]<UL><LI><a href="#[56]">&gt;&gt;</a>&nbsp;&nbsp;&nbsp;at32_board_init
</UL>

<P><STRONG><a name="[58]"></a>at32_led_init</STRONG> (Thumb, 68 bytes, Stack size 16 bytes, at32wb415_board.o(i.at32_led_init))
<BR><BR>[Stack]<UL><LI>Max Depth = 36<LI>Call Chain = at32_led_init &rArr; gpio_init
</UL>
<BR>[Calls]<UL><LI><a href="#[5d]">&gt;&gt;</a>&nbsp;&nbsp;&nbsp;gpio_init
<LI><a href="#[5c]">&gt;&gt;</a>&nbsp;&nbsp;&nbsp;gpio_default_para_init
<LI><a href="#[5b]">&gt;&gt;</a>&nbsp;&nbsp;&nbsp;crm_periph_clock_enable
</UL>
<BR>[Called By]<UL><LI><a href="#[56]">&gt;&gt;</a>&nbsp;&nbsp;&nbsp;at32_board_init
</UL>

<P><STRONG><a name="[59]"></a>at32_led_off</STRONG> (Thumb, 32 bytes, Stack size 0 bytes, at32wb415_board.o(i.at32_led_off))
<BR><BR>[Called By]<UL><LI><a href="#[56]">&gt;&gt;</a>&nbsp;&nbsp;&nbsp;at32_board_init
</UL>

<P><STRONG><a name="[69]"></a>at32_led_toggle</STRONG> (Thumb, 42 bytes, Stack size 0 bytes, at32wb415_board.o(i.at32_led_toggle))
<BR><BR>[Called By]<UL><LI><a href="#[4c]">&gt;&gt;</a>&nbsp;&nbsp;&nbsp;main
</UL>

<P><STRONG><a name="[5e]"></a>button_exint_init</STRONG> (Thumb, 70 bytes, Stack size 16 bytes, main.o(i.button_exint_init))
<BR><BR>[Stack]<UL><LI>Max Depth = 48<LI>Call Chain = button_exint_init &rArr; nvic_irq_enable
</UL>
<BR>[Calls]<UL><LI><a href="#[62]">&gt;&gt;</a>&nbsp;&nbsp;&nbsp;nvic_priority_group_config
<LI><a href="#[63]">&gt;&gt;</a>&nbsp;&nbsp;&nbsp;nvic_irq_enable
<LI><a href="#[5f]">&gt;&gt;</a>&nbsp;&nbsp;&nbsp;gpio_exint_line_config
<LI><a href="#[61]">&gt;&gt;</a>&nbsp;&nbsp;&nbsp;exint_init
<LI><a href="#[60]">&gt;&gt;</a>&nbsp;&nbsp;&nbsp;exint_default_para_init
<LI><a href="#[5b]">&gt;&gt;</a>&nbsp;&nbsp;&nbsp;crm_periph_clock_enable
</UL>
<BR>[Called By]<UL><LI><a href="#[4c]">&gt;&gt;</a>&nbsp;&nbsp;&nbsp;main
</UL>

<P><STRONG><a name="[55]"></a>button_isr</STRONG> (Thumb, 48 bytes, Stack size 8 bytes, main.o(i.button_isr))
<BR><BR>[Stack]<UL><LI>Max Depth = 8<LI>Call Chain = button_isr
</UL>
<BR>[Calls]<UL><LI><a href="#[66]">&gt;&gt;</a>&nbsp;&nbsp;&nbsp;gpio_input_data_bit_read
<LI><a href="#[65]">&gt;&gt;</a>&nbsp;&nbsp;&nbsp;exint_flag_clear
<LI><a href="#[64]">&gt;&gt;</a>&nbsp;&nbsp;&nbsp;delay_ms
</UL>
<BR>[Called By]<UL><LI><a href="#[14]">&gt;&gt;</a>&nbsp;&nbsp;&nbsp;EXINT0_IRQHandler
</UL>

<P><STRONG><a name="[6e]"></a>crm_ahb_div_set</STRONG> (Thumb, 14 bytes, Stack size 0 bytes, at32wb415_crm.o(i.crm_ahb_div_set))
<BR><BR>[Called By]<UL><LI><a href="#[68]">&gt;&gt;</a>&nbsp;&nbsp;&nbsp;system_clock_config
</UL>

<P><STRONG><a name="[70]"></a>crm_apb1_div_set</STRONG> (Thumb, 14 bytes, Stack size 0 bytes, at32wb415_crm.o(i.crm_apb1_div_set))
<BR><BR>[Called By]<UL><LI><a href="#[68]">&gt;&gt;</a>&nbsp;&nbsp;&nbsp;system_clock_config
</UL>

<P><STRONG><a name="[6f]"></a>crm_apb2_div_set</STRONG> (Thumb, 14 bytes, Stack size 0 bytes, at32wb415_crm.o(i.crm_apb2_div_set))
<BR><BR>[Called By]<UL><LI><a href="#[68]">&gt;&gt;</a>&nbsp;&nbsp;&nbsp;system_clock_config
</UL>

<P><STRONG><a name="[71]"></a>crm_auto_step_mode_enable</STRONG> (Thumb, 34 bytes, Stack size 0 bytes, at32wb415_crm.o(i.crm_auto_step_mode_enable))
<BR><BR>[Called By]<UL><LI><a href="#[68]">&gt;&gt;</a>&nbsp;&nbsp;&nbsp;system_clock_config
</UL>

<P><STRONG><a name="[6b]"></a>crm_clock_source_enable</STRONG> (Thumb, 90 bytes, Stack size 0 bytes, at32wb415_crm.o(i.crm_clock_source_enable))
<BR><BR>[Called By]<UL><LI><a href="#[68]">&gt;&gt;</a>&nbsp;&nbsp;&nbsp;system_clock_config
</UL>

<P><STRONG><a name="[6c]"></a>crm_flag_get</STRONG> (Thumb, 42 bytes, Stack size 8 bytes, at32wb415_crm.o(i.crm_flag_get))
<BR><BR>[Stack]<UL><LI>Max Depth = 8<LI>Call Chain = crm_flag_get
</UL>
<BR>[Called By]<UL><LI><a href="#[68]">&gt;&gt;</a>&nbsp;&nbsp;&nbsp;system_clock_config
</UL>

<P><STRONG><a name="[5b]"></a>crm_periph_clock_enable</STRONG> (Thumb, 62 bytes, Stack size 8 bytes, at32wb415_crm.o(i.crm_periph_clock_enable))
<BR><BR>[Stack]<UL><LI>Max Depth = 8<LI>Call Chain = crm_periph_clock_enable
</UL>
<BR>[Called By]<UL><LI><a href="#[58]">&gt;&gt;</a>&nbsp;&nbsp;&nbsp;at32_led_init
<LI><a href="#[5a]">&gt;&gt;</a>&nbsp;&nbsp;&nbsp;at32_button_init
<LI><a href="#[5e]">&gt;&gt;</a>&nbsp;&nbsp;&nbsp;button_exint_init
</UL>

<P><STRONG><a name="[6d]"></a>crm_pll_config</STRONG> (Thumb, 210 bytes, Stack size 12 bytes, at32wb415_crm.o(i.crm_pll_config))
<BR><BR>[Stack]<UL><LI>Max Depth = 12<LI>Call Chain = crm_pll_config
</UL>
<BR>[Called By]<UL><LI><a href="#[68]">&gt;&gt;</a>&nbsp;&nbsp;&nbsp;system_clock_config
</UL>

<P><STRONG><a name="[6a]"></a>crm_reset</STRONG> (Thumb, 90 bytes, Stack size 0 bytes, at32wb415_crm.o(i.crm_reset))
<BR><BR>[Called By]<UL><LI><a href="#[68]">&gt;&gt;</a>&nbsp;&nbsp;&nbsp;system_clock_config
</UL>

<P><STRONG><a name="[72]"></a>crm_sysclk_switch</STRONG> (Thumb, 14 bytes, Stack size 0 bytes, at32wb415_crm.o(i.crm_sysclk_switch))
<BR><BR>[Called By]<UL><LI><a href="#[68]">&gt;&gt;</a>&nbsp;&nbsp;&nbsp;system_clock_config
</UL>

<P><STRONG><a name="[73]"></a>crm_sysclk_switch_status_get</STRONG> (Thumb, 10 bytes, Stack size 0 bytes, at32wb415_crm.o(i.crm_sysclk_switch_status_get))
<BR><BR>[Called By]<UL><LI><a href="#[74]">&gt;&gt;</a>&nbsp;&nbsp;&nbsp;system_core_clock_update
<LI><a href="#[68]">&gt;&gt;</a>&nbsp;&nbsp;&nbsp;system_clock_config
</UL>

<P><STRONG><a name="[57]"></a>delay_init</STRONG> (Thumb, 38 bytes, Stack size 8 bytes, at32wb415_board.o(i.delay_init))
<BR><BR>[Stack]<UL><LI>Max Depth = 8<LI>Call Chain = delay_init
</UL>
<BR>[Calls]<UL><LI><a href="#[67]">&gt;&gt;</a>&nbsp;&nbsp;&nbsp;systick_clock_source_config
</UL>
<BR>[Called By]<UL><LI><a href="#[56]">&gt;&gt;</a>&nbsp;&nbsp;&nbsp;at32_board_init
</UL>

<P><STRONG><a name="[64]"></a>delay_ms</STRONG> (Thumb, 110 bytes, Stack size 0 bytes, at32wb415_board.o(i.delay_ms))
<BR><BR>[Called By]<UL><LI><a href="#[4c]">&gt;&gt;</a>&nbsp;&nbsp;&nbsp;main
<LI><a href="#[55]">&gt;&gt;</a>&nbsp;&nbsp;&nbsp;button_isr
</UL>

<P><STRONG><a name="[60]"></a>exint_default_para_init</STRONG> (Thumb, 14 bytes, Stack size 0 bytes, at32wb415_exint.o(i.exint_default_para_init))
<BR><BR>[Called By]<UL><LI><a href="#[5e]">&gt;&gt;</a>&nbsp;&nbsp;&nbsp;button_exint_init
</UL>

<P><STRONG><a name="[65]"></a>exint_flag_clear</STRONG> (Thumb, 6 bytes, Stack size 0 bytes, at32wb415_exint.o(i.exint_flag_clear))
<BR><BR>[Called By]<UL><LI><a href="#[55]">&gt;&gt;</a>&nbsp;&nbsp;&nbsp;button_isr
</UL>

<P><STRONG><a name="[61]"></a>exint_init</STRONG> (Thumb, 148 bytes, Stack size 0 bytes, at32wb415_exint.o(i.exint_init))
<BR><BR>[Called By]<UL><LI><a href="#[5e]">&gt;&gt;</a>&nbsp;&nbsp;&nbsp;button_exint_init
</UL>

<P><STRONG><a name="[5c]"></a>gpio_default_para_init</STRONG> (Thumb, 22 bytes, Stack size 0 bytes, at32wb415_gpio.o(i.gpio_default_para_init))
<BR><BR>[Called By]<UL><LI><a href="#[58]">&gt;&gt;</a>&nbsp;&nbsp;&nbsp;at32_led_init
<LI><a href="#[5a]">&gt;&gt;</a>&nbsp;&nbsp;&nbsp;at32_button_init
</UL>

<P><STRONG><a name="[5f]"></a>gpio_exint_line_config</STRONG> (Thumb, 158 bytes, Stack size 8 bytes, at32wb415_gpio.o(i.gpio_exint_line_config))
<BR><BR>[Stack]<UL><LI>Max Depth = 8<LI>Call Chain = gpio_exint_line_config
</UL>
<BR>[Called By]<UL><LI><a href="#[5e]">&gt;&gt;</a>&nbsp;&nbsp;&nbsp;button_exint_init
</UL>

<P><STRONG><a name="[5d]"></a>gpio_init</STRONG> (Thumb, 168 bytes, Stack size 20 bytes, at32wb415_gpio.o(i.gpio_init))
<BR><BR>[Stack]<UL><LI>Max Depth = 20<LI>Call Chain = gpio_init
</UL>
<BR>[Called By]<UL><LI><a href="#[58]">&gt;&gt;</a>&nbsp;&nbsp;&nbsp;at32_led_init
<LI><a href="#[5a]">&gt;&gt;</a>&nbsp;&nbsp;&nbsp;at32_button_init
</UL>

<P><STRONG><a name="[66]"></a>gpio_input_data_bit_read</STRONG> (Thumb, 18 bytes, Stack size 0 bytes, at32wb415_gpio.o(i.gpio_input_data_bit_read))
<BR><BR>[Called By]<UL><LI><a href="#[55]">&gt;&gt;</a>&nbsp;&nbsp;&nbsp;button_isr
</UL>

<P><STRONG><a name="[4c]"></a>main</STRONG> (Thumb, 76 bytes, Stack size 0 bytes, main.o(i.main))
<BR><BR>[Stack]<UL><LI>Max Depth = 112<LI>Call Chain = main &rArr; system_clock_config &rArr; system_core_clock_update &rArr; __aeabi_uldivmod
</UL>
<BR>[Calls]<UL><LI><a href="#[64]">&gt;&gt;</a>&nbsp;&nbsp;&nbsp;delay_ms
<LI><a href="#[69]">&gt;&gt;</a>&nbsp;&nbsp;&nbsp;at32_led_toggle
<LI><a href="#[56]">&gt;&gt;</a>&nbsp;&nbsp;&nbsp;at32_board_init
<LI><a href="#[5e]">&gt;&gt;</a>&nbsp;&nbsp;&nbsp;button_exint_init
<LI><a href="#[68]">&gt;&gt;</a>&nbsp;&nbsp;&nbsp;system_clock_config
</UL>
<BR>[Called By]<UL><LI><a href="#[4b]">&gt;&gt;</a>&nbsp;&nbsp;&nbsp;__rt_entry_main
</UL>

<P><STRONG><a name="[63]"></a>nvic_irq_enable</STRONG> (Thumb, 190 bytes, Stack size 32 bytes, at32wb415_misc.o(i.nvic_irq_enable))
<BR><BR>[Stack]<UL><LI>Max Depth = 32<LI>Call Chain = nvic_irq_enable
</UL>
<BR>[Called By]<UL><LI><a href="#[5e]">&gt;&gt;</a>&nbsp;&nbsp;&nbsp;button_exint_init
</UL>

<P><STRONG><a name="[62]"></a>nvic_priority_group_config</STRONG> (Thumb, 32 bytes, Stack size 0 bytes, at32wb415_misc.o(i.nvic_priority_group_config))
<BR><BR>[Called By]<UL><LI><a href="#[5e]">&gt;&gt;</a>&nbsp;&nbsp;&nbsp;button_exint_init
</UL>

<P><STRONG><a name="[68]"></a>system_clock_config</STRONG> (Thumb, 118 bytes, Stack size 8 bytes, at32wb415_clock.o(i.system_clock_config))
<BR><BR>[Stack]<UL><LI>Max Depth = 112<LI>Call Chain = system_clock_config &rArr; system_core_clock_update &rArr; __aeabi_uldivmod
</UL>
<BR>[Calls]<UL><LI><a href="#[74]">&gt;&gt;</a>&nbsp;&nbsp;&nbsp;system_core_clock_update
<LI><a href="#[73]">&gt;&gt;</a>&nbsp;&nbsp;&nbsp;crm_sysclk_switch_status_get
<LI><a href="#[72]">&gt;&gt;</a>&nbsp;&nbsp;&nbsp;crm_sysclk_switch
<LI><a href="#[6a]">&gt;&gt;</a>&nbsp;&nbsp;&nbsp;crm_reset
<LI><a href="#[6d]">&gt;&gt;</a>&nbsp;&nbsp;&nbsp;crm_pll_config
<LI><a href="#[6c]">&gt;&gt;</a>&nbsp;&nbsp;&nbsp;crm_flag_get
<LI><a href="#[6b]">&gt;&gt;</a>&nbsp;&nbsp;&nbsp;crm_clock_source_enable
<LI><a href="#[71]">&gt;&gt;</a>&nbsp;&nbsp;&nbsp;crm_auto_step_mode_enable
<LI><a href="#[6f]">&gt;&gt;</a>&nbsp;&nbsp;&nbsp;crm_apb2_div_set
<LI><a href="#[70]">&gt;&gt;</a>&nbsp;&nbsp;&nbsp;crm_apb1_div_set
<LI><a href="#[6e]">&gt;&gt;</a>&nbsp;&nbsp;&nbsp;crm_ahb_div_set
</UL>
<BR>[Called By]<UL><LI><a href="#[4c]">&gt;&gt;</a>&nbsp;&nbsp;&nbsp;main
</UL>

<P><STRONG><a name="[74]"></a>system_core_clock_update</STRONG> (Thumb, 316 bytes, Stack size 56 bytes, system_at32wb415.o(i.system_core_clock_update))
<BR><BR>[Stack]<UL><LI>Max Depth = 104<LI>Call Chain = system_core_clock_update &rArr; __aeabi_uldivmod
</UL>
<BR>[Calls]<UL><LI><a href="#[73]">&gt;&gt;</a>&nbsp;&nbsp;&nbsp;crm_sysclk_switch_status_get
<LI><a href="#[75]">&gt;&gt;</a>&nbsp;&nbsp;&nbsp;__aeabi_uldivmod
</UL>
<BR>[Called By]<UL><LI><a href="#[68]">&gt;&gt;</a>&nbsp;&nbsp;&nbsp;system_clock_config
</UL>

<P><STRONG><a name="[67]"></a>systick_clock_source_config</STRONG> (Thumb, 40 bytes, Stack size 0 bytes, at32wb415_misc.o(i.systick_clock_source_config))
<BR><BR>[Called By]<UL><LI><a href="#[57]">&gt;&gt;</a>&nbsp;&nbsp;&nbsp;delay_init
</UL>
<P>
<H3>
Local Symbols
</H3><P>
<H3>
Undefined Global Symbols
</H3><HR></body></html>
