<!doctype html public "-//w3c//dtd html 4.0 transitional//en">
<html><head>
<title>Static Call Graph - [.\Objects\My_AT32_Demo.axf]</title></head>
<body><HR>
<H1>Static Call Graph for image .\Objects\My_AT32_Demo.axf</H1><HR>
<BR><P>#&#060CALLGRAPH&#062# ARM Linker, 5060960: Last Updated: Tue Aug 02 14:22:11 2022
<BR><P>
<H3>Maximum Stack Usage =        168 bytes + Unknown(Functions without stacksize, Cycles, Untraceable Function Pointers)</H3><H3>
Call chain for Maximum Stack Depth:</H3>
__rt_entry_main &rArr; main &rArr; usart3_init &rArr; usart_init &rArr; crm_clocks_freq_get &rArr; __aeabi_uldivmod
<P>
<H3>
Functions with no stack information
</H3><UL>
 <LI><a href="#[6b]">__user_initial_stackheap</a>
</UL>
</UL>
<P>
<H3>
Mutually Recursive functions
</H3> <LI><a href="#[21]">ADC1_IRQHandler</a>&nbsp;&nbsp;&nbsp;&rArr;&nbsp;&nbsp;&nbsp;<a href="#[21]">ADC1_IRQHandler</a><BR>
</UL>
<P>
<H3>
Function Pointers
</H3><UL>
 <LI><a href="#[21]">ADC1_IRQHandler</a> from startup_at32wb415.o(.text) referenced from startup_at32wb415.o(RESET)
 <LI><a href="#[49]">AT_Task</a> from at_task.o(i.AT_Task) referenced from start_task.o(i.start_task)
 <LI><a href="#[9]">BusFault_Handler</a> from at32wb415_int.o(i.BusFault_Handler) referenced from startup_at32wb415.o(RESET)
 <LI><a href="#[23]">CAN1_RX0_IRQHandler</a> from startup_at32wb415.o(.text) referenced from startup_at32wb415.o(RESET)
 <LI><a href="#[24]">CAN1_RX1_IRQHandler</a> from startup_at32wb415.o(.text) referenced from startup_at32wb415.o(RESET)
 <LI><a href="#[25]">CAN1_SE_IRQHandler</a> from startup_at32wb415.o(.text) referenced from startup_at32wb415.o(RESET)
 <LI><a href="#[22]">CAN1_TX_IRQHandler</a> from startup_at32wb415.o(.text) referenced from startup_at32wb415.o(RESET)
 <LI><a href="#[3e]">CMP1_IRQHandler</a> from startup_at32wb415.o(.text) referenced from startup_at32wb415.o(RESET)
 <LI><a href="#[3f]">CMP2_IRQHandler</a> from startup_at32wb415.o(.text) referenced from startup_at32wb415.o(RESET)
 <LI><a href="#[14]">CRM_IRQHandler</a> from startup_at32wb415.o(.text) referenced from startup_at32wb415.o(RESET)
 <LI><a href="#[1a]">DMA1_Channel1_IRQHandler</a> from startup_at32wb415.o(.text) referenced from startup_at32wb415.o(RESET)
 <LI><a href="#[1b]">DMA1_Channel2_IRQHandler</a> from startup_at32wb415.o(.text) referenced from startup_at32wb415.o(RESET)
 <LI><a href="#[1c]">DMA1_Channel3_IRQHandler</a> from startup_at32wb415.o(.text) referenced from startup_at32wb415.o(RESET)
 <LI><a href="#[1d]">DMA1_Channel4_IRQHandler</a> from startup_at32wb415.o(.text) referenced from startup_at32wb415.o(RESET)
 <LI><a href="#[1e]">DMA1_Channel5_IRQHandler</a> from startup_at32wb415.o(.text) referenced from startup_at32wb415.o(RESET)
 <LI><a href="#[1f]">DMA1_Channel6_IRQHandler</a> from startup_at32wb415.o(.text) referenced from startup_at32wb415.o(RESET)
 <LI><a href="#[20]">DMA1_Channel7_IRQHandler</a> from startup_at32wb415.o(.text) referenced from startup_at32wb415.o(RESET)
 <LI><a href="#[39]">DMA2_Channel1_IRQHandler</a> from startup_at32wb415.o(.text) referenced from startup_at32wb415.o(RESET)
 <LI><a href="#[3a]">DMA2_Channel2_IRQHandler</a> from startup_at32wb415.o(.text) referenced from startup_at32wb415.o(RESET)
 <LI><a href="#[3b]">DMA2_Channel3_IRQHandler</a> from startup_at32wb415.o(.text) referenced from startup_at32wb415.o(RESET)
 <LI><a href="#[3c]">DMA2_Channel4_5_IRQHandler</a> from startup_at32wb415.o(.text) referenced from startup_at32wb415.o(RESET)
 <LI><a href="#[40]">DMA2_Channel6_7_IRQHandler</a> from startup_at32wb415.o(.text) referenced from startup_at32wb415.o(RESET)
 <LI><a href="#[c]">DebugMon_Handler</a> from at32wb415_int.o(i.DebugMon_Handler) referenced from startup_at32wb415.o(RESET)
 <LI><a href="#[35]">ERTCAlarm_IRQHandler</a> from startup_at32wb415.o(.text) referenced from startup_at32wb415.o(RESET)
 <LI><a href="#[12]">ERTC_WKUP_IRQHandler</a> from startup_at32wb415.o(.text) referenced from startup_at32wb415.o(RESET)
 <LI><a href="#[15]">EXINT0_IRQHandler</a> from startup_at32wb415.o(.text) referenced from startup_at32wb415.o(RESET)
 <LI><a href="#[34]">EXINT15_10_IRQHandler</a> from startup_at32wb415.o(.text) referenced from startup_at32wb415.o(RESET)
 <LI><a href="#[16]">EXINT1_IRQHandler</a> from startup_at32wb415.o(.text) referenced from startup_at32wb415.o(RESET)
 <LI><a href="#[17]">EXINT2_IRQHandler</a> from startup_at32wb415.o(.text) referenced from startup_at32wb415.o(RESET)
 <LI><a href="#[18]">EXINT3_IRQHandler</a> from startup_at32wb415.o(.text) referenced from startup_at32wb415.o(RESET)
 <LI><a href="#[19]">EXINT4_IRQHandler</a> from startup_at32wb415.o(.text) referenced from startup_at32wb415.o(RESET)
 <LI><a href="#[26]">EXINT9_5_IRQHandler</a> from startup_at32wb415.o(.text) referenced from startup_at32wb415.o(RESET)
 <LI><a href="#[13]">FLASH_IRQHandler</a> from startup_at32wb415.o(.text) referenced from startup_at32wb415.o(RESET)
 <LI><a href="#[7]">HardFault_Handler</a> from at32wb415_int.o(i.HardFault_Handler) referenced from startup_at32wb415.o(RESET)
 <LI><a href="#[2f]">I2C1_ERR_IRQHandler</a> from startup_at32wb415.o(.text) referenced from startup_at32wb415.o(RESET)
 <LI><a href="#[2e]">I2C1_EVT_IRQHandler</a> from startup_at32wb415.o(.text) referenced from startup_at32wb415.o(RESET)
 <LI><a href="#[47]">Led2_Task</a> from led_task.o(i.Led2_Task) referenced from start_task.o(i.start_task)
 <LI><a href="#[48]">Led3_Task</a> from led_task.o(i.Led3_Task) referenced from start_task.o(i.start_task)
 <LI><a href="#[8]">MemManage_Handler</a> from at32wb415_int.o(i.MemManage_Handler) referenced from startup_at32wb415.o(RESET)
 <LI><a href="#[6]">NMI_Handler</a> from at32wb415_int.o(i.NMI_Handler) referenced from startup_at32wb415.o(RESET)
 <LI><a href="#[3d]">OTGFS1_IRQHandler</a> from startup_at32wb415.o(.text) referenced from startup_at32wb415.o(RESET)
 <LI><a href="#[36]">OTGFS1_WKUP_IRQHandler</a> from startup_at32wb415.o(.text) referenced from startup_at32wb415.o(RESET)
 <LI><a href="#[10]">PVM_IRQHandler</a> from startup_at32wb415.o(.text) referenced from startup_at32wb415.o(RESET)
 <LI><a href="#[d]">PendSV_Handler</a> from port.o(.emb_text) referenced from startup_at32wb415.o(RESET)
 <LI><a href="#[5]">Reset_Handler</a> from startup_at32wb415.o(.text) referenced from startup_at32wb415.o(RESET)
 <LI><a href="#[30]">SPI2_IRQHandler</a> from startup_at32wb415.o(.text) referenced from startup_at32wb415.o(RESET)
 <LI><a href="#[b]">SVC_Handler</a> from port.o(.emb_text) referenced from startup_at32wb415.o(RESET)
 <LI><a href="#[e]">SysTick_Handler</a> from port.o(i.SysTick_Handler) referenced from startup_at32wb415.o(RESET)
 <LI><a href="#[41]">SystemInit</a> from system_at32wb415.o(i.SystemInit) referenced from startup_at32wb415.o(.text)
 <LI><a href="#[11]">TAMP_STAMP_IRQHandler</a> from startup_at32wb415.o(.text) referenced from startup_at32wb415.o(RESET)
 <LI><a href="#[27]">TMR1_BRK_TMR9_IRQHandler</a> from startup_at32wb415.o(.text) referenced from startup_at32wb415.o(RESET)
 <LI><a href="#[2a]">TMR1_CH_IRQHandler</a> from startup_at32wb415.o(.text) referenced from startup_at32wb415.o(RESET)
 <LI><a href="#[28]">TMR1_OVF_TMR10_IRQHandler</a> from startup_at32wb415.o(.text) referenced from startup_at32wb415.o(RESET)
 <LI><a href="#[29]">TMR1_TRG_HALL_TMR11_IRQHandler</a> from startup_at32wb415.o(.text) referenced from startup_at32wb415.o(RESET)
 <LI><a href="#[2b]">TMR2_GLOBAL_IRQHandler</a> from startup_at32wb415.o(.text) referenced from startup_at32wb415.o(RESET)
 <LI><a href="#[2c]">TMR3_GLOBAL_IRQHandler</a> from startup_at32wb415.o(.text) referenced from startup_at32wb415.o(RESET)
 <LI><a href="#[2d]">TMR4_GLOBAL_IRQHandler</a> from startup_at32wb415.o(.text) referenced from startup_at32wb415.o(RESET)
 <LI><a href="#[37]">TMR5_GLOBAL_IRQHandler</a> from startup_at32wb415.o(.text) referenced from startup_at32wb415.o(RESET)
 <LI><a href="#[38]">UART5_IRQHandler</a> from startup_at32wb415.o(.text) referenced from startup_at32wb415.o(RESET)
 <LI><a href="#[31]">USART1_IRQHandler</a> from startup_at32wb415.o(.text) referenced from startup_at32wb415.o(RESET)
 <LI><a href="#[32]">USART2_IRQHandler</a> from at32wb415_int.o(i.USART2_IRQHandler) referenced from startup_at32wb415.o(RESET)
 <LI><a href="#[33]">USART3_IRQHandler</a> from at32wb415_int.o(i.USART3_IRQHandler) referenced from startup_at32wb415.o(RESET)
 <LI><a href="#[a]">UsageFault_Handler</a> from at32wb415_int.o(i.UsageFault_Handler) referenced from startup_at32wb415.o(RESET)
 <LI><a href="#[f]">WWDT_IRQHandler</a> from startup_at32wb415.o(.text) referenced from startup_at32wb415.o(RESET)
 <LI><a href="#[4b]">__main</a> from __main.o(!!!main) referenced from startup_at32wb415.o(.text)
 <LI><a href="#[43]">_printf_input_char</a> from _printf_char_common.o(.text) referenced from _printf_char_common.o(.text)
 <LI><a href="#[44]">fputc</a> from at32wb415_board.o(i.fputc) referenced from _printf_char_file.o(.text)
 <LI><a href="#[4a]">prvIdleTask</a> from tasks.o(i.prvIdleTask) referenced from tasks.o(i.vTaskStartScheduler)
 <LI><a href="#[45]">prvTaskExitError</a> from port.o(i.prvTaskExitError) referenced from port.o(i.pxPortInitialiseStack)
 <LI><a href="#[46]">start_task</a> from start_task.o(i.start_task) referenced from start_task.o(i.startTask)
</UL>
<P>
<H3>
Global Symbols
</H3>
<P><STRONG><a name="[4b]"></a>__main</STRONG> (Thumb, 8 bytes, Stack size 0 bytes, __main.o(!!!main))
<BR><BR>[Calls]<UL><LI><a href="#[4c]">&gt;&gt;</a>&nbsp;&nbsp;&nbsp;__scatterload
<LI><a href="#[4d]">&gt;&gt;</a>&nbsp;&nbsp;&nbsp;__rt_entry
</UL>

<P><STRONG><a name="[4c]"></a>__scatterload</STRONG> (Thumb, 0 bytes, Stack size unknown bytes, __scatter.o(!!!scatter))
<BR><BR>[Called By]<UL><LI><a href="#[4b]">&gt;&gt;</a>&nbsp;&nbsp;&nbsp;__main
</UL>

<P><STRONG><a name="[4e]"></a>__scatterload_rt2</STRONG> (Thumb, 44 bytes, Stack size unknown bytes, __scatter.o(!!!scatter), UNUSED)
<BR><BR>[Calls]<UL><LI><a href="#[4d]">&gt;&gt;</a>&nbsp;&nbsp;&nbsp;__rt_entry
</UL>

<P><STRONG><a name="[d1]"></a>__scatterload_rt2_thumb_only</STRONG> (Thumb, 0 bytes, Stack size unknown bytes, __scatter.o(!!!scatter), UNUSED)

<P><STRONG><a name="[d2]"></a>__scatterload_null</STRONG> (Thumb, 0 bytes, Stack size unknown bytes, __scatter.o(!!!scatter), UNUSED)

<P><STRONG><a name="[4f]"></a>__scatterload_copy</STRONG> (Thumb, 26 bytes, Stack size unknown bytes, __scatter_copy.o(!!handler_copy), UNUSED)
<BR><BR>[Calls]<UL><LI><a href="#[4f]">&gt;&gt;</a>&nbsp;&nbsp;&nbsp;__scatterload_copy
</UL>
<BR>[Called By]<UL><LI><a href="#[4f]">&gt;&gt;</a>&nbsp;&nbsp;&nbsp;__scatterload_copy
</UL>

<P><STRONG><a name="[d3]"></a>__scatterload_zeroinit</STRONG> (Thumb, 28 bytes, Stack size unknown bytes, __scatter_zi.o(!!handler_zi), UNUSED)

<P><STRONG><a name="[62]"></a>_printf_percent</STRONG> (Thumb, 0 bytes, Stack size unknown bytes, _printf_percent.o(.ARM.Collect$$_printf_percent$$00000000))
<BR><BR>[Called By]<UL><LI><a href="#[60]">&gt;&gt;</a>&nbsp;&nbsp;&nbsp;__printf
</UL>

<P><STRONG><a name="[50]"></a>_printf_s</STRONG> (Thumb, 0 bytes, Stack size unknown bytes, _printf_s.o(.ARM.Collect$$_printf_percent$$00000014))
<BR><BR>[Stack]<UL><LI>Max Depth = 24 + Unknown Stack Size
<LI>Call Chain = _printf_s &rArr; _printf_string &rArr; _printf_cs_common &rArr; _printf_str
</UL>
<BR>[Calls]<UL><LI><a href="#[51]">&gt;&gt;</a>&nbsp;&nbsp;&nbsp;_printf_string
</UL>

<P><STRONG><a name="[d4]"></a>_printf_percent_end</STRONG> (Thumb, 0 bytes, Stack size unknown bytes, _printf_percent_end.o(.ARM.Collect$$_printf_percent$$00000017))

<P><STRONG><a name="[55]"></a>__rt_lib_init</STRONG> (Thumb, 0 bytes, Stack size unknown bytes, libinit.o(.ARM.Collect$$libinit$$00000000))
<BR><BR>[Called By]<UL><LI><a href="#[54]">&gt;&gt;</a>&nbsp;&nbsp;&nbsp;__rt_entry_li
</UL>

<P><STRONG><a name="[d5]"></a>__rt_lib_init_alloca_1</STRONG> (Thumb, 0 bytes, Stack size unknown bytes, libinit2.o(.ARM.Collect$$libinit$$0000002E))

<P><STRONG><a name="[d6]"></a>__rt_lib_init_argv_1</STRONG> (Thumb, 0 bytes, Stack size unknown bytes, libinit2.o(.ARM.Collect$$libinit$$0000002C))

<P><STRONG><a name="[d7]"></a>__rt_lib_init_atexit_1</STRONG> (Thumb, 0 bytes, Stack size unknown bytes, libinit2.o(.ARM.Collect$$libinit$$0000001B))

<P><STRONG><a name="[d8]"></a>__rt_lib_init_clock_1</STRONG> (Thumb, 0 bytes, Stack size unknown bytes, libinit2.o(.ARM.Collect$$libinit$$00000021))

<P><STRONG><a name="[d9]"></a>__rt_lib_init_cpp_1</STRONG> (Thumb, 0 bytes, Stack size unknown bytes, libinit2.o(.ARM.Collect$$libinit$$00000032))

<P><STRONG><a name="[da]"></a>__rt_lib_init_exceptions_1</STRONG> (Thumb, 0 bytes, Stack size unknown bytes, libinit2.o(.ARM.Collect$$libinit$$00000030))

<P><STRONG><a name="[db]"></a>__rt_lib_init_fp_1</STRONG> (Thumb, 0 bytes, Stack size unknown bytes, libinit2.o(.ARM.Collect$$libinit$$00000002))

<P><STRONG><a name="[dc]"></a>__rt_lib_init_fp_trap_1</STRONG> (Thumb, 0 bytes, Stack size unknown bytes, libinit2.o(.ARM.Collect$$libinit$$0000001F))

<P><STRONG><a name="[dd]"></a>__rt_lib_init_getenv_1</STRONG> (Thumb, 0 bytes, Stack size unknown bytes, libinit2.o(.ARM.Collect$$libinit$$00000023))

<P><STRONG><a name="[de]"></a>__rt_lib_init_heap_1</STRONG> (Thumb, 0 bytes, Stack size unknown bytes, libinit2.o(.ARM.Collect$$libinit$$0000000A))

<P><STRONG><a name="[df]"></a>__rt_lib_init_lc_collate_1</STRONG> (Thumb, 0 bytes, Stack size unknown bytes, libinit2.o(.ARM.Collect$$libinit$$00000011))

<P><STRONG><a name="[e0]"></a>__rt_lib_init_lc_ctype_1</STRONG> (Thumb, 0 bytes, Stack size unknown bytes, libinit2.o(.ARM.Collect$$libinit$$00000013))

<P><STRONG><a name="[e1]"></a>__rt_lib_init_lc_monetary_1</STRONG> (Thumb, 0 bytes, Stack size unknown bytes, libinit2.o(.ARM.Collect$$libinit$$00000015))

<P><STRONG><a name="[e2]"></a>__rt_lib_init_lc_numeric_1</STRONG> (Thumb, 0 bytes, Stack size unknown bytes, libinit2.o(.ARM.Collect$$libinit$$00000017))

<P><STRONG><a name="[e3]"></a>__rt_lib_init_lc_time_1</STRONG> (Thumb, 0 bytes, Stack size unknown bytes, libinit2.o(.ARM.Collect$$libinit$$00000019))

<P><STRONG><a name="[e4]"></a>__rt_lib_init_preinit_1</STRONG> (Thumb, 0 bytes, Stack size unknown bytes, libinit2.o(.ARM.Collect$$libinit$$00000004))

<P><STRONG><a name="[e5]"></a>__rt_lib_init_rand_1</STRONG> (Thumb, 0 bytes, Stack size unknown bytes, libinit2.o(.ARM.Collect$$libinit$$0000000E))

<P><STRONG><a name="[e6]"></a>__rt_lib_init_return</STRONG> (Thumb, 0 bytes, Stack size unknown bytes, libinit2.o(.ARM.Collect$$libinit$$00000033))

<P><STRONG><a name="[e7]"></a>__rt_lib_init_signal_1</STRONG> (Thumb, 0 bytes, Stack size unknown bytes, libinit2.o(.ARM.Collect$$libinit$$0000001D))

<P><STRONG><a name="[e8]"></a>__rt_lib_init_stdio_1</STRONG> (Thumb, 0 bytes, Stack size unknown bytes, libinit2.o(.ARM.Collect$$libinit$$00000025))

<P><STRONG><a name="[e9]"></a>__rt_lib_init_user_alloc_1</STRONG> (Thumb, 0 bytes, Stack size unknown bytes, libinit2.o(.ARM.Collect$$libinit$$0000000C))

<P><STRONG><a name="[5a]"></a>__rt_lib_shutdown</STRONG> (Thumb, 0 bytes, Stack size unknown bytes, libshutdown.o(.ARM.Collect$$libshutdown$$00000000))
<BR><BR>[Called By]<UL><LI><a href="#[59]">&gt;&gt;</a>&nbsp;&nbsp;&nbsp;__rt_exit_ls
</UL>

<P><STRONG><a name="[ea]"></a>__rt_lib_shutdown_cpp_1</STRONG> (Thumb, 0 bytes, Stack size unknown bytes, libshutdown2.o(.ARM.Collect$$libshutdown$$00000004))

<P><STRONG><a name="[eb]"></a>__rt_lib_shutdown_fini_1</STRONG> (Thumb, 0 bytes, Stack size unknown bytes, libshutdown2.o(.ARM.Collect$$libshutdown$$00000002))

<P><STRONG><a name="[ec]"></a>__rt_lib_shutdown_fp_trap_1</STRONG> (Thumb, 0 bytes, Stack size unknown bytes, libshutdown2.o(.ARM.Collect$$libshutdown$$00000009))

<P><STRONG><a name="[ed]"></a>__rt_lib_shutdown_heap_1</STRONG> (Thumb, 0 bytes, Stack size unknown bytes, libshutdown2.o(.ARM.Collect$$libshutdown$$00000011))

<P><STRONG><a name="[ee]"></a>__rt_lib_shutdown_return</STRONG> (Thumb, 0 bytes, Stack size unknown bytes, libshutdown2.o(.ARM.Collect$$libshutdown$$00000012))

<P><STRONG><a name="[ef]"></a>__rt_lib_shutdown_signal_1</STRONG> (Thumb, 0 bytes, Stack size unknown bytes, libshutdown2.o(.ARM.Collect$$libshutdown$$0000000C))

<P><STRONG><a name="[f0]"></a>__rt_lib_shutdown_stdio_1</STRONG> (Thumb, 0 bytes, Stack size unknown bytes, libshutdown2.o(.ARM.Collect$$libshutdown$$00000006))

<P><STRONG><a name="[f1]"></a>__rt_lib_shutdown_user_alloc_1</STRONG> (Thumb, 0 bytes, Stack size unknown bytes, libshutdown2.o(.ARM.Collect$$libshutdown$$0000000E))

<P><STRONG><a name="[4d]"></a>__rt_entry</STRONG> (Thumb, 0 bytes, Stack size unknown bytes, __rtentry.o(.ARM.Collect$$rtentry$$00000000))
<BR><BR>[Called By]<UL><LI><a href="#[4b]">&gt;&gt;</a>&nbsp;&nbsp;&nbsp;__main
<LI><a href="#[4e]">&gt;&gt;</a>&nbsp;&nbsp;&nbsp;__scatterload_rt2
</UL>

<P><STRONG><a name="[f2]"></a>__rt_entry_presh_1</STRONG> (Thumb, 0 bytes, Stack size unknown bytes, __rtentry2.o(.ARM.Collect$$rtentry$$00000002))

<P><STRONG><a name="[52]"></a>__rt_entry_sh</STRONG> (Thumb, 0 bytes, Stack size unknown bytes, __rtentry4.o(.ARM.Collect$$rtentry$$00000004))
<BR><BR>[Stack]<UL><LI>Max Depth = 8 + Unknown Stack Size
<LI>Call Chain = __rt_entry_sh &rArr; __user_setup_stackheap
</UL>
<BR>[Calls]<UL><LI><a href="#[53]">&gt;&gt;</a>&nbsp;&nbsp;&nbsp;__user_setup_stackheap
</UL>

<P><STRONG><a name="[54]"></a>__rt_entry_li</STRONG> (Thumb, 0 bytes, Stack size unknown bytes, __rtentry2.o(.ARM.Collect$$rtentry$$0000000A))
<BR><BR>[Calls]<UL><LI><a href="#[55]">&gt;&gt;</a>&nbsp;&nbsp;&nbsp;__rt_lib_init
</UL>

<P><STRONG><a name="[f3]"></a>__rt_entry_postsh_1</STRONG> (Thumb, 0 bytes, Stack size unknown bytes, __rtentry2.o(.ARM.Collect$$rtentry$$00000009))

<P><STRONG><a name="[56]"></a>__rt_entry_main</STRONG> (Thumb, 0 bytes, Stack size unknown bytes, __rtentry2.o(.ARM.Collect$$rtentry$$0000000D))
<BR><BR>[Stack]<UL><LI>Max Depth = 168 + Unknown Stack Size
<LI>Call Chain = __rt_entry_main &rArr; main &rArr; usart3_init &rArr; usart_init &rArr; crm_clocks_freq_get &rArr; __aeabi_uldivmod
</UL>
<BR>[Calls]<UL><LI><a href="#[57]">&gt;&gt;</a>&nbsp;&nbsp;&nbsp;main
<LI><a href="#[58]">&gt;&gt;</a>&nbsp;&nbsp;&nbsp;exit
</UL>

<P><STRONG><a name="[f4]"></a>__rt_entry_postli_1</STRONG> (Thumb, 0 bytes, Stack size unknown bytes, __rtentry2.o(.ARM.Collect$$rtentry$$0000000C))

<P><STRONG><a name="[6c]"></a>__rt_exit</STRONG> (Thumb, 0 bytes, Stack size unknown bytes, rtexit.o(.ARM.Collect$$rtexit$$00000000))
<BR><BR>[Called By]<UL><LI><a href="#[58]">&gt;&gt;</a>&nbsp;&nbsp;&nbsp;exit
</UL>

<P><STRONG><a name="[59]"></a>__rt_exit_ls</STRONG> (Thumb, 0 bytes, Stack size unknown bytes, rtexit2.o(.ARM.Collect$$rtexit$$00000003))
<BR><BR>[Calls]<UL><LI><a href="#[5a]">&gt;&gt;</a>&nbsp;&nbsp;&nbsp;__rt_lib_shutdown
</UL>

<P><STRONG><a name="[f5]"></a>__rt_exit_prels_1</STRONG> (Thumb, 0 bytes, Stack size unknown bytes, rtexit2.o(.ARM.Collect$$rtexit$$00000002))

<P><STRONG><a name="[5b]"></a>__rt_exit_exit</STRONG> (Thumb, 0 bytes, Stack size unknown bytes, rtexit2.o(.ARM.Collect$$rtexit$$00000004))
<BR><BR>[Calls]<UL><LI><a href="#[5c]">&gt;&gt;</a>&nbsp;&nbsp;&nbsp;_sys_exit
</UL>

<P><STRONG><a name="[b]"></a>SVC_Handler</STRONG> (Thumb, 32 bytes, Stack size 0 bytes, port.o(.emb_text))
<BR>[Address Reference Count : 1]<UL><LI> startup_at32wb415.o(RESET)
</UL>
<P><STRONG><a name="[d0]"></a>__asm___6_port_c_39a90d8d__prvStartFirstTask</STRONG> (Thumb, 28 bytes, Stack size 0 bytes, port.o(.emb_text))
<BR><BR>[Called By]<UL><LI><a href="#[ce]">&gt;&gt;</a>&nbsp;&nbsp;&nbsp;xPortStartScheduler
</UL>

<P><STRONG><a name="[d]"></a>PendSV_Handler</STRONG> (Thumb, 72 bytes, Stack size 0 bytes, port.o(.emb_text))
<BR><BR>[Calls]<UL><LI><a href="#[5d]">&gt;&gt;</a>&nbsp;&nbsp;&nbsp;vTaskSwitchContext
</UL>
<BR>[Address Reference Count : 1]<UL><LI> startup_at32wb415.o(RESET)
</UL>
<P><STRONG><a name="[f6]"></a>vPortGetIPSR</STRONG> (Thumb, 6 bytes, Stack size 0 bytes, port.o(.emb_text), UNUSED)

<P><STRONG><a name="[5]"></a>Reset_Handler</STRONG> (Thumb, 8 bytes, Stack size 0 bytes, startup_at32wb415.o(.text))
<BR>[Address Reference Count : 1]<UL><LI> startup_at32wb415.o(RESET)
</UL>
<P><STRONG><a name="[21]"></a>ADC1_IRQHandler</STRONG> (Thumb, 0 bytes, Stack size 0 bytes, startup_at32wb415.o(.text))
<BR><BR>[Calls]<UL><LI><a href="#[21]">&gt;&gt;</a>&nbsp;&nbsp;&nbsp;ADC1_IRQHandler
</UL>
<BR>[Called By]<UL><LI><a href="#[21]">&gt;&gt;</a>&nbsp;&nbsp;&nbsp;ADC1_IRQHandler
</UL>
<BR>[Address Reference Count : 1]<UL><LI> startup_at32wb415.o(RESET)
</UL>
<P><STRONG><a name="[23]"></a>CAN1_RX0_IRQHandler</STRONG> (Thumb, 0 bytes, Stack size 0 bytes, startup_at32wb415.o(.text))
<BR>[Address Reference Count : 1]<UL><LI> startup_at32wb415.o(RESET)
</UL>
<P><STRONG><a name="[24]"></a>CAN1_RX1_IRQHandler</STRONG> (Thumb, 0 bytes, Stack size 0 bytes, startup_at32wb415.o(.text))
<BR>[Address Reference Count : 1]<UL><LI> startup_at32wb415.o(RESET)
</UL>
<P><STRONG><a name="[25]"></a>CAN1_SE_IRQHandler</STRONG> (Thumb, 0 bytes, Stack size 0 bytes, startup_at32wb415.o(.text))
<BR>[Address Reference Count : 1]<UL><LI> startup_at32wb415.o(RESET)
</UL>
<P><STRONG><a name="[22]"></a>CAN1_TX_IRQHandler</STRONG> (Thumb, 0 bytes, Stack size 0 bytes, startup_at32wb415.o(.text))
<BR>[Address Reference Count : 1]<UL><LI> startup_at32wb415.o(RESET)
</UL>
<P><STRONG><a name="[3e]"></a>CMP1_IRQHandler</STRONG> (Thumb, 0 bytes, Stack size 0 bytes, startup_at32wb415.o(.text))
<BR>[Address Reference Count : 1]<UL><LI> startup_at32wb415.o(RESET)
</UL>
<P><STRONG><a name="[3f]"></a>CMP2_IRQHandler</STRONG> (Thumb, 0 bytes, Stack size 0 bytes, startup_at32wb415.o(.text))
<BR>[Address Reference Count : 1]<UL><LI> startup_at32wb415.o(RESET)
</UL>
<P><STRONG><a name="[14]"></a>CRM_IRQHandler</STRONG> (Thumb, 0 bytes, Stack size 0 bytes, startup_at32wb415.o(.text))
<BR>[Address Reference Count : 1]<UL><LI> startup_at32wb415.o(RESET)
</UL>
<P><STRONG><a name="[1a]"></a>DMA1_Channel1_IRQHandler</STRONG> (Thumb, 0 bytes, Stack size 0 bytes, startup_at32wb415.o(.text))
<BR>[Address Reference Count : 1]<UL><LI> startup_at32wb415.o(RESET)
</UL>
<P><STRONG><a name="[1b]"></a>DMA1_Channel2_IRQHandler</STRONG> (Thumb, 0 bytes, Stack size 0 bytes, startup_at32wb415.o(.text))
<BR>[Address Reference Count : 1]<UL><LI> startup_at32wb415.o(RESET)
</UL>
<P><STRONG><a name="[1c]"></a>DMA1_Channel3_IRQHandler</STRONG> (Thumb, 0 bytes, Stack size 0 bytes, startup_at32wb415.o(.text))
<BR>[Address Reference Count : 1]<UL><LI> startup_at32wb415.o(RESET)
</UL>
<P><STRONG><a name="[1d]"></a>DMA1_Channel4_IRQHandler</STRONG> (Thumb, 0 bytes, Stack size 0 bytes, startup_at32wb415.o(.text))
<BR>[Address Reference Count : 1]<UL><LI> startup_at32wb415.o(RESET)
</UL>
<P><STRONG><a name="[1e]"></a>DMA1_Channel5_IRQHandler</STRONG> (Thumb, 0 bytes, Stack size 0 bytes, startup_at32wb415.o(.text))
<BR>[Address Reference Count : 1]<UL><LI> startup_at32wb415.o(RESET)
</UL>
<P><STRONG><a name="[1f]"></a>DMA1_Channel6_IRQHandler</STRONG> (Thumb, 0 bytes, Stack size 0 bytes, startup_at32wb415.o(.text))
<BR>[Address Reference Count : 1]<UL><LI> startup_at32wb415.o(RESET)
</UL>
<P><STRONG><a name="[20]"></a>DMA1_Channel7_IRQHandler</STRONG> (Thumb, 0 bytes, Stack size 0 bytes, startup_at32wb415.o(.text))
<BR>[Address Reference Count : 1]<UL><LI> startup_at32wb415.o(RESET)
</UL>
<P><STRONG><a name="[39]"></a>DMA2_Channel1_IRQHandler</STRONG> (Thumb, 0 bytes, Stack size 0 bytes, startup_at32wb415.o(.text))
<BR>[Address Reference Count : 1]<UL><LI> startup_at32wb415.o(RESET)
</UL>
<P><STRONG><a name="[3a]"></a>DMA2_Channel2_IRQHandler</STRONG> (Thumb, 0 bytes, Stack size 0 bytes, startup_at32wb415.o(.text))
<BR>[Address Reference Count : 1]<UL><LI> startup_at32wb415.o(RESET)
</UL>
<P><STRONG><a name="[3b]"></a>DMA2_Channel3_IRQHandler</STRONG> (Thumb, 0 bytes, Stack size 0 bytes, startup_at32wb415.o(.text))
<BR>[Address Reference Count : 1]<UL><LI> startup_at32wb415.o(RESET)
</UL>
<P><STRONG><a name="[3c]"></a>DMA2_Channel4_5_IRQHandler</STRONG> (Thumb, 0 bytes, Stack size 0 bytes, startup_at32wb415.o(.text))
<BR>[Address Reference Count : 1]<UL><LI> startup_at32wb415.o(RESET)
</UL>
<P><STRONG><a name="[40]"></a>DMA2_Channel6_7_IRQHandler</STRONG> (Thumb, 0 bytes, Stack size 0 bytes, startup_at32wb415.o(.text))
<BR>[Address Reference Count : 1]<UL><LI> startup_at32wb415.o(RESET)
</UL>
<P><STRONG><a name="[35]"></a>ERTCAlarm_IRQHandler</STRONG> (Thumb, 0 bytes, Stack size 0 bytes, startup_at32wb415.o(.text))
<BR>[Address Reference Count : 1]<UL><LI> startup_at32wb415.o(RESET)
</UL>
<P><STRONG><a name="[12]"></a>ERTC_WKUP_IRQHandler</STRONG> (Thumb, 0 bytes, Stack size 0 bytes, startup_at32wb415.o(.text))
<BR>[Address Reference Count : 1]<UL><LI> startup_at32wb415.o(RESET)
</UL>
<P><STRONG><a name="[15]"></a>EXINT0_IRQHandler</STRONG> (Thumb, 0 bytes, Stack size 0 bytes, startup_at32wb415.o(.text))
<BR>[Address Reference Count : 1]<UL><LI> startup_at32wb415.o(RESET)
</UL>
<P><STRONG><a name="[34]"></a>EXINT15_10_IRQHandler</STRONG> (Thumb, 0 bytes, Stack size 0 bytes, startup_at32wb415.o(.text))
<BR>[Address Reference Count : 1]<UL><LI> startup_at32wb415.o(RESET)
</UL>
<P><STRONG><a name="[16]"></a>EXINT1_IRQHandler</STRONG> (Thumb, 0 bytes, Stack size 0 bytes, startup_at32wb415.o(.text))
<BR>[Address Reference Count : 1]<UL><LI> startup_at32wb415.o(RESET)
</UL>
<P><STRONG><a name="[17]"></a>EXINT2_IRQHandler</STRONG> (Thumb, 0 bytes, Stack size 0 bytes, startup_at32wb415.o(.text))
<BR>[Address Reference Count : 1]<UL><LI> startup_at32wb415.o(RESET)
</UL>
<P><STRONG><a name="[18]"></a>EXINT3_IRQHandler</STRONG> (Thumb, 0 bytes, Stack size 0 bytes, startup_at32wb415.o(.text))
<BR>[Address Reference Count : 1]<UL><LI> startup_at32wb415.o(RESET)
</UL>
<P><STRONG><a name="[19]"></a>EXINT4_IRQHandler</STRONG> (Thumb, 0 bytes, Stack size 0 bytes, startup_at32wb415.o(.text))
<BR>[Address Reference Count : 1]<UL><LI> startup_at32wb415.o(RESET)
</UL>
<P><STRONG><a name="[26]"></a>EXINT9_5_IRQHandler</STRONG> (Thumb, 0 bytes, Stack size 0 bytes, startup_at32wb415.o(.text))
<BR>[Address Reference Count : 1]<UL><LI> startup_at32wb415.o(RESET)
</UL>
<P><STRONG><a name="[13]"></a>FLASH_IRQHandler</STRONG> (Thumb, 0 bytes, Stack size 0 bytes, startup_at32wb415.o(.text))
<BR>[Address Reference Count : 1]<UL><LI> startup_at32wb415.o(RESET)
</UL>
<P><STRONG><a name="[2f]"></a>I2C1_ERR_IRQHandler</STRONG> (Thumb, 0 bytes, Stack size 0 bytes, startup_at32wb415.o(.text))
<BR>[Address Reference Count : 1]<UL><LI> startup_at32wb415.o(RESET)
</UL>
<P><STRONG><a name="[2e]"></a>I2C1_EVT_IRQHandler</STRONG> (Thumb, 0 bytes, Stack size 0 bytes, startup_at32wb415.o(.text))
<BR>[Address Reference Count : 1]<UL><LI> startup_at32wb415.o(RESET)
</UL>
<P><STRONG><a name="[3d]"></a>OTGFS1_IRQHandler</STRONG> (Thumb, 0 bytes, Stack size 0 bytes, startup_at32wb415.o(.text))
<BR>[Address Reference Count : 1]<UL><LI> startup_at32wb415.o(RESET)
</UL>
<P><STRONG><a name="[36]"></a>OTGFS1_WKUP_IRQHandler</STRONG> (Thumb, 0 bytes, Stack size 0 bytes, startup_at32wb415.o(.text))
<BR>[Address Reference Count : 1]<UL><LI> startup_at32wb415.o(RESET)
</UL>
<P><STRONG><a name="[10]"></a>PVM_IRQHandler</STRONG> (Thumb, 0 bytes, Stack size 0 bytes, startup_at32wb415.o(.text))
<BR>[Address Reference Count : 1]<UL><LI> startup_at32wb415.o(RESET)
</UL>
<P><STRONG><a name="[30]"></a>SPI2_IRQHandler</STRONG> (Thumb, 0 bytes, Stack size 0 bytes, startup_at32wb415.o(.text))
<BR>[Address Reference Count : 1]<UL><LI> startup_at32wb415.o(RESET)
</UL>
<P><STRONG><a name="[11]"></a>TAMP_STAMP_IRQHandler</STRONG> (Thumb, 0 bytes, Stack size 0 bytes, startup_at32wb415.o(.text))
<BR>[Address Reference Count : 1]<UL><LI> startup_at32wb415.o(RESET)
</UL>
<P><STRONG><a name="[27]"></a>TMR1_BRK_TMR9_IRQHandler</STRONG> (Thumb, 0 bytes, Stack size 0 bytes, startup_at32wb415.o(.text))
<BR>[Address Reference Count : 1]<UL><LI> startup_at32wb415.o(RESET)
</UL>
<P><STRONG><a name="[2a]"></a>TMR1_CH_IRQHandler</STRONG> (Thumb, 0 bytes, Stack size 0 bytes, startup_at32wb415.o(.text))
<BR>[Address Reference Count : 1]<UL><LI> startup_at32wb415.o(RESET)
</UL>
<P><STRONG><a name="[28]"></a>TMR1_OVF_TMR10_IRQHandler</STRONG> (Thumb, 0 bytes, Stack size 0 bytes, startup_at32wb415.o(.text))
<BR>[Address Reference Count : 1]<UL><LI> startup_at32wb415.o(RESET)
</UL>
<P><STRONG><a name="[29]"></a>TMR1_TRG_HALL_TMR11_IRQHandler</STRONG> (Thumb, 0 bytes, Stack size 0 bytes, startup_at32wb415.o(.text))
<BR>[Address Reference Count : 1]<UL><LI> startup_at32wb415.o(RESET)
</UL>
<P><STRONG><a name="[2b]"></a>TMR2_GLOBAL_IRQHandler</STRONG> (Thumb, 0 bytes, Stack size 0 bytes, startup_at32wb415.o(.text))
<BR>[Address Reference Count : 1]<UL><LI> startup_at32wb415.o(RESET)
</UL>
<P><STRONG><a name="[2c]"></a>TMR3_GLOBAL_IRQHandler</STRONG> (Thumb, 0 bytes, Stack size 0 bytes, startup_at32wb415.o(.text))
<BR>[Address Reference Count : 1]<UL><LI> startup_at32wb415.o(RESET)
</UL>
<P><STRONG><a name="[2d]"></a>TMR4_GLOBAL_IRQHandler</STRONG> (Thumb, 0 bytes, Stack size 0 bytes, startup_at32wb415.o(.text))
<BR>[Address Reference Count : 1]<UL><LI> startup_at32wb415.o(RESET)
</UL>
<P><STRONG><a name="[37]"></a>TMR5_GLOBAL_IRQHandler</STRONG> (Thumb, 0 bytes, Stack size 0 bytes, startup_at32wb415.o(.text))
<BR>[Address Reference Count : 1]<UL><LI> startup_at32wb415.o(RESET)
</UL>
<P><STRONG><a name="[38]"></a>UART5_IRQHandler</STRONG> (Thumb, 0 bytes, Stack size 0 bytes, startup_at32wb415.o(.text))
<BR>[Address Reference Count : 1]<UL><LI> startup_at32wb415.o(RESET)
</UL>
<P><STRONG><a name="[31]"></a>USART1_IRQHandler</STRONG> (Thumb, 0 bytes, Stack size 0 bytes, startup_at32wb415.o(.text))
<BR>[Address Reference Count : 1]<UL><LI> startup_at32wb415.o(RESET)
</UL>
<P><STRONG><a name="[f]"></a>WWDT_IRQHandler</STRONG> (Thumb, 0 bytes, Stack size 0 bytes, startup_at32wb415.o(.text))
<BR>[Address Reference Count : 1]<UL><LI> startup_at32wb415.o(RESET)
</UL>
<P><STRONG><a name="[6b]"></a>__user_initial_stackheap</STRONG> (Thumb, 0 bytes, Stack size unknown bytes, startup_at32wb415.o(.text))
<BR><BR>[Called By]<UL><LI><a href="#[53]">&gt;&gt;</a>&nbsp;&nbsp;&nbsp;__user_setup_stackheap
</UL>

<P><STRONG><a name="[f7]"></a>__use_no_semihosting</STRONG> (Thumb, 2 bytes, Stack size 0 bytes, use_no_semi_2.o(.text), UNUSED)

<P><STRONG><a name="[98]"></a>__aeabi_uldivmod</STRONG> (Thumb, 0 bytes, Stack size 48 bytes, lludivv7m.o(.text))
<BR><BR>[Stack]<UL><LI>Max Depth = 48<LI>Call Chain = __aeabi_uldivmod
</UL>
<BR>[Called By]<UL><LI><a href="#[c6]">&gt;&gt;</a>&nbsp;&nbsp;&nbsp;system_core_clock_update
<LI><a href="#[96]">&gt;&gt;</a>&nbsp;&nbsp;&nbsp;crm_clocks_freq_get
</UL>

<P><STRONG><a name="[f8]"></a>_ll_udiv</STRONG> (Thumb, 238 bytes, Stack size 48 bytes, lludivv7m.o(.text), UNUSED)

<P><STRONG><a name="[5e]"></a>__2printf</STRONG> (Thumb, 20 bytes, Stack size 24 bytes, noretval__2printf.o(.text))
<BR><BR>[Stack]<UL><LI>Max Depth = 144 + Unknown Stack Size
<LI>Call Chain = __2printf &rArr; _printf_char_file &rArr; _printf_char_common &rArr; __printf
</UL>
<BR>[Calls]<UL><LI><a href="#[5f]">&gt;&gt;</a>&nbsp;&nbsp;&nbsp;_printf_char_file
</UL>
<BR>[Called By]<UL><LI><a href="#[74]">&gt;&gt;</a>&nbsp;&nbsp;&nbsp;at_cmd_handler
<LI><a href="#[49]">&gt;&gt;</a>&nbsp;&nbsp;&nbsp;AT_Task
</UL>

<P><STRONG><a name="[67]"></a>_printf_str</STRONG> (Thumb, 82 bytes, Stack size 16 bytes, _printf_str.o(.text))
<BR><BR>[Stack]<UL><LI>Max Depth = 16<LI>Call Chain = _printf_str
</UL>
<BR>[Called By]<UL><LI><a href="#[66]">&gt;&gt;</a>&nbsp;&nbsp;&nbsp;_printf_cs_common
</UL>

<P><STRONG><a name="[60]"></a>__printf</STRONG> (Thumb, 308 bytes, Stack size 40 bytes, __printf_flags_wp.o(.text))
<BR><BR>[Stack]<UL><LI>Max Depth = 40 + Unknown Stack Size
<LI>Call Chain = __printf
</UL>
<BR>[Calls]<UL><LI><a href="#[62]">&gt;&gt;</a>&nbsp;&nbsp;&nbsp;_printf_percent
<LI><a href="#[61]">&gt;&gt;</a>&nbsp;&nbsp;&nbsp;_is_digit
</UL>
<BR>[Called By]<UL><LI><a href="#[65]">&gt;&gt;</a>&nbsp;&nbsp;&nbsp;_printf_char_common
</UL>

<P><STRONG><a name="[91]"></a>memcmp</STRONG> (Thumb, 88 bytes, Stack size 8 bytes, memcmp.o(.text))
<BR><BR>[Stack]<UL><LI>Max Depth = 8<LI>Call Chain = memcmp
</UL>
<BR>[Called By]<UL><LI><a href="#[6f]">&gt;&gt;</a>&nbsp;&nbsp;&nbsp;cmd_rsp_get
<LI><a href="#[74]">&gt;&gt;</a>&nbsp;&nbsp;&nbsp;at_cmd_handler
</UL>

<P><STRONG><a name="[90]"></a>strlen</STRONG> (Thumb, 62 bytes, Stack size 8 bytes, strlen.o(.text))
<BR><BR>[Stack]<UL><LI>Max Depth = 8<LI>Call Chain = strlen
</UL>
<BR>[Called By]<UL><LI><a href="#[95]">&gt;&gt;</a>&nbsp;&nbsp;&nbsp;flash_data_rsp_to_hex
<LI><a href="#[6f]">&gt;&gt;</a>&nbsp;&nbsp;&nbsp;cmd_rsp_get
<LI><a href="#[74]">&gt;&gt;</a>&nbsp;&nbsp;&nbsp;at_cmd_handler
</UL>

<P><STRONG><a name="[9f]"></a>__aeabi_memcpy4</STRONG> (Thumb, 0 bytes, Stack size 8 bytes, rt_memcpy_w.o(.text))
<BR><BR>[Stack]<UL><LI>Max Depth = 8<LI>Call Chain = __aeabi_memcpy4
</UL>
<BR>[Called By]<UL><LI><a href="#[95]">&gt;&gt;</a>&nbsp;&nbsp;&nbsp;flash_data_rsp_to_hex
</UL>

<P><STRONG><a name="[f9]"></a>__aeabi_memcpy8</STRONG> (Thumb, 0 bytes, Stack size 8 bytes, rt_memcpy_w.o(.text), UNUSED)

<P><STRONG><a name="[fa]"></a>__rt_memcpy_w</STRONG> (Thumb, 100 bytes, Stack size 8 bytes, rt_memcpy_w.o(.text), UNUSED)

<P><STRONG><a name="[fb]"></a>_memcpy_lastbytes_aligned</STRONG> (Thumb, 0 bytes, Stack size unknown bytes, rt_memcpy_w.o(.text), UNUSED)

<P><STRONG><a name="[93]"></a>__aeabi_memclr</STRONG> (Thumb, 0 bytes, Stack size 0 bytes, rt_memclr.o(.text))
<BR><BR>[Called By]<UL><LI><a href="#[6f]">&gt;&gt;</a>&nbsp;&nbsp;&nbsp;cmd_rsp_get
<LI><a href="#[74]">&gt;&gt;</a>&nbsp;&nbsp;&nbsp;at_cmd_handler
</UL>

<P><STRONG><a name="[63]"></a>__rt_memclr</STRONG> (Thumb, 68 bytes, Stack size 0 bytes, rt_memclr.o(.text), UNUSED)
<BR><BR>[Calls]<UL><LI><a href="#[64]">&gt;&gt;</a>&nbsp;&nbsp;&nbsp;_memset_w
</UL>

<P><STRONG><a name="[fc]"></a>_memset</STRONG> (Thumb, 0 bytes, Stack size unknown bytes, rt_memclr.o(.text), UNUSED)

<P><STRONG><a name="[fd]"></a>__aeabi_memclr4</STRONG> (Thumb, 0 bytes, Stack size 4 bytes, rt_memclr_w.o(.text), UNUSED)

<P><STRONG><a name="[fe]"></a>__aeabi_memclr8</STRONG> (Thumb, 0 bytes, Stack size 4 bytes, rt_memclr_w.o(.text), UNUSED)

<P><STRONG><a name="[ff]"></a>__rt_memclr_w</STRONG> (Thumb, 78 bytes, Stack size 4 bytes, rt_memclr_w.o(.text), UNUSED)

<P><STRONG><a name="[64]"></a>_memset_w</STRONG> (Thumb, 0 bytes, Stack size unknown bytes, rt_memclr_w.o(.text), UNUSED)
<BR><BR>[Called By]<UL><LI><a href="#[63]">&gt;&gt;</a>&nbsp;&nbsp;&nbsp;__rt_memclr
</UL>

<P><STRONG><a name="[100]"></a>__use_two_region_memory</STRONG> (Thumb, 2 bytes, Stack size 0 bytes, heapauxi.o(.text), UNUSED)

<P><STRONG><a name="[101]"></a>__rt_heap_escrow$2region</STRONG> (Thumb, 2 bytes, Stack size 0 bytes, heapauxi.o(.text), UNUSED)

<P><STRONG><a name="[102]"></a>__rt_heap_expand$2region</STRONG> (Thumb, 2 bytes, Stack size 0 bytes, heapauxi.o(.text), UNUSED)

<P><STRONG><a name="[103]"></a>__I$use$semihosting</STRONG> (Thumb, 0 bytes, Stack size 0 bytes, use_no_semi.o(.text), UNUSED)

<P><STRONG><a name="[104]"></a>__use_no_semihosting_swi</STRONG> (Thumb, 2 bytes, Stack size 0 bytes, use_no_semi.o(.text), UNUSED)

<P><STRONG><a name="[65]"></a>_printf_char_common</STRONG> (Thumb, 32 bytes, Stack size 64 bytes, _printf_char_common.o(.text))
<BR><BR>[Stack]<UL><LI>Max Depth = 104 + Unknown Stack Size
<LI>Call Chain = _printf_char_common &rArr; __printf
</UL>
<BR>[Calls]<UL><LI><a href="#[60]">&gt;&gt;</a>&nbsp;&nbsp;&nbsp;__printf
</UL>
<BR>[Called By]<UL><LI><a href="#[5f]">&gt;&gt;</a>&nbsp;&nbsp;&nbsp;_printf_char_file
</UL>

<P><STRONG><a name="[66]"></a>_printf_cs_common</STRONG> (Thumb, 20 bytes, Stack size 8 bytes, _printf_char.o(.text))
<BR><BR>[Stack]<UL><LI>Max Depth = 24<LI>Call Chain = _printf_cs_common &rArr; _printf_str
</UL>
<BR>[Calls]<UL><LI><a href="#[67]">&gt;&gt;</a>&nbsp;&nbsp;&nbsp;_printf_str
</UL>
<BR>[Called By]<UL><LI><a href="#[51]">&gt;&gt;</a>&nbsp;&nbsp;&nbsp;_printf_string
<LI><a href="#[68]">&gt;&gt;</a>&nbsp;&nbsp;&nbsp;_printf_char
</UL>

<P><STRONG><a name="[68]"></a>_printf_char</STRONG> (Thumb, 16 bytes, Stack size 0 bytes, _printf_char.o(.text), UNUSED)
<BR><BR>[Calls]<UL><LI><a href="#[66]">&gt;&gt;</a>&nbsp;&nbsp;&nbsp;_printf_cs_common
</UL>

<P><STRONG><a name="[51]"></a>_printf_string</STRONG> (Thumb, 8 bytes, Stack size 0 bytes, _printf_char.o(.text))
<BR><BR>[Stack]<UL><LI>Max Depth = 24<LI>Call Chain = _printf_string &rArr; _printf_cs_common &rArr; _printf_str
</UL>
<BR>[Calls]<UL><LI><a href="#[66]">&gt;&gt;</a>&nbsp;&nbsp;&nbsp;_printf_cs_common
</UL>
<BR>[Called By]<UL><LI><a href="#[50]">&gt;&gt;</a>&nbsp;&nbsp;&nbsp;_printf_s
</UL>

<P><STRONG><a name="[5f]"></a>_printf_char_file</STRONG> (Thumb, 32 bytes, Stack size 16 bytes, _printf_char_file.o(.text))
<BR><BR>[Stack]<UL><LI>Max Depth = 120 + Unknown Stack Size
<LI>Call Chain = _printf_char_file &rArr; _printf_char_common &rArr; __printf
</UL>
<BR>[Calls]<UL><LI><a href="#[69]">&gt;&gt;</a>&nbsp;&nbsp;&nbsp;ferror
<LI><a href="#[65]">&gt;&gt;</a>&nbsp;&nbsp;&nbsp;_printf_char_common
</UL>
<BR>[Called By]<UL><LI><a href="#[5e]">&gt;&gt;</a>&nbsp;&nbsp;&nbsp;__2printf
</UL>

<P><STRONG><a name="[69]"></a>ferror</STRONG> (Thumb, 8 bytes, Stack size 0 bytes, ferror.o(.text))
<BR><BR>[Called By]<UL><LI><a href="#[5f]">&gt;&gt;</a>&nbsp;&nbsp;&nbsp;_printf_char_file
</UL>

<P><STRONG><a name="[105]"></a>__user_libspace</STRONG> (Thumb, 8 bytes, Stack size 0 bytes, libspace.o(.text), UNUSED)

<P><STRONG><a name="[6a]"></a>__user_perproc_libspace</STRONG> (Thumb, 0 bytes, Stack size 0 bytes, libspace.o(.text))
<BR><BR>[Called By]<UL><LI><a href="#[53]">&gt;&gt;</a>&nbsp;&nbsp;&nbsp;__user_setup_stackheap
</UL>

<P><STRONG><a name="[106]"></a>__user_perthread_libspace</STRONG> (Thumb, 0 bytes, Stack size 0 bytes, libspace.o(.text), UNUSED)

<P><STRONG><a name="[53]"></a>__user_setup_stackheap</STRONG> (Thumb, 74 bytes, Stack size 8 bytes, sys_stackheap_outer.o(.text))
<BR><BR>[Stack]<UL><LI>Max Depth = 8 + Unknown Stack Size
<LI>Call Chain = __user_setup_stackheap
</UL>
<BR>[Calls]<UL><LI><a href="#[6b]">&gt;&gt;</a>&nbsp;&nbsp;&nbsp;__user_initial_stackheap
<LI><a href="#[6a]">&gt;&gt;</a>&nbsp;&nbsp;&nbsp;__user_perproc_libspace
</UL>
<BR>[Called By]<UL><LI><a href="#[52]">&gt;&gt;</a>&nbsp;&nbsp;&nbsp;__rt_entry_sh
</UL>

<P><STRONG><a name="[58]"></a>exit</STRONG> (Thumb, 18 bytes, Stack size 8 bytes, exit.o(.text))
<BR><BR>[Stack]<UL><LI>Max Depth = 8 + Unknown Stack Size
<LI>Call Chain = exit
</UL>
<BR>[Calls]<UL><LI><a href="#[6c]">&gt;&gt;</a>&nbsp;&nbsp;&nbsp;__rt_exit
</UL>
<BR>[Called By]<UL><LI><a href="#[56]">&gt;&gt;</a>&nbsp;&nbsp;&nbsp;__rt_entry_main
</UL>

<P><STRONG><a name="[49]"></a>AT_Task</STRONG> (Thumb, 152 bytes, Stack size 0 bytes, at_task.o(i.AT_Task))
<BR><BR>[Stack]<UL><LI>Max Depth = 160 + Unknown Stack Size
<LI>Call Chain = AT_Task &rArr; at_cmd_handler &rArr; __2printf &rArr; _printf_char_file &rArr; _printf_char_common &rArr; __printf
</UL>
<BR>[Calls]<UL><LI><a href="#[75]">&gt;&gt;</a>&nbsp;&nbsp;&nbsp;vTaskDelay
<LI><a href="#[70]">&gt;&gt;</a>&nbsp;&nbsp;&nbsp;at32_led_on
<LI><a href="#[71]">&gt;&gt;</a>&nbsp;&nbsp;&nbsp;at32_led_off
<LI><a href="#[6d]">&gt;&gt;</a>&nbsp;&nbsp;&nbsp;at32_button_press
<LI><a href="#[73]">&gt;&gt;</a>&nbsp;&nbsp;&nbsp;tp_mode_tx_handler
<LI><a href="#[72]">&gt;&gt;</a>&nbsp;&nbsp;&nbsp;tp_mode_rx_handler
<LI><a href="#[6f]">&gt;&gt;</a>&nbsp;&nbsp;&nbsp;cmd_rsp_get
<LI><a href="#[6e]">&gt;&gt;</a>&nbsp;&nbsp;&nbsp;at_cmd_send
<LI><a href="#[74]">&gt;&gt;</a>&nbsp;&nbsp;&nbsp;at_cmd_handler
<LI><a href="#[5e]">&gt;&gt;</a>&nbsp;&nbsp;&nbsp;__2printf
</UL>
<BR>[Address Reference Count : 1]<UL><LI> start_task.o(i.start_task)
</UL>
<P><STRONG><a name="[9]"></a>BusFault_Handler</STRONG> (Thumb, 4 bytes, Stack size 0 bytes, at32wb415_int.o(i.BusFault_Handler))
<BR>[Address Reference Count : 1]<UL><LI> startup_at32wb415.o(RESET)
</UL>
<P><STRONG><a name="[c]"></a>DebugMon_Handler</STRONG> (Thumb, 2 bytes, Stack size 0 bytes, at32wb415_int.o(i.DebugMon_Handler))
<BR>[Address Reference Count : 1]<UL><LI> startup_at32wb415.o(RESET)
</UL>
<P><STRONG><a name="[7]"></a>HardFault_Handler</STRONG> (Thumb, 4 bytes, Stack size 0 bytes, at32wb415_int.o(i.HardFault_Handler))
<BR>[Address Reference Count : 1]<UL><LI> startup_at32wb415.o(RESET)
</UL>
<P><STRONG><a name="[47]"></a>Led2_Task</STRONG> (Thumb, 18 bytes, Stack size 0 bytes, led_task.o(i.Led2_Task))
<BR><BR>[Stack]<UL><LI>Max Depth = 56<LI>Call Chain = Led2_Task &rArr; vTaskDelay &rArr; xTaskResumeAll &rArr; xTaskIncrementTick
</UL>
<BR>[Calls]<UL><LI><a href="#[75]">&gt;&gt;</a>&nbsp;&nbsp;&nbsp;vTaskDelay
<LI><a href="#[76]">&gt;&gt;</a>&nbsp;&nbsp;&nbsp;at32_led_toggle
</UL>
<BR>[Address Reference Count : 1]<UL><LI> start_task.o(i.start_task)
</UL>
<P><STRONG><a name="[48]"></a>Led3_Task</STRONG> (Thumb, 18 bytes, Stack size 0 bytes, led_task.o(i.Led3_Task))
<BR><BR>[Stack]<UL><LI>Max Depth = 56<LI>Call Chain = Led3_Task &rArr; vTaskDelay &rArr; xTaskResumeAll &rArr; xTaskIncrementTick
</UL>
<BR>[Calls]<UL><LI><a href="#[75]">&gt;&gt;</a>&nbsp;&nbsp;&nbsp;vTaskDelay
<LI><a href="#[76]">&gt;&gt;</a>&nbsp;&nbsp;&nbsp;at32_led_toggle
</UL>
<BR>[Address Reference Count : 1]<UL><LI> start_task.o(i.start_task)
</UL>
<P><STRONG><a name="[8]"></a>MemManage_Handler</STRONG> (Thumb, 4 bytes, Stack size 0 bytes, at32wb415_int.o(i.MemManage_Handler))
<BR>[Address Reference Count : 1]<UL><LI> startup_at32wb415.o(RESET)
</UL>
<P><STRONG><a name="[6]"></a>NMI_Handler</STRONG> (Thumb, 2 bytes, Stack size 0 bytes, at32wb415_int.o(i.NMI_Handler))
<BR>[Address Reference Count : 1]<UL><LI> startup_at32wb415.o(RESET)
</UL>
<P><STRONG><a name="[e]"></a>SysTick_Handler</STRONG> (Thumb, 46 bytes, Stack size 8 bytes, port.o(i.SysTick_Handler))
<BR><BR>[Stack]<UL><LI>Max Depth = 32<LI>Call Chain = SysTick_Handler &rArr; xTaskIncrementTick
</UL>
<BR>[Calls]<UL><LI><a href="#[77]">&gt;&gt;</a>&nbsp;&nbsp;&nbsp;xTaskIncrementTick
</UL>
<BR>[Address Reference Count : 1]<UL><LI> startup_at32wb415.o(RESET)
</UL>
<P><STRONG><a name="[41]"></a>SystemInit</STRONG> (Thumb, 96 bytes, Stack size 0 bytes, system_at32wb415.o(i.SystemInit))
<BR>[Address Reference Count : 1]<UL><LI> startup_at32wb415.o(.text)
</UL>
<P><STRONG><a name="[32]"></a>USART2_IRQHandler</STRONG> (Thumb, 108 bytes, Stack size 8 bytes, at32wb415_int.o(i.USART2_IRQHandler))
<BR><BR>[Stack]<UL><LI>Max Depth = 8<LI>Call Chain = USART2_IRQHandler
</UL>
<BR>[Calls]<UL><LI><a href="#[78]">&gt;&gt;</a>&nbsp;&nbsp;&nbsp;usart_flag_get
<LI><a href="#[79]">&gt;&gt;</a>&nbsp;&nbsp;&nbsp;usart_data_receive
</UL>
<BR>[Address Reference Count : 1]<UL><LI> startup_at32wb415.o(RESET)
</UL>
<P><STRONG><a name="[33]"></a>USART3_IRQHandler</STRONG> (Thumb, 176 bytes, Stack size 8 bytes, at32wb415_int.o(i.USART3_IRQHandler))
<BR><BR>[Stack]<UL><LI>Max Depth = 8<LI>Call Chain = USART3_IRQHandler
</UL>
<BR>[Calls]<UL><LI><a href="#[78]">&gt;&gt;</a>&nbsp;&nbsp;&nbsp;usart_flag_get
<LI><a href="#[79]">&gt;&gt;</a>&nbsp;&nbsp;&nbsp;usart_data_receive
</UL>
<BR>[Address Reference Count : 1]<UL><LI> startup_at32wb415.o(RESET)
</UL>
<P><STRONG><a name="[a]"></a>UsageFault_Handler</STRONG> (Thumb, 4 bytes, Stack size 0 bytes, at32wb415_int.o(i.UsageFault_Handler))
<BR>[Address Reference Count : 1]<UL><LI> startup_at32wb415.o(RESET)
</UL>
<P><STRONG><a name="[61]"></a>_is_digit</STRONG> (Thumb, 14 bytes, Stack size 0 bytes, __printf_wp.o(i._is_digit))
<BR><BR>[Called By]<UL><LI><a href="#[60]">&gt;&gt;</a>&nbsp;&nbsp;&nbsp;__printf
</UL>

<P><STRONG><a name="[5c]"></a>_sys_exit</STRONG> (Thumb, 4 bytes, Stack size 0 bytes, at32wb415_board.o(i._sys_exit))
<BR><BR>[Called By]<UL><LI><a href="#[5b]">&gt;&gt;</a>&nbsp;&nbsp;&nbsp;__rt_exit_exit
</UL>

<P><STRONG><a name="[7a]"></a>adc1_config</STRONG> (Thumb, 136 bytes, Stack size 8 bytes, bsp_adc.o(i.adc1_config))
<BR><BR>[Stack]<UL><LI>Max Depth = 16<LI>Call Chain = adc1_config &rArr; adc_ordinary_channel_set
</UL>
<BR>[Calls]<UL><LI><a href="#[7c]">&gt;&gt;</a>&nbsp;&nbsp;&nbsp;crm_adc_clock_div_set
<LI><a href="#[82]">&gt;&gt;</a>&nbsp;&nbsp;&nbsp;adc_tempersensor_vintrv_enable
<LI><a href="#[80]">&gt;&gt;</a>&nbsp;&nbsp;&nbsp;adc_ordinary_conversion_trigger_set
<LI><a href="#[7f]">&gt;&gt;</a>&nbsp;&nbsp;&nbsp;adc_ordinary_channel_set
<LI><a href="#[83]">&gt;&gt;</a>&nbsp;&nbsp;&nbsp;adc_enable
<LI><a href="#[81]">&gt;&gt;</a>&nbsp;&nbsp;&nbsp;adc_dma_mode_enable
<LI><a href="#[87]">&gt;&gt;</a>&nbsp;&nbsp;&nbsp;adc_calibration_status_get
<LI><a href="#[86]">&gt;&gt;</a>&nbsp;&nbsp;&nbsp;adc_calibration_start
<LI><a href="#[85]">&gt;&gt;</a>&nbsp;&nbsp;&nbsp;adc_calibration_init_status_get
<LI><a href="#[84]">&gt;&gt;</a>&nbsp;&nbsp;&nbsp;adc_calibration_init
<LI><a href="#[7d]">&gt;&gt;</a>&nbsp;&nbsp;&nbsp;adc_base_default_para_init
<LI><a href="#[7e]">&gt;&gt;</a>&nbsp;&nbsp;&nbsp;adc_base_config
<LI><a href="#[7b]">&gt;&gt;</a>&nbsp;&nbsp;&nbsp;crm_periph_clock_enable
</UL>
<BR>[Called By]<UL><LI><a href="#[57]">&gt;&gt;</a>&nbsp;&nbsp;&nbsp;main
</UL>

<P><STRONG><a name="[7e]"></a>adc_base_config</STRONG> (Thumb, 44 bytes, Stack size 0 bytes, at32wb415_adc.o(i.adc_base_config))
<BR><BR>[Called By]<UL><LI><a href="#[7a]">&gt;&gt;</a>&nbsp;&nbsp;&nbsp;adc1_config
</UL>

<P><STRONG><a name="[7d]"></a>adc_base_default_para_init</STRONG> (Thumb, 14 bytes, Stack size 0 bytes, at32wb415_adc.o(i.adc_base_default_para_init))
<BR><BR>[Called By]<UL><LI><a href="#[7a]">&gt;&gt;</a>&nbsp;&nbsp;&nbsp;adc1_config
</UL>

<P><STRONG><a name="[84]"></a>adc_calibration_init</STRONG> (Thumb, 12 bytes, Stack size 0 bytes, at32wb415_adc.o(i.adc_calibration_init))
<BR><BR>[Called By]<UL><LI><a href="#[7a]">&gt;&gt;</a>&nbsp;&nbsp;&nbsp;adc1_config
</UL>

<P><STRONG><a name="[85]"></a>adc_calibration_init_status_get</STRONG> (Thumb, 18 bytes, Stack size 0 bytes, at32wb415_adc.o(i.adc_calibration_init_status_get))
<BR><BR>[Called By]<UL><LI><a href="#[7a]">&gt;&gt;</a>&nbsp;&nbsp;&nbsp;adc1_config
</UL>

<P><STRONG><a name="[86]"></a>adc_calibration_start</STRONG> (Thumb, 12 bytes, Stack size 0 bytes, at32wb415_adc.o(i.adc_calibration_start))
<BR><BR>[Called By]<UL><LI><a href="#[7a]">&gt;&gt;</a>&nbsp;&nbsp;&nbsp;adc1_config
</UL>

<P><STRONG><a name="[87]"></a>adc_calibration_status_get</STRONG> (Thumb, 18 bytes, Stack size 0 bytes, at32wb415_adc.o(i.adc_calibration_status_get))
<BR><BR>[Called By]<UL><LI><a href="#[7a]">&gt;&gt;</a>&nbsp;&nbsp;&nbsp;adc1_config
</UL>

<P><STRONG><a name="[81]"></a>adc_dma_mode_enable</STRONG> (Thumb, 10 bytes, Stack size 0 bytes, at32wb415_adc.o(i.adc_dma_mode_enable))
<BR><BR>[Called By]<UL><LI><a href="#[7a]">&gt;&gt;</a>&nbsp;&nbsp;&nbsp;adc1_config
</UL>

<P><STRONG><a name="[83]"></a>adc_enable</STRONG> (Thumb, 10 bytes, Stack size 0 bytes, at32wb415_adc.o(i.adc_enable))
<BR><BR>[Called By]<UL><LI><a href="#[7a]">&gt;&gt;</a>&nbsp;&nbsp;&nbsp;adc1_config
</UL>

<P><STRONG><a name="[7f]"></a>adc_ordinary_channel_set</STRONG> (Thumb, 324 bytes, Stack size 8 bytes, at32wb415_adc.o(i.adc_ordinary_channel_set))
<BR><BR>[Stack]<UL><LI>Max Depth = 8<LI>Call Chain = adc_ordinary_channel_set
</UL>
<BR>[Called By]<UL><LI><a href="#[7a]">&gt;&gt;</a>&nbsp;&nbsp;&nbsp;adc1_config
</UL>

<P><STRONG><a name="[80]"></a>adc_ordinary_conversion_trigger_set</STRONG> (Thumb, 52 bytes, Stack size 0 bytes, at32wb415_adc.o(i.adc_ordinary_conversion_trigger_set))
<BR><BR>[Called By]<UL><LI><a href="#[7a]">&gt;&gt;</a>&nbsp;&nbsp;&nbsp;adc1_config
</UL>

<P><STRONG><a name="[82]"></a>adc_tempersensor_vintrv_enable</STRONG> (Thumb, 14 bytes, Stack size 0 bytes, at32wb415_adc.o(i.adc_tempersensor_vintrv_enable))
<BR><BR>[Called By]<UL><LI><a href="#[7a]">&gt;&gt;</a>&nbsp;&nbsp;&nbsp;adc1_config
</UL>

<P><STRONG><a name="[88]"></a>at32_board_init</STRONG> (Thumb, 48 bytes, Stack size 8 bytes, at32wb415_board.o(i.at32_board_init))
<BR><BR>[Stack]<UL><LI>Max Depth = 44<LI>Call Chain = at32_board_init &rArr; at32_led_init &rArr; gpio_init
</UL>
<BR>[Calls]<UL><LI><a href="#[89]">&gt;&gt;</a>&nbsp;&nbsp;&nbsp;delay_init
<LI><a href="#[71]">&gt;&gt;</a>&nbsp;&nbsp;&nbsp;at32_led_off
<LI><a href="#[8a]">&gt;&gt;</a>&nbsp;&nbsp;&nbsp;at32_led_init
<LI><a href="#[8b]">&gt;&gt;</a>&nbsp;&nbsp;&nbsp;at32_button_init
</UL>
<BR>[Called By]<UL><LI><a href="#[57]">&gt;&gt;</a>&nbsp;&nbsp;&nbsp;main
</UL>

<P><STRONG><a name="[8b]"></a>at32_button_init</STRONG> (Thumb, 52 bytes, Stack size 16 bytes, at32wb415_board.o(i.at32_button_init))
<BR><BR>[Stack]<UL><LI>Max Depth = 36<LI>Call Chain = at32_button_init &rArr; gpio_init
</UL>
<BR>[Calls]<UL><LI><a href="#[8d]">&gt;&gt;</a>&nbsp;&nbsp;&nbsp;gpio_init
<LI><a href="#[8c]">&gt;&gt;</a>&nbsp;&nbsp;&nbsp;gpio_default_para_init
<LI><a href="#[7b]">&gt;&gt;</a>&nbsp;&nbsp;&nbsp;crm_periph_clock_enable
</UL>
<BR>[Called By]<UL><LI><a href="#[88]">&gt;&gt;</a>&nbsp;&nbsp;&nbsp;at32_board_init
<LI><a href="#[57]">&gt;&gt;</a>&nbsp;&nbsp;&nbsp;main
</UL>

<P><STRONG><a name="[6d]"></a>at32_button_press</STRONG> (Thumb, 54 bytes, Stack size 8 bytes, at32wb415_board.o(i.at32_button_press))
<BR><BR>[Stack]<UL><LI>Max Depth = 64<LI>Call Chain = at32_button_press &rArr; vTaskDelay &rArr; xTaskResumeAll &rArr; xTaskIncrementTick
</UL>
<BR>[Calls]<UL><LI><a href="#[75]">&gt;&gt;</a>&nbsp;&nbsp;&nbsp;vTaskDelay
<LI><a href="#[8e]">&gt;&gt;</a>&nbsp;&nbsp;&nbsp;at32_button_state
</UL>
<BR>[Called By]<UL><LI><a href="#[49]">&gt;&gt;</a>&nbsp;&nbsp;&nbsp;AT_Task
</UL>

<P><STRONG><a name="[8e]"></a>at32_button_state</STRONG> (Thumb, 12 bytes, Stack size 8 bytes, at32wb415_board.o(i.at32_button_state))
<BR><BR>[Stack]<UL><LI>Max Depth = 8<LI>Call Chain = at32_button_state
</UL>
<BR>[Calls]<UL><LI><a href="#[8f]">&gt;&gt;</a>&nbsp;&nbsp;&nbsp;gpio_input_data_bit_read
</UL>
<BR>[Called By]<UL><LI><a href="#[6d]">&gt;&gt;</a>&nbsp;&nbsp;&nbsp;at32_button_press
</UL>

<P><STRONG><a name="[8a]"></a>at32_led_init</STRONG> (Thumb, 68 bytes, Stack size 16 bytes, at32wb415_board.o(i.at32_led_init))
<BR><BR>[Stack]<UL><LI>Max Depth = 36<LI>Call Chain = at32_led_init &rArr; gpio_init
</UL>
<BR>[Calls]<UL><LI><a href="#[8d]">&gt;&gt;</a>&nbsp;&nbsp;&nbsp;gpio_init
<LI><a href="#[8c]">&gt;&gt;</a>&nbsp;&nbsp;&nbsp;gpio_default_para_init
<LI><a href="#[7b]">&gt;&gt;</a>&nbsp;&nbsp;&nbsp;crm_periph_clock_enable
</UL>
<BR>[Called By]<UL><LI><a href="#[88]">&gt;&gt;</a>&nbsp;&nbsp;&nbsp;at32_board_init
<LI><a href="#[57]">&gt;&gt;</a>&nbsp;&nbsp;&nbsp;main
</UL>

<P><STRONG><a name="[71]"></a>at32_led_off</STRONG> (Thumb, 32 bytes, Stack size 0 bytes, at32wb415_board.o(i.at32_led_off))
<BR><BR>[Called By]<UL><LI><a href="#[88]">&gt;&gt;</a>&nbsp;&nbsp;&nbsp;at32_board_init
<LI><a href="#[74]">&gt;&gt;</a>&nbsp;&nbsp;&nbsp;at_cmd_handler
<LI><a href="#[49]">&gt;&gt;</a>&nbsp;&nbsp;&nbsp;AT_Task
</UL>

<P><STRONG><a name="[70]"></a>at32_led_on</STRONG> (Thumb, 32 bytes, Stack size 0 bytes, at32wb415_board.o(i.at32_led_on))
<BR><BR>[Called By]<UL><LI><a href="#[74]">&gt;&gt;</a>&nbsp;&nbsp;&nbsp;at_cmd_handler
<LI><a href="#[49]">&gt;&gt;</a>&nbsp;&nbsp;&nbsp;AT_Task
</UL>

<P><STRONG><a name="[76]"></a>at32_led_toggle</STRONG> (Thumb, 42 bytes, Stack size 0 bytes, at32wb415_board.o(i.at32_led_toggle))
<BR><BR>[Called By]<UL><LI><a href="#[48]">&gt;&gt;</a>&nbsp;&nbsp;&nbsp;Led3_Task
<LI><a href="#[47]">&gt;&gt;</a>&nbsp;&nbsp;&nbsp;Led2_Task
</UL>

<P><STRONG><a name="[74]"></a>at_cmd_handler</STRONG> (Thumb, 170 bytes, Stack size 16 bytes, at_task.o(i.at_cmd_handler))
<BR><BR>[Stack]<UL><LI>Max Depth = 160 + Unknown Stack Size
<LI>Call Chain = at_cmd_handler &rArr; __2printf &rArr; _printf_char_file &rArr; _printf_char_common &rArr; __printf
</UL>
<BR>[Calls]<UL><LI><a href="#[70]">&gt;&gt;</a>&nbsp;&nbsp;&nbsp;at32_led_on
<LI><a href="#[71]">&gt;&gt;</a>&nbsp;&nbsp;&nbsp;at32_led_off
<LI><a href="#[6e]">&gt;&gt;</a>&nbsp;&nbsp;&nbsp;at_cmd_send
<LI><a href="#[92]">&gt;&gt;</a>&nbsp;&nbsp;&nbsp;gpio_output_data_bit_read
<LI><a href="#[93]">&gt;&gt;</a>&nbsp;&nbsp;&nbsp;__aeabi_memclr
<LI><a href="#[90]">&gt;&gt;</a>&nbsp;&nbsp;&nbsp;strlen
<LI><a href="#[91]">&gt;&gt;</a>&nbsp;&nbsp;&nbsp;memcmp
<LI><a href="#[5e]">&gt;&gt;</a>&nbsp;&nbsp;&nbsp;__2printf
</UL>
<BR>[Called By]<UL><LI><a href="#[49]">&gt;&gt;</a>&nbsp;&nbsp;&nbsp;AT_Task
</UL>

<P><STRONG><a name="[6e]"></a>at_cmd_send</STRONG> (Thumb, 44 bytes, Stack size 8 bytes, at_cmd.o(i.at_cmd_send))
<BR><BR>[Stack]<UL><LI>Max Depth = 8<LI>Call Chain = at_cmd_send
</UL>
<BR>[Calls]<UL><LI><a href="#[94]">&gt;&gt;</a>&nbsp;&nbsp;&nbsp;usart_data_transmit
<LI><a href="#[78]">&gt;&gt;</a>&nbsp;&nbsp;&nbsp;usart_flag_get
</UL>
<BR>[Called By]<UL><LI><a href="#[74]">&gt;&gt;</a>&nbsp;&nbsp;&nbsp;at_cmd_handler
<LI><a href="#[49]">&gt;&gt;</a>&nbsp;&nbsp;&nbsp;AT_Task
</UL>

<P><STRONG><a name="[6f]"></a>cmd_rsp_get</STRONG> (Thumb, 102 bytes, Stack size 16 bytes, at_cmd.o(i.cmd_rsp_get))
<BR><BR>[Stack]<UL><LI>Max Depth = 80<LI>Call Chain = cmd_rsp_get &rArr; flash_data_rsp_to_hex &rArr; __aeabi_memcpy4
</UL>
<BR>[Calls]<UL><LI><a href="#[95]">&gt;&gt;</a>&nbsp;&nbsp;&nbsp;flash_data_rsp_to_hex
<LI><a href="#[93]">&gt;&gt;</a>&nbsp;&nbsp;&nbsp;__aeabi_memclr
<LI><a href="#[90]">&gt;&gt;</a>&nbsp;&nbsp;&nbsp;strlen
<LI><a href="#[91]">&gt;&gt;</a>&nbsp;&nbsp;&nbsp;memcmp
</UL>
<BR>[Called By]<UL><LI><a href="#[49]">&gt;&gt;</a>&nbsp;&nbsp;&nbsp;AT_Task
</UL>

<P><STRONG><a name="[7c]"></a>crm_adc_clock_div_set</STRONG> (Thumb, 28 bytes, Stack size 0 bytes, at32wb415_crm.o(i.crm_adc_clock_div_set))
<BR><BR>[Called By]<UL><LI><a href="#[7a]">&gt;&gt;</a>&nbsp;&nbsp;&nbsp;adc1_config
</UL>

<P><STRONG><a name="[c1]"></a>crm_ahb_div_set</STRONG> (Thumb, 14 bytes, Stack size 0 bytes, at32wb415_crm.o(i.crm_ahb_div_set))
<BR><BR>[Called By]<UL><LI><a href="#[a2]">&gt;&gt;</a>&nbsp;&nbsp;&nbsp;system_clock_config
</UL>

<P><STRONG><a name="[c3]"></a>crm_apb1_div_set</STRONG> (Thumb, 14 bytes, Stack size 0 bytes, at32wb415_crm.o(i.crm_apb1_div_set))
<BR><BR>[Called By]<UL><LI><a href="#[a2]">&gt;&gt;</a>&nbsp;&nbsp;&nbsp;system_clock_config
</UL>

<P><STRONG><a name="[c2]"></a>crm_apb2_div_set</STRONG> (Thumb, 14 bytes, Stack size 0 bytes, at32wb415_crm.o(i.crm_apb2_div_set))
<BR><BR>[Called By]<UL><LI><a href="#[a2]">&gt;&gt;</a>&nbsp;&nbsp;&nbsp;system_clock_config
</UL>

<P><STRONG><a name="[c4]"></a>crm_auto_step_mode_enable</STRONG> (Thumb, 34 bytes, Stack size 0 bytes, at32wb415_crm.o(i.crm_auto_step_mode_enable))
<BR><BR>[Called By]<UL><LI><a href="#[a2]">&gt;&gt;</a>&nbsp;&nbsp;&nbsp;system_clock_config
</UL>

<P><STRONG><a name="[be]"></a>crm_clock_source_enable</STRONG> (Thumb, 90 bytes, Stack size 0 bytes, at32wb415_crm.o(i.crm_clock_source_enable))
<BR><BR>[Called By]<UL><LI><a href="#[a2]">&gt;&gt;</a>&nbsp;&nbsp;&nbsp;system_clock_config
</UL>

<P><STRONG><a name="[96]"></a>crm_clocks_freq_get</STRONG> (Thumb, 396 bytes, Stack size 56 bytes, at32wb415_crm.o(i.crm_clocks_freq_get))
<BR><BR>[Stack]<UL><LI>Max Depth = 104<LI>Call Chain = crm_clocks_freq_get &rArr; __aeabi_uldivmod
</UL>
<BR>[Calls]<UL><LI><a href="#[97]">&gt;&gt;</a>&nbsp;&nbsp;&nbsp;crm_sysclk_switch_status_get
<LI><a href="#[98]">&gt;&gt;</a>&nbsp;&nbsp;&nbsp;__aeabi_uldivmod
</UL>
<BR>[Called By]<UL><LI><a href="#[c8]">&gt;&gt;</a>&nbsp;&nbsp;&nbsp;usart_init
</UL>

<P><STRONG><a name="[bf]"></a>crm_flag_get</STRONG> (Thumb, 42 bytes, Stack size 8 bytes, at32wb415_crm.o(i.crm_flag_get))
<BR><BR>[Stack]<UL><LI>Max Depth = 8<LI>Call Chain = crm_flag_get
</UL>
<BR>[Called By]<UL><LI><a href="#[a2]">&gt;&gt;</a>&nbsp;&nbsp;&nbsp;system_clock_config
</UL>

<P><STRONG><a name="[7b]"></a>crm_periph_clock_enable</STRONG> (Thumb, 62 bytes, Stack size 8 bytes, at32wb415_crm.o(i.crm_periph_clock_enable))
<BR><BR>[Stack]<UL><LI>Max Depth = 8<LI>Call Chain = crm_periph_clock_enable
</UL>
<BR>[Called By]<UL><LI><a href="#[a4]">&gt;&gt;</a>&nbsp;&nbsp;&nbsp;usart3_init
<LI><a href="#[a3]">&gt;&gt;</a>&nbsp;&nbsp;&nbsp;uart_print_init
<LI><a href="#[9a]">&gt;&gt;</a>&nbsp;&nbsp;&nbsp;dma_config
<LI><a href="#[8a]">&gt;&gt;</a>&nbsp;&nbsp;&nbsp;at32_led_init
<LI><a href="#[8b]">&gt;&gt;</a>&nbsp;&nbsp;&nbsp;at32_button_init
<LI><a href="#[7a]">&gt;&gt;</a>&nbsp;&nbsp;&nbsp;adc1_config
</UL>

<P><STRONG><a name="[c0]"></a>crm_pll_config</STRONG> (Thumb, 210 bytes, Stack size 12 bytes, at32wb415_crm.o(i.crm_pll_config))
<BR><BR>[Stack]<UL><LI>Max Depth = 12<LI>Call Chain = crm_pll_config
</UL>
<BR>[Called By]<UL><LI><a href="#[a2]">&gt;&gt;</a>&nbsp;&nbsp;&nbsp;system_clock_config
</UL>

<P><STRONG><a name="[bd]"></a>crm_reset</STRONG> (Thumb, 90 bytes, Stack size 0 bytes, at32wb415_crm.o(i.crm_reset))
<BR><BR>[Called By]<UL><LI><a href="#[a2]">&gt;&gt;</a>&nbsp;&nbsp;&nbsp;system_clock_config
</UL>

<P><STRONG><a name="[c5]"></a>crm_sysclk_switch</STRONG> (Thumb, 14 bytes, Stack size 0 bytes, at32wb415_crm.o(i.crm_sysclk_switch))
<BR><BR>[Called By]<UL><LI><a href="#[a2]">&gt;&gt;</a>&nbsp;&nbsp;&nbsp;system_clock_config
</UL>

<P><STRONG><a name="[97]"></a>crm_sysclk_switch_status_get</STRONG> (Thumb, 10 bytes, Stack size 0 bytes, at32wb415_crm.o(i.crm_sysclk_switch_status_get))
<BR><BR>[Called By]<UL><LI><a href="#[c6]">&gt;&gt;</a>&nbsp;&nbsp;&nbsp;system_core_clock_update
<LI><a href="#[a2]">&gt;&gt;</a>&nbsp;&nbsp;&nbsp;system_clock_config
<LI><a href="#[96]">&gt;&gt;</a>&nbsp;&nbsp;&nbsp;crm_clocks_freq_get
</UL>

<P><STRONG><a name="[89]"></a>delay_init</STRONG> (Thumb, 38 bytes, Stack size 8 bytes, at32wb415_board.o(i.delay_init))
<BR><BR>[Stack]<UL><LI>Max Depth = 8<LI>Call Chain = delay_init
</UL>
<BR>[Calls]<UL><LI><a href="#[99]">&gt;&gt;</a>&nbsp;&nbsp;&nbsp;systick_clock_source_config
</UL>
<BR>[Called By]<UL><LI><a href="#[88]">&gt;&gt;</a>&nbsp;&nbsp;&nbsp;at32_board_init
</UL>

<P><STRONG><a name="[9e]"></a>dma_channel_enable</STRONG> (Thumb, 10 bytes, Stack size 0 bytes, at32wb415_dma.o(i.dma_channel_enable))
<BR><BR>[Called By]<UL><LI><a href="#[9a]">&gt;&gt;</a>&nbsp;&nbsp;&nbsp;dma_config
</UL>

<P><STRONG><a name="[9a]"></a>dma_config</STRONG> (Thumb, 102 bytes, Stack size 24 bytes, bsp_adc.o(i.dma_config))
<BR><BR>[Stack]<UL><LI>Max Depth = 32<LI>Call Chain = dma_config &rArr; crm_periph_clock_enable
</UL>
<BR>[Calls]<UL><LI><a href="#[9b]">&gt;&gt;</a>&nbsp;&nbsp;&nbsp;dma_reset
<LI><a href="#[9d]">&gt;&gt;</a>&nbsp;&nbsp;&nbsp;dma_init
<LI><a href="#[9c]">&gt;&gt;</a>&nbsp;&nbsp;&nbsp;dma_default_para_init
<LI><a href="#[9e]">&gt;&gt;</a>&nbsp;&nbsp;&nbsp;dma_channel_enable
<LI><a href="#[7b]">&gt;&gt;</a>&nbsp;&nbsp;&nbsp;crm_periph_clock_enable
</UL>
<BR>[Called By]<UL><LI><a href="#[57]">&gt;&gt;</a>&nbsp;&nbsp;&nbsp;main
</UL>

<P><STRONG><a name="[9c]"></a>dma_default_para_init</STRONG> (Thumb, 24 bytes, Stack size 0 bytes, at32wb415_dma.o(i.dma_default_para_init))
<BR><BR>[Called By]<UL><LI><a href="#[9a]">&gt;&gt;</a>&nbsp;&nbsp;&nbsp;dma_config
</UL>

<P><STRONG><a name="[9d]"></a>dma_init</STRONG> (Thumb, 92 bytes, Stack size 0 bytes, at32wb415_dma.o(i.dma_init))
<BR><BR>[Called By]<UL><LI><a href="#[9a]">&gt;&gt;</a>&nbsp;&nbsp;&nbsp;dma_config
</UL>

<P><STRONG><a name="[9b]"></a>dma_reset</STRONG> (Thumb, 102 bytes, Stack size 0 bytes, at32wb415_dma.o(i.dma_reset))
<BR><BR>[Called By]<UL><LI><a href="#[9a]">&gt;&gt;</a>&nbsp;&nbsp;&nbsp;dma_config
</UL>

<P><STRONG><a name="[95]"></a>flash_data_rsp_to_hex</STRONG> (Thumb, 82 bytes, Stack size 56 bytes, at_cmd.o(i.flash_data_rsp_to_hex))
<BR><BR>[Stack]<UL><LI>Max Depth = 64<LI>Call Chain = flash_data_rsp_to_hex &rArr; __aeabi_memcpy4
</UL>
<BR>[Calls]<UL><LI><a href="#[9f]">&gt;&gt;</a>&nbsp;&nbsp;&nbsp;__aeabi_memcpy4
<LI><a href="#[90]">&gt;&gt;</a>&nbsp;&nbsp;&nbsp;strlen
</UL>
<BR>[Called By]<UL><LI><a href="#[6f]">&gt;&gt;</a>&nbsp;&nbsp;&nbsp;cmd_rsp_get
</UL>

<P><STRONG><a name="[44]"></a>fputc</STRONG> (Thumb, 32 bytes, Stack size 16 bytes, at32wb415_board.o(i.fputc))
<BR><BR>[Stack]<UL><LI>Max Depth = 16<LI>Call Chain = fputc
</UL>
<BR>[Calls]<UL><LI><a href="#[94]">&gt;&gt;</a>&nbsp;&nbsp;&nbsp;usart_data_transmit
<LI><a href="#[78]">&gt;&gt;</a>&nbsp;&nbsp;&nbsp;usart_flag_get
</UL>
<BR>[Address Reference Count : 1]<UL><LI> _printf_char_file.o(.text)
</UL>
<P><STRONG><a name="[8c]"></a>gpio_default_para_init</STRONG> (Thumb, 22 bytes, Stack size 0 bytes, at32wb415_gpio.o(i.gpio_default_para_init))
<BR><BR>[Called By]<UL><LI><a href="#[a3]">&gt;&gt;</a>&nbsp;&nbsp;&nbsp;uart_print_init
<LI><a href="#[8a]">&gt;&gt;</a>&nbsp;&nbsp;&nbsp;at32_led_init
<LI><a href="#[8b]">&gt;&gt;</a>&nbsp;&nbsp;&nbsp;at32_button_init
</UL>

<P><STRONG><a name="[8d]"></a>gpio_init</STRONG> (Thumb, 168 bytes, Stack size 20 bytes, at32wb415_gpio.o(i.gpio_init))
<BR><BR>[Stack]<UL><LI>Max Depth = 20<LI>Call Chain = gpio_init
</UL>
<BR>[Called By]<UL><LI><a href="#[a4]">&gt;&gt;</a>&nbsp;&nbsp;&nbsp;usart3_init
<LI><a href="#[a3]">&gt;&gt;</a>&nbsp;&nbsp;&nbsp;uart_print_init
<LI><a href="#[8a]">&gt;&gt;</a>&nbsp;&nbsp;&nbsp;at32_led_init
<LI><a href="#[8b]">&gt;&gt;</a>&nbsp;&nbsp;&nbsp;at32_button_init
</UL>

<P><STRONG><a name="[8f]"></a>gpio_input_data_bit_read</STRONG> (Thumb, 18 bytes, Stack size 0 bytes, at32wb415_gpio.o(i.gpio_input_data_bit_read))
<BR><BR>[Called By]<UL><LI><a href="#[8e]">&gt;&gt;</a>&nbsp;&nbsp;&nbsp;at32_button_state
</UL>

<P><STRONG><a name="[92]"></a>gpio_output_data_bit_read</STRONG> (Thumb, 18 bytes, Stack size 0 bytes, at32wb415_gpio.o(i.gpio_output_data_bit_read))
<BR><BR>[Called By]<UL><LI><a href="#[74]">&gt;&gt;</a>&nbsp;&nbsp;&nbsp;at_cmd_handler
</UL>

<P><STRONG><a name="[cb]"></a>gpio_pin_remap_config</STRONG> (Thumb, 70 bytes, Stack size 20 bytes, at32wb415_gpio.o(i.gpio_pin_remap_config))
<BR><BR>[Stack]<UL><LI>Max Depth = 20<LI>Call Chain = gpio_pin_remap_config
</UL>
<BR>[Called By]<UL><LI><a href="#[a4]">&gt;&gt;</a>&nbsp;&nbsp;&nbsp;usart3_init
</UL>

<P><STRONG><a name="[57]"></a>main</STRONG> (Thumb, 82 bytes, Stack size 0 bytes, main.o(i.main))
<BR><BR>[Stack]<UL><LI>Max Depth = 168<LI>Call Chain = main &rArr; usart3_init &rArr; usart_init &rArr; crm_clocks_freq_get &rArr; __aeabi_uldivmod
</UL>
<BR>[Calls]<UL><LI><a href="#[a6]">&gt;&gt;</a>&nbsp;&nbsp;&nbsp;vTaskStartScheduler
<LI><a href="#[a4]">&gt;&gt;</a>&nbsp;&nbsp;&nbsp;usart3_init
<LI><a href="#[a3]">&gt;&gt;</a>&nbsp;&nbsp;&nbsp;uart_print_init
<LI><a href="#[a5]">&gt;&gt;</a>&nbsp;&nbsp;&nbsp;startTask
<LI><a href="#[a0]">&gt;&gt;</a>&nbsp;&nbsp;&nbsp;nvic_priority_group_config
<LI><a href="#[a1]">&gt;&gt;</a>&nbsp;&nbsp;&nbsp;nvic_irq_enable
<LI><a href="#[9a]">&gt;&gt;</a>&nbsp;&nbsp;&nbsp;dma_config
<LI><a href="#[8a]">&gt;&gt;</a>&nbsp;&nbsp;&nbsp;at32_led_init
<LI><a href="#[8b]">&gt;&gt;</a>&nbsp;&nbsp;&nbsp;at32_button_init
<LI><a href="#[88]">&gt;&gt;</a>&nbsp;&nbsp;&nbsp;at32_board_init
<LI><a href="#[7a]">&gt;&gt;</a>&nbsp;&nbsp;&nbsp;adc1_config
<LI><a href="#[a2]">&gt;&gt;</a>&nbsp;&nbsp;&nbsp;system_clock_config
</UL>
<BR>[Called By]<UL><LI><a href="#[56]">&gt;&gt;</a>&nbsp;&nbsp;&nbsp;__rt_entry_main
</UL>

<P><STRONG><a name="[a1]"></a>nvic_irq_enable</STRONG> (Thumb, 190 bytes, Stack size 32 bytes, at32wb415_misc.o(i.nvic_irq_enable))
<BR><BR>[Stack]<UL><LI>Max Depth = 32<LI>Call Chain = nvic_irq_enable
</UL>
<BR>[Called By]<UL><LI><a href="#[a4]">&gt;&gt;</a>&nbsp;&nbsp;&nbsp;usart3_init
<LI><a href="#[57]">&gt;&gt;</a>&nbsp;&nbsp;&nbsp;main
</UL>

<P><STRONG><a name="[a0]"></a>nvic_priority_group_config</STRONG> (Thumb, 32 bytes, Stack size 0 bytes, at32wb415_misc.o(i.nvic_priority_group_config))
<BR><BR>[Called By]<UL><LI><a href="#[57]">&gt;&gt;</a>&nbsp;&nbsp;&nbsp;main
</UL>

<P><STRONG><a name="[b6]"></a>pvPortMalloc</STRONG> (Thumb, 338 bytes, Stack size 24 bytes, heap_4.o(i.pvPortMalloc))
<BR><BR>[Stack]<UL><LI>Max Depth = 64<LI>Call Chain = pvPortMalloc &rArr; xTaskResumeAll &rArr; xTaskIncrementTick
</UL>
<BR>[Calls]<UL><LI><a href="#[ba]">&gt;&gt;</a>&nbsp;&nbsp;&nbsp;xTaskResumeAll
<LI><a href="#[b7]">&gt;&gt;</a>&nbsp;&nbsp;&nbsp;vTaskSuspendAll
<LI><a href="#[b9]">&gt;&gt;</a>&nbsp;&nbsp;&nbsp;prvInsertBlockIntoFreeList
<LI><a href="#[b8]">&gt;&gt;</a>&nbsp;&nbsp;&nbsp;prvHeapInit
</UL>
<BR>[Called By]<UL><LI><a href="#[bb]">&gt;&gt;</a>&nbsp;&nbsp;&nbsp;xTaskCreate
</UL>

<P><STRONG><a name="[b4]"></a>pxPortInitialiseStack</STRONG> (Thumb, 30 bytes, Stack size 0 bytes, port.o(i.pxPortInitialiseStack))
<BR><BR>[Called By]<UL><LI><a href="#[b2]">&gt;&gt;</a>&nbsp;&nbsp;&nbsp;prvInitialiseNewTask
</UL>

<P><STRONG><a name="[a5]"></a>startTask</STRONG> (Thumb, 24 bytes, Stack size 16 bytes, start_task.o(i.startTask))
<BR><BR>[Stack]<UL><LI>Max Depth = 152<LI>Call Chain = startTask &rArr; xTaskCreate &rArr; pvPortMalloc &rArr; xTaskResumeAll &rArr; xTaskIncrementTick
</UL>
<BR>[Calls]<UL><LI><a href="#[bb]">&gt;&gt;</a>&nbsp;&nbsp;&nbsp;xTaskCreate
</UL>
<BR>[Called By]<UL><LI><a href="#[57]">&gt;&gt;</a>&nbsp;&nbsp;&nbsp;main
</UL>

<P><STRONG><a name="[46]"></a>start_task</STRONG> (Thumb, 84 bytes, Stack size 16 bytes, start_task.o(i.start_task))
<BR><BR>[Stack]<UL><LI>Max Depth = 152<LI>Call Chain = start_task &rArr; xTaskCreate &rArr; pvPortMalloc &rArr; xTaskResumeAll &rArr; xTaskIncrementTick
</UL>
<BR>[Calls]<UL><LI><a href="#[bb]">&gt;&gt;</a>&nbsp;&nbsp;&nbsp;xTaskCreate
<LI><a href="#[bc]">&gt;&gt;</a>&nbsp;&nbsp;&nbsp;vTaskDelete
<LI><a href="#[ae]">&gt;&gt;</a>&nbsp;&nbsp;&nbsp;vPortExitCritical
<LI><a href="#[ac]">&gt;&gt;</a>&nbsp;&nbsp;&nbsp;vPortEnterCritical
</UL>
<BR>[Address Reference Count : 1]<UL><LI> start_task.o(i.startTask)
</UL>
<P><STRONG><a name="[a2]"></a>system_clock_config</STRONG> (Thumb, 118 bytes, Stack size 8 bytes, at32wb415_clock.o(i.system_clock_config))
<BR><BR>[Stack]<UL><LI>Max Depth = 112<LI>Call Chain = system_clock_config &rArr; system_core_clock_update &rArr; __aeabi_uldivmod
</UL>
<BR>[Calls]<UL><LI><a href="#[c6]">&gt;&gt;</a>&nbsp;&nbsp;&nbsp;system_core_clock_update
<LI><a href="#[97]">&gt;&gt;</a>&nbsp;&nbsp;&nbsp;crm_sysclk_switch_status_get
<LI><a href="#[c5]">&gt;&gt;</a>&nbsp;&nbsp;&nbsp;crm_sysclk_switch
<LI><a href="#[bd]">&gt;&gt;</a>&nbsp;&nbsp;&nbsp;crm_reset
<LI><a href="#[c0]">&gt;&gt;</a>&nbsp;&nbsp;&nbsp;crm_pll_config
<LI><a href="#[bf]">&gt;&gt;</a>&nbsp;&nbsp;&nbsp;crm_flag_get
<LI><a href="#[be]">&gt;&gt;</a>&nbsp;&nbsp;&nbsp;crm_clock_source_enable
<LI><a href="#[c4]">&gt;&gt;</a>&nbsp;&nbsp;&nbsp;crm_auto_step_mode_enable
<LI><a href="#[c2]">&gt;&gt;</a>&nbsp;&nbsp;&nbsp;crm_apb2_div_set
<LI><a href="#[c3]">&gt;&gt;</a>&nbsp;&nbsp;&nbsp;crm_apb1_div_set
<LI><a href="#[c1]">&gt;&gt;</a>&nbsp;&nbsp;&nbsp;crm_ahb_div_set
</UL>
<BR>[Called By]<UL><LI><a href="#[57]">&gt;&gt;</a>&nbsp;&nbsp;&nbsp;main
</UL>

<P><STRONG><a name="[c6]"></a>system_core_clock_update</STRONG> (Thumb, 316 bytes, Stack size 56 bytes, system_at32wb415.o(i.system_core_clock_update))
<BR><BR>[Stack]<UL><LI>Max Depth = 104<LI>Call Chain = system_core_clock_update &rArr; __aeabi_uldivmod
</UL>
<BR>[Calls]<UL><LI><a href="#[97]">&gt;&gt;</a>&nbsp;&nbsp;&nbsp;crm_sysclk_switch_status_get
<LI><a href="#[98]">&gt;&gt;</a>&nbsp;&nbsp;&nbsp;__aeabi_uldivmod
</UL>
<BR>[Called By]<UL><LI><a href="#[a2]">&gt;&gt;</a>&nbsp;&nbsp;&nbsp;system_clock_config
</UL>

<P><STRONG><a name="[99]"></a>systick_clock_source_config</STRONG> (Thumb, 40 bytes, Stack size 0 bytes, at32wb415_misc.o(i.systick_clock_source_config))
<BR><BR>[Called By]<UL><LI><a href="#[89]">&gt;&gt;</a>&nbsp;&nbsp;&nbsp;delay_init
</UL>

<P><STRONG><a name="[72]"></a>tp_mode_rx_handler</STRONG> (Thumb, 154 bytes, Stack size 8 bytes, tp_mode.o(i.tp_mode_rx_handler))
<BR><BR>[Stack]<UL><LI>Max Depth = 20<LI>Call Chain = tp_mode_rx_handler &rArr; usart_interrupt_enable
</UL>
<BR>[Calls]<UL><LI><a href="#[c7]">&gt;&gt;</a>&nbsp;&nbsp;&nbsp;usart_interrupt_enable
<LI><a href="#[94]">&gt;&gt;</a>&nbsp;&nbsp;&nbsp;usart_data_transmit
<LI><a href="#[78]">&gt;&gt;</a>&nbsp;&nbsp;&nbsp;usart_flag_get
</UL>
<BR>[Called By]<UL><LI><a href="#[49]">&gt;&gt;</a>&nbsp;&nbsp;&nbsp;AT_Task
</UL>

<P><STRONG><a name="[73]"></a>tp_mode_tx_handler</STRONG> (Thumb, 154 bytes, Stack size 8 bytes, tp_mode.o(i.tp_mode_tx_handler))
<BR><BR>[Stack]<UL><LI>Max Depth = 20<LI>Call Chain = tp_mode_tx_handler &rArr; usart_interrupt_enable
</UL>
<BR>[Calls]<UL><LI><a href="#[c7]">&gt;&gt;</a>&nbsp;&nbsp;&nbsp;usart_interrupt_enable
<LI><a href="#[94]">&gt;&gt;</a>&nbsp;&nbsp;&nbsp;usart_data_transmit
<LI><a href="#[78]">&gt;&gt;</a>&nbsp;&nbsp;&nbsp;usart_flag_get
</UL>
<BR>[Called By]<UL><LI><a href="#[49]">&gt;&gt;</a>&nbsp;&nbsp;&nbsp;AT_Task
</UL>

<P><STRONG><a name="[a3]"></a>uart_print_init</STRONG> (Thumb, 90 bytes, Stack size 16 bytes, at32wb415_board.o(i.uart_print_init))
<BR><BR>[Stack]<UL><LI>Max Depth = 168<LI>Call Chain = uart_print_init &rArr; usart_init &rArr; crm_clocks_freq_get &rArr; __aeabi_uldivmod
</UL>
<BR>[Calls]<UL><LI><a href="#[c9]">&gt;&gt;</a>&nbsp;&nbsp;&nbsp;usart_transmitter_enable
<LI><a href="#[c8]">&gt;&gt;</a>&nbsp;&nbsp;&nbsp;usart_init
<LI><a href="#[ca]">&gt;&gt;</a>&nbsp;&nbsp;&nbsp;usart_enable
<LI><a href="#[8d]">&gt;&gt;</a>&nbsp;&nbsp;&nbsp;gpio_init
<LI><a href="#[8c]">&gt;&gt;</a>&nbsp;&nbsp;&nbsp;gpio_default_para_init
<LI><a href="#[7b]">&gt;&gt;</a>&nbsp;&nbsp;&nbsp;crm_periph_clock_enable
</UL>
<BR>[Called By]<UL><LI><a href="#[57]">&gt;&gt;</a>&nbsp;&nbsp;&nbsp;main
</UL>

<P><STRONG><a name="[a4]"></a>usart3_init</STRONG> (Thumb, 166 bytes, Stack size 16 bytes, bsp_usart.o(i.usart3_init))
<BR><BR>[Stack]<UL><LI>Max Depth = 168<LI>Call Chain = usart3_init &rArr; usart_init &rArr; crm_clocks_freq_get &rArr; __aeabi_uldivmod
</UL>
<BR>[Calls]<UL><LI><a href="#[cc]">&gt;&gt;</a>&nbsp;&nbsp;&nbsp;usart_receiver_enable
<LI><a href="#[cb]">&gt;&gt;</a>&nbsp;&nbsp;&nbsp;gpio_pin_remap_config
<LI><a href="#[c9]">&gt;&gt;</a>&nbsp;&nbsp;&nbsp;usart_transmitter_enable
<LI><a href="#[c8]">&gt;&gt;</a>&nbsp;&nbsp;&nbsp;usart_init
<LI><a href="#[ca]">&gt;&gt;</a>&nbsp;&nbsp;&nbsp;usart_enable
<LI><a href="#[8d]">&gt;&gt;</a>&nbsp;&nbsp;&nbsp;gpio_init
<LI><a href="#[7b]">&gt;&gt;</a>&nbsp;&nbsp;&nbsp;crm_periph_clock_enable
<LI><a href="#[c7]">&gt;&gt;</a>&nbsp;&nbsp;&nbsp;usart_interrupt_enable
<LI><a href="#[a1]">&gt;&gt;</a>&nbsp;&nbsp;&nbsp;nvic_irq_enable
</UL>
<BR>[Called By]<UL><LI><a href="#[57]">&gt;&gt;</a>&nbsp;&nbsp;&nbsp;main
</UL>

<P><STRONG><a name="[79]"></a>usart_data_receive</STRONG> (Thumb, 8 bytes, Stack size 0 bytes, at32wb415_usart.o(i.usart_data_receive))
<BR><BR>[Called By]<UL><LI><a href="#[33]">&gt;&gt;</a>&nbsp;&nbsp;&nbsp;USART3_IRQHandler
<LI><a href="#[32]">&gt;&gt;</a>&nbsp;&nbsp;&nbsp;USART2_IRQHandler
</UL>

<P><STRONG><a name="[94]"></a>usart_data_transmit</STRONG> (Thumb, 8 bytes, Stack size 0 bytes, at32wb415_usart.o(i.usart_data_transmit))
<BR><BR>[Called By]<UL><LI><a href="#[44]">&gt;&gt;</a>&nbsp;&nbsp;&nbsp;fputc
<LI><a href="#[73]">&gt;&gt;</a>&nbsp;&nbsp;&nbsp;tp_mode_tx_handler
<LI><a href="#[72]">&gt;&gt;</a>&nbsp;&nbsp;&nbsp;tp_mode_rx_handler
<LI><a href="#[6e]">&gt;&gt;</a>&nbsp;&nbsp;&nbsp;at_cmd_send
</UL>

<P><STRONG><a name="[ca]"></a>usart_enable</STRONG> (Thumb, 10 bytes, Stack size 0 bytes, at32wb415_usart.o(i.usart_enable))
<BR><BR>[Called By]<UL><LI><a href="#[a4]">&gt;&gt;</a>&nbsp;&nbsp;&nbsp;usart3_init
<LI><a href="#[a3]">&gt;&gt;</a>&nbsp;&nbsp;&nbsp;uart_print_init
</UL>

<P><STRONG><a name="[78]"></a>usart_flag_get</STRONG> (Thumb, 16 bytes, Stack size 0 bytes, at32wb415_usart.o(i.usart_flag_get))
<BR><BR>[Called By]<UL><LI><a href="#[44]">&gt;&gt;</a>&nbsp;&nbsp;&nbsp;fputc
<LI><a href="#[73]">&gt;&gt;</a>&nbsp;&nbsp;&nbsp;tp_mode_tx_handler
<LI><a href="#[72]">&gt;&gt;</a>&nbsp;&nbsp;&nbsp;tp_mode_rx_handler
<LI><a href="#[6e]">&gt;&gt;</a>&nbsp;&nbsp;&nbsp;at_cmd_send
<LI><a href="#[33]">&gt;&gt;</a>&nbsp;&nbsp;&nbsp;USART3_IRQHandler
<LI><a href="#[32]">&gt;&gt;</a>&nbsp;&nbsp;&nbsp;USART2_IRQHandler
</UL>

<P><STRONG><a name="[c8]"></a>usart_init</STRONG> (Thumb, 102 bytes, Stack size 48 bytes, at32wb415_usart.o(i.usart_init))
<BR><BR>[Stack]<UL><LI>Max Depth = 152<LI>Call Chain = usart_init &rArr; crm_clocks_freq_get &rArr; __aeabi_uldivmod
</UL>
<BR>[Calls]<UL><LI><a href="#[96]">&gt;&gt;</a>&nbsp;&nbsp;&nbsp;crm_clocks_freq_get
</UL>
<BR>[Called By]<UL><LI><a href="#[a4]">&gt;&gt;</a>&nbsp;&nbsp;&nbsp;usart3_init
<LI><a href="#[a3]">&gt;&gt;</a>&nbsp;&nbsp;&nbsp;uart_print_init
</UL>

<P><STRONG><a name="[c7]"></a>usart_interrupt_enable</STRONG> (Thumb, 54 bytes, Stack size 12 bytes, at32wb415_usart.o(i.usart_interrupt_enable))
<BR><BR>[Stack]<UL><LI>Max Depth = 12<LI>Call Chain = usart_interrupt_enable
</UL>
<BR>[Called By]<UL><LI><a href="#[73]">&gt;&gt;</a>&nbsp;&nbsp;&nbsp;tp_mode_tx_handler
<LI><a href="#[72]">&gt;&gt;</a>&nbsp;&nbsp;&nbsp;tp_mode_rx_handler
<LI><a href="#[a4]">&gt;&gt;</a>&nbsp;&nbsp;&nbsp;usart3_init
</UL>

<P><STRONG><a name="[cc]"></a>usart_receiver_enable</STRONG> (Thumb, 10 bytes, Stack size 0 bytes, at32wb415_usart.o(i.usart_receiver_enable))
<BR><BR>[Called By]<UL><LI><a href="#[a4]">&gt;&gt;</a>&nbsp;&nbsp;&nbsp;usart3_init
</UL>

<P><STRONG><a name="[c9]"></a>usart_transmitter_enable</STRONG> (Thumb, 10 bytes, Stack size 0 bytes, at32wb415_usart.o(i.usart_transmitter_enable))
<BR><BR>[Called By]<UL><LI><a href="#[a4]">&gt;&gt;</a>&nbsp;&nbsp;&nbsp;usart3_init
<LI><a href="#[a3]">&gt;&gt;</a>&nbsp;&nbsp;&nbsp;uart_print_init
</UL>

<P><STRONG><a name="[a8]"></a>uxListRemove</STRONG> (Thumb, 40 bytes, Stack size 0 bytes, list.o(i.uxListRemove))
<BR><BR>[Called By]<UL><LI><a href="#[ba]">&gt;&gt;</a>&nbsp;&nbsp;&nbsp;xTaskResumeAll
<LI><a href="#[bc]">&gt;&gt;</a>&nbsp;&nbsp;&nbsp;vTaskDelete
<LI><a href="#[77]">&gt;&gt;</a>&nbsp;&nbsp;&nbsp;xTaskIncrementTick
<LI><a href="#[af]">&gt;&gt;</a>&nbsp;&nbsp;&nbsp;prvCheckTasksWaitingTermination
<LI><a href="#[a7]">&gt;&gt;</a>&nbsp;&nbsp;&nbsp;prvAddCurrentTaskToDelayedList
</UL>

<P><STRONG><a name="[b5]"></a>vListInitialise</STRONG> (Thumb, 26 bytes, Stack size 0 bytes, list.o(i.vListInitialise))
<BR><BR>[Called By]<UL><LI><a href="#[ad]">&gt;&gt;</a>&nbsp;&nbsp;&nbsp;prvInitialiseTaskLists
</UL>

<P><STRONG><a name="[b3]"></a>vListInitialiseItem</STRONG> (Thumb, 6 bytes, Stack size 0 bytes, list.o(i.vListInitialiseItem))
<BR><BR>[Called By]<UL><LI><a href="#[b2]">&gt;&gt;</a>&nbsp;&nbsp;&nbsp;prvInitialiseNewTask
</UL>

<P><STRONG><a name="[aa]"></a>vListInsert</STRONG> (Thumb, 52 bytes, Stack size 8 bytes, list.o(i.vListInsert))
<BR><BR>[Stack]<UL><LI>Max Depth = 8<LI>Call Chain = vListInsert
</UL>
<BR>[Called By]<UL><LI><a href="#[a7]">&gt;&gt;</a>&nbsp;&nbsp;&nbsp;prvAddCurrentTaskToDelayedList
</UL>

<P><STRONG><a name="[a9]"></a>vListInsertEnd</STRONG> (Thumb, 24 bytes, Stack size 0 bytes, list.o(i.vListInsertEnd))
<BR><BR>[Called By]<UL><LI><a href="#[ba]">&gt;&gt;</a>&nbsp;&nbsp;&nbsp;xTaskResumeAll
<LI><a href="#[bc]">&gt;&gt;</a>&nbsp;&nbsp;&nbsp;vTaskDelete
<LI><a href="#[77]">&gt;&gt;</a>&nbsp;&nbsp;&nbsp;xTaskIncrementTick
<LI><a href="#[ab]">&gt;&gt;</a>&nbsp;&nbsp;&nbsp;prvAddNewTaskToReadyList
<LI><a href="#[a7]">&gt;&gt;</a>&nbsp;&nbsp;&nbsp;prvAddCurrentTaskToDelayedList
</UL>

<P><STRONG><a name="[ac]"></a>vPortEnterCritical</STRONG> (Thumb, 76 bytes, Stack size 0 bytes, port.o(i.vPortEnterCritical))
<BR><BR>[Called By]<UL><LI><a href="#[ba]">&gt;&gt;</a>&nbsp;&nbsp;&nbsp;xTaskResumeAll
<LI><a href="#[bc]">&gt;&gt;</a>&nbsp;&nbsp;&nbsp;vTaskDelete
<LI><a href="#[46]">&gt;&gt;</a>&nbsp;&nbsp;&nbsp;start_task
<LI><a href="#[af]">&gt;&gt;</a>&nbsp;&nbsp;&nbsp;prvCheckTasksWaitingTermination
<LI><a href="#[ab]">&gt;&gt;</a>&nbsp;&nbsp;&nbsp;prvAddNewTaskToReadyList
</UL>

<P><STRONG><a name="[ae]"></a>vPortExitCritical</STRONG> (Thumb, 56 bytes, Stack size 0 bytes, port.o(i.vPortExitCritical))
<BR><BR>[Called By]<UL><LI><a href="#[ba]">&gt;&gt;</a>&nbsp;&nbsp;&nbsp;xTaskResumeAll
<LI><a href="#[bc]">&gt;&gt;</a>&nbsp;&nbsp;&nbsp;vTaskDelete
<LI><a href="#[46]">&gt;&gt;</a>&nbsp;&nbsp;&nbsp;start_task
<LI><a href="#[af]">&gt;&gt;</a>&nbsp;&nbsp;&nbsp;prvCheckTasksWaitingTermination
<LI><a href="#[ab]">&gt;&gt;</a>&nbsp;&nbsp;&nbsp;prvAddNewTaskToReadyList
</UL>

<P><STRONG><a name="[b1]"></a>vPortFree</STRONG> (Thumb, 150 bytes, Stack size 16 bytes, heap_4.o(i.vPortFree))
<BR><BR>[Stack]<UL><LI>Max Depth = 56<LI>Call Chain = vPortFree &rArr; xTaskResumeAll &rArr; xTaskIncrementTick
</UL>
<BR>[Calls]<UL><LI><a href="#[ba]">&gt;&gt;</a>&nbsp;&nbsp;&nbsp;xTaskResumeAll
<LI><a href="#[b7]">&gt;&gt;</a>&nbsp;&nbsp;&nbsp;vTaskSuspendAll
<LI><a href="#[b9]">&gt;&gt;</a>&nbsp;&nbsp;&nbsp;prvInsertBlockIntoFreeList
</UL>
<BR>[Called By]<UL><LI><a href="#[bb]">&gt;&gt;</a>&nbsp;&nbsp;&nbsp;xTaskCreate
<LI><a href="#[b0]">&gt;&gt;</a>&nbsp;&nbsp;&nbsp;prvDeleteTCB
</UL>

<P><STRONG><a name="[cf]"></a>vPortSetupTimerInterrupt</STRONG> (Thumb, 36 bytes, Stack size 0 bytes, port.o(i.vPortSetupTimerInterrupt))
<BR><BR>[Called By]<UL><LI><a href="#[ce]">&gt;&gt;</a>&nbsp;&nbsp;&nbsp;xPortStartScheduler
</UL>

<P><STRONG><a name="[75]"></a>vTaskDelay</STRONG> (Thumb, 82 bytes, Stack size 16 bytes, tasks.o(i.vTaskDelay))
<BR><BR>[Stack]<UL><LI>Max Depth = 56<LI>Call Chain = vTaskDelay &rArr; xTaskResumeAll &rArr; xTaskIncrementTick
</UL>
<BR>[Calls]<UL><LI><a href="#[ba]">&gt;&gt;</a>&nbsp;&nbsp;&nbsp;xTaskResumeAll
<LI><a href="#[b7]">&gt;&gt;</a>&nbsp;&nbsp;&nbsp;vTaskSuspendAll
<LI><a href="#[a7]">&gt;&gt;</a>&nbsp;&nbsp;&nbsp;prvAddCurrentTaskToDelayedList
</UL>
<BR>[Called By]<UL><LI><a href="#[6d]">&gt;&gt;</a>&nbsp;&nbsp;&nbsp;at32_button_press
<LI><a href="#[48]">&gt;&gt;</a>&nbsp;&nbsp;&nbsp;Led3_Task
<LI><a href="#[47]">&gt;&gt;</a>&nbsp;&nbsp;&nbsp;Led2_Task
<LI><a href="#[49]">&gt;&gt;</a>&nbsp;&nbsp;&nbsp;AT_Task
</UL>

<P><STRONG><a name="[bc]"></a>vTaskDelete</STRONG> (Thumb, 210 bytes, Stack size 16 bytes, tasks.o(i.vTaskDelete))
<BR><BR>[Stack]<UL><LI>Max Depth = 80<LI>Call Chain = vTaskDelete &rArr; prvDeleteTCB &rArr; vPortFree &rArr; xTaskResumeAll &rArr; xTaskIncrementTick
</UL>
<BR>[Calls]<UL><LI><a href="#[a9]">&gt;&gt;</a>&nbsp;&nbsp;&nbsp;vListInsertEnd
<LI><a href="#[a8]">&gt;&gt;</a>&nbsp;&nbsp;&nbsp;uxListRemove
<LI><a href="#[ae]">&gt;&gt;</a>&nbsp;&nbsp;&nbsp;vPortExitCritical
<LI><a href="#[ac]">&gt;&gt;</a>&nbsp;&nbsp;&nbsp;vPortEnterCritical
<LI><a href="#[cd]">&gt;&gt;</a>&nbsp;&nbsp;&nbsp;prvResetNextTaskUnblockTime
<LI><a href="#[b0]">&gt;&gt;</a>&nbsp;&nbsp;&nbsp;prvDeleteTCB
</UL>
<BR>[Called By]<UL><LI><a href="#[46]">&gt;&gt;</a>&nbsp;&nbsp;&nbsp;start_task
</UL>

<P><STRONG><a name="[a6]"></a>vTaskStartScheduler</STRONG> (Thumb, 112 bytes, Stack size 16 bytes, tasks.o(i.vTaskStartScheduler))
<BR><BR>[Stack]<UL><LI>Max Depth = 152<LI>Call Chain = vTaskStartScheduler &rArr; xTaskCreate &rArr; pvPortMalloc &rArr; xTaskResumeAll &rArr; xTaskIncrementTick
</UL>
<BR>[Calls]<UL><LI><a href="#[bb]">&gt;&gt;</a>&nbsp;&nbsp;&nbsp;xTaskCreate
<LI><a href="#[ce]">&gt;&gt;</a>&nbsp;&nbsp;&nbsp;xPortStartScheduler
</UL>
<BR>[Called By]<UL><LI><a href="#[57]">&gt;&gt;</a>&nbsp;&nbsp;&nbsp;main
</UL>

<P><STRONG><a name="[b7]"></a>vTaskSuspendAll</STRONG> (Thumb, 12 bytes, Stack size 0 bytes, tasks.o(i.vTaskSuspendAll))
<BR><BR>[Called By]<UL><LI><a href="#[75]">&gt;&gt;</a>&nbsp;&nbsp;&nbsp;vTaskDelay
<LI><a href="#[b1]">&gt;&gt;</a>&nbsp;&nbsp;&nbsp;vPortFree
<LI><a href="#[b6]">&gt;&gt;</a>&nbsp;&nbsp;&nbsp;pvPortMalloc
</UL>

<P><STRONG><a name="[5d]"></a>vTaskSwitchContext</STRONG> (Thumb, 118 bytes, Stack size 0 bytes, tasks.o(i.vTaskSwitchContext))
<BR><BR>[Called By]<UL><LI><a href="#[d]">&gt;&gt;</a>&nbsp;&nbsp;&nbsp;PendSV_Handler
</UL>

<P><STRONG><a name="[ce]"></a>xPortStartScheduler</STRONG> (Thumb, 228 bytes, Stack size 16 bytes, port.o(i.xPortStartScheduler))
<BR><BR>[Stack]<UL><LI>Max Depth = 16<LI>Call Chain = xPortStartScheduler
</UL>
<BR>[Calls]<UL><LI><a href="#[cf]">&gt;&gt;</a>&nbsp;&nbsp;&nbsp;vPortSetupTimerInterrupt
<LI><a href="#[d0]">&gt;&gt;</a>&nbsp;&nbsp;&nbsp;__asm___6_port_c_39a90d8d__prvStartFirstTask
</UL>
<BR>[Called By]<UL><LI><a href="#[a6]">&gt;&gt;</a>&nbsp;&nbsp;&nbsp;vTaskStartScheduler
</UL>

<P><STRONG><a name="[bb]"></a>xTaskCreate</STRONG> (Thumb, 96 bytes, Stack size 72 bytes, tasks.o(i.xTaskCreate))
<BR><BR>[Stack]<UL><LI>Max Depth = 136<LI>Call Chain = xTaskCreate &rArr; pvPortMalloc &rArr; xTaskResumeAll &rArr; xTaskIncrementTick
</UL>
<BR>[Calls]<UL><LI><a href="#[b1]">&gt;&gt;</a>&nbsp;&nbsp;&nbsp;vPortFree
<LI><a href="#[b6]">&gt;&gt;</a>&nbsp;&nbsp;&nbsp;pvPortMalloc
<LI><a href="#[b2]">&gt;&gt;</a>&nbsp;&nbsp;&nbsp;prvInitialiseNewTask
<LI><a href="#[ab]">&gt;&gt;</a>&nbsp;&nbsp;&nbsp;prvAddNewTaskToReadyList
</UL>
<BR>[Called By]<UL><LI><a href="#[a6]">&gt;&gt;</a>&nbsp;&nbsp;&nbsp;vTaskStartScheduler
<LI><a href="#[a5]">&gt;&gt;</a>&nbsp;&nbsp;&nbsp;startTask
<LI><a href="#[46]">&gt;&gt;</a>&nbsp;&nbsp;&nbsp;start_task
</UL>

<P><STRONG><a name="[77]"></a>xTaskIncrementTick</STRONG> (Thumb, 282 bytes, Stack size 24 bytes, tasks.o(i.xTaskIncrementTick))
<BR><BR>[Stack]<UL><LI>Max Depth = 24<LI>Call Chain = xTaskIncrementTick
</UL>
<BR>[Calls]<UL><LI><a href="#[a9]">&gt;&gt;</a>&nbsp;&nbsp;&nbsp;vListInsertEnd
<LI><a href="#[a8]">&gt;&gt;</a>&nbsp;&nbsp;&nbsp;uxListRemove
<LI><a href="#[cd]">&gt;&gt;</a>&nbsp;&nbsp;&nbsp;prvResetNextTaskUnblockTime
</UL>
<BR>[Called By]<UL><LI><a href="#[ba]">&gt;&gt;</a>&nbsp;&nbsp;&nbsp;xTaskResumeAll
<LI><a href="#[e]">&gt;&gt;</a>&nbsp;&nbsp;&nbsp;SysTick_Handler
</UL>

<P><STRONG><a name="[ba]"></a>xTaskResumeAll</STRONG> (Thumb, 224 bytes, Stack size 16 bytes, tasks.o(i.xTaskResumeAll))
<BR><BR>[Stack]<UL><LI>Max Depth = 40<LI>Call Chain = xTaskResumeAll &rArr; xTaskIncrementTick
</UL>
<BR>[Calls]<UL><LI><a href="#[a9]">&gt;&gt;</a>&nbsp;&nbsp;&nbsp;vListInsertEnd
<LI><a href="#[a8]">&gt;&gt;</a>&nbsp;&nbsp;&nbsp;uxListRemove
<LI><a href="#[ae]">&gt;&gt;</a>&nbsp;&nbsp;&nbsp;vPortExitCritical
<LI><a href="#[ac]">&gt;&gt;</a>&nbsp;&nbsp;&nbsp;vPortEnterCritical
<LI><a href="#[77]">&gt;&gt;</a>&nbsp;&nbsp;&nbsp;xTaskIncrementTick
<LI><a href="#[cd]">&gt;&gt;</a>&nbsp;&nbsp;&nbsp;prvResetNextTaskUnblockTime
</UL>
<BR>[Called By]<UL><LI><a href="#[75]">&gt;&gt;</a>&nbsp;&nbsp;&nbsp;vTaskDelay
<LI><a href="#[b1]">&gt;&gt;</a>&nbsp;&nbsp;&nbsp;vPortFree
<LI><a href="#[b6]">&gt;&gt;</a>&nbsp;&nbsp;&nbsp;pvPortMalloc
</UL>
<P>
<H3>
Local Symbols
</H3>
<P><STRONG><a name="[a7]"></a>prvAddCurrentTaskToDelayedList</STRONG> (Thumb, 124 bytes, Stack size 24 bytes, tasks.o(i.prvAddCurrentTaskToDelayedList))
<BR><BR>[Stack]<UL><LI>Max Depth = 32<LI>Call Chain = prvAddCurrentTaskToDelayedList &rArr; vListInsert
</UL>
<BR>[Calls]<UL><LI><a href="#[a9]">&gt;&gt;</a>&nbsp;&nbsp;&nbsp;vListInsertEnd
<LI><a href="#[aa]">&gt;&gt;</a>&nbsp;&nbsp;&nbsp;vListInsert
<LI><a href="#[a8]">&gt;&gt;</a>&nbsp;&nbsp;&nbsp;uxListRemove
</UL>
<BR>[Called By]<UL><LI><a href="#[75]">&gt;&gt;</a>&nbsp;&nbsp;&nbsp;vTaskDelay
</UL>

<P><STRONG><a name="[ab]"></a>prvAddNewTaskToReadyList</STRONG> (Thumb, 150 bytes, Stack size 8 bytes, tasks.o(i.prvAddNewTaskToReadyList))
<BR><BR>[Stack]<UL><LI>Max Depth = 16<LI>Call Chain = prvAddNewTaskToReadyList &rArr; prvInitialiseTaskLists
</UL>
<BR>[Calls]<UL><LI><a href="#[a9]">&gt;&gt;</a>&nbsp;&nbsp;&nbsp;vListInsertEnd
<LI><a href="#[ae]">&gt;&gt;</a>&nbsp;&nbsp;&nbsp;vPortExitCritical
<LI><a href="#[ac]">&gt;&gt;</a>&nbsp;&nbsp;&nbsp;vPortEnterCritical
<LI><a href="#[ad]">&gt;&gt;</a>&nbsp;&nbsp;&nbsp;prvInitialiseTaskLists
</UL>
<BR>[Called By]<UL><LI><a href="#[bb]">&gt;&gt;</a>&nbsp;&nbsp;&nbsp;xTaskCreate
</UL>

<P><STRONG><a name="[af]"></a>prvCheckTasksWaitingTermination</STRONG> (Thumb, 60 bytes, Stack size 8 bytes, tasks.o(i.prvCheckTasksWaitingTermination))
<BR><BR>[Stack]<UL><LI>Max Depth = 72<LI>Call Chain = prvCheckTasksWaitingTermination &rArr; prvDeleteTCB &rArr; vPortFree &rArr; xTaskResumeAll &rArr; xTaskIncrementTick
</UL>
<BR>[Calls]<UL><LI><a href="#[a8]">&gt;&gt;</a>&nbsp;&nbsp;&nbsp;uxListRemove
<LI><a href="#[ae]">&gt;&gt;</a>&nbsp;&nbsp;&nbsp;vPortExitCritical
<LI><a href="#[ac]">&gt;&gt;</a>&nbsp;&nbsp;&nbsp;vPortEnterCritical
<LI><a href="#[b0]">&gt;&gt;</a>&nbsp;&nbsp;&nbsp;prvDeleteTCB
</UL>
<BR>[Called By]<UL><LI><a href="#[4a]">&gt;&gt;</a>&nbsp;&nbsp;&nbsp;prvIdleTask
</UL>

<P><STRONG><a name="[b0]"></a>prvDeleteTCB</STRONG> (Thumb, 18 bytes, Stack size 8 bytes, tasks.o(i.prvDeleteTCB))
<BR><BR>[Stack]<UL><LI>Max Depth = 64<LI>Call Chain = prvDeleteTCB &rArr; vPortFree &rArr; xTaskResumeAll &rArr; xTaskIncrementTick
</UL>
<BR>[Calls]<UL><LI><a href="#[b1]">&gt;&gt;</a>&nbsp;&nbsp;&nbsp;vPortFree
</UL>
<BR>[Called By]<UL><LI><a href="#[bc]">&gt;&gt;</a>&nbsp;&nbsp;&nbsp;vTaskDelete
<LI><a href="#[af]">&gt;&gt;</a>&nbsp;&nbsp;&nbsp;prvCheckTasksWaitingTermination
</UL>

<P><STRONG><a name="[4a]"></a>prvIdleTask</STRONG> (Thumb, 32 bytes, Stack size 0 bytes, tasks.o(i.prvIdleTask))
<BR><BR>[Stack]<UL><LI>Max Depth = 72<LI>Call Chain = prvIdleTask &rArr; prvCheckTasksWaitingTermination &rArr; prvDeleteTCB &rArr; vPortFree &rArr; xTaskResumeAll &rArr; xTaskIncrementTick
</UL>
<BR>[Calls]<UL><LI><a href="#[af]">&gt;&gt;</a>&nbsp;&nbsp;&nbsp;prvCheckTasksWaitingTermination
</UL>
<BR>[Address Reference Count : 1]<UL><LI> tasks.o(i.vTaskStartScheduler)
</UL>
<P><STRONG><a name="[b2]"></a>prvInitialiseNewTask</STRONG> (Thumb, 174 bytes, Stack size 56 bytes, tasks.o(i.prvInitialiseNewTask))
<BR><BR>[Stack]<UL><LI>Max Depth = 56<LI>Call Chain = prvInitialiseNewTask
</UL>
<BR>[Calls]<UL><LI><a href="#[b3]">&gt;&gt;</a>&nbsp;&nbsp;&nbsp;vListInitialiseItem
<LI><a href="#[b4]">&gt;&gt;</a>&nbsp;&nbsp;&nbsp;pxPortInitialiseStack
</UL>
<BR>[Called By]<UL><LI><a href="#[bb]">&gt;&gt;</a>&nbsp;&nbsp;&nbsp;xTaskCreate
</UL>

<P><STRONG><a name="[ad]"></a>prvInitialiseTaskLists</STRONG> (Thumb, 70 bytes, Stack size 8 bytes, tasks.o(i.prvInitialiseTaskLists))
<BR><BR>[Stack]<UL><LI>Max Depth = 8<LI>Call Chain = prvInitialiseTaskLists
</UL>
<BR>[Calls]<UL><LI><a href="#[b5]">&gt;&gt;</a>&nbsp;&nbsp;&nbsp;vListInitialise
</UL>
<BR>[Called By]<UL><LI><a href="#[ab]">&gt;&gt;</a>&nbsp;&nbsp;&nbsp;prvAddNewTaskToReadyList
</UL>

<P><STRONG><a name="[cd]"></a>prvResetNextTaskUnblockTime</STRONG> (Thumb, 40 bytes, Stack size 0 bytes, tasks.o(i.prvResetNextTaskUnblockTime))
<BR><BR>[Called By]<UL><LI><a href="#[ba]">&gt;&gt;</a>&nbsp;&nbsp;&nbsp;xTaskResumeAll
<LI><a href="#[bc]">&gt;&gt;</a>&nbsp;&nbsp;&nbsp;vTaskDelete
<LI><a href="#[77]">&gt;&gt;</a>&nbsp;&nbsp;&nbsp;xTaskIncrementTick
</UL>

<P><STRONG><a name="[b8]"></a>prvHeapInit</STRONG> (Thumb, 98 bytes, Stack size 12 bytes, heap_4.o(i.prvHeapInit))
<BR><BR>[Stack]<UL><LI>Max Depth = 12<LI>Call Chain = prvHeapInit
</UL>
<BR>[Called By]<UL><LI><a href="#[b6]">&gt;&gt;</a>&nbsp;&nbsp;&nbsp;pvPortMalloc
</UL>

<P><STRONG><a name="[b9]"></a>prvInsertBlockIntoFreeList</STRONG> (Thumb, 96 bytes, Stack size 8 bytes, heap_4.o(i.prvInsertBlockIntoFreeList))
<BR><BR>[Stack]<UL><LI>Max Depth = 8<LI>Call Chain = prvInsertBlockIntoFreeList
</UL>
<BR>[Called By]<UL><LI><a href="#[b1]">&gt;&gt;</a>&nbsp;&nbsp;&nbsp;vPortFree
<LI><a href="#[b6]">&gt;&gt;</a>&nbsp;&nbsp;&nbsp;pvPortMalloc
</UL>

<P><STRONG><a name="[45]"></a>prvTaskExitError</STRONG> (Thumb, 60 bytes, Stack size 0 bytes, port.o(i.prvTaskExitError))
<BR>[Address Reference Count : 1]<UL><LI> port.o(i.pxPortInitialiseStack)
</UL>
<P><STRONG><a name="[43]"></a>_printf_input_char</STRONG> (Thumb, 10 bytes, Stack size 0 bytes, _printf_char_common.o(.text))
<BR>[Address Reference Count : 1]<UL><LI> _printf_char_common.o(.text)
</UL><P>
<H3>
Undefined Global Symbols
</H3><HR></body></html>
